Archive member included to satisfy reference by file (symbol)

/Applications/STM32CubeIDE.app/Contents/Eclipse/plugins/com.st.stm32cube.ide.mcu.externaltools.gnu-tools-for-stm32.11.3.rel1.macos64_1.1.100.202310310803/tools/bin/../lib/gcc/arm-none-eabi/11.3.1/../../../../arm-none-eabi/lib/thumb/v6-m/nofp/libc_nano.a(libc_a-exit.o)
                              /Applications/STM32CubeIDE.app/Contents/Eclipse/plugins/com.st.stm32cube.ide.mcu.externaltools.gnu-tools-for-stm32.11.3.rel1.macos64_1.1.100.202310310803/tools/bin/../lib/gcc/arm-none-eabi/11.3.1/../../../../arm-none-eabi/lib/thumb/v6-m/nofp/crt0.o (exit)
/Applications/STM32CubeIDE.app/Contents/Eclipse/plugins/com.st.stm32cube.ide.mcu.externaltools.gnu-tools-for-stm32.11.3.rel1.macos64_1.1.100.202310310803/tools/bin/../lib/gcc/arm-none-eabi/11.3.1/../../../../arm-none-eabi/lib/thumb/v6-m/nofp/libc_nano.a(libc_a-findfp.o)
                              ./Middlewares/Third_Party/FreeRTOS/Source/tasks.o (__sf)
/Applications/STM32CubeIDE.app/Contents/Eclipse/plugins/com.st.stm32cube.ide.mcu.externaltools.gnu-tools-for-stm32.11.3.rel1.macos64_1.1.100.202310310803/tools/bin/../lib/gcc/arm-none-eabi/11.3.1/../../../../arm-none-eabi/lib/thumb/v6-m/nofp/libc_nano.a(libc_a-fwalk.o)
                              /Applications/STM32CubeIDE.app/Contents/Eclipse/plugins/com.st.stm32cube.ide.mcu.externaltools.gnu-tools-for-stm32.11.3.rel1.macos64_1.1.100.202310310803/tools/bin/../lib/gcc/arm-none-eabi/11.3.1/../../../../arm-none-eabi/lib/thumb/v6-m/nofp/libc_nano.a(libc_a-findfp.o) (_fwalk_sglue)
/Applications/STM32CubeIDE.app/Contents/Eclipse/plugins/com.st.stm32cube.ide.mcu.externaltools.gnu-tools-for-stm32.11.3.rel1.macos64_1.1.100.202310310803/tools/bin/../lib/gcc/arm-none-eabi/11.3.1/../../../../arm-none-eabi/lib/thumb/v6-m/nofp/libc_nano.a(libc_a-memset.o)
                              /Applications/STM32CubeIDE.app/Contents/Eclipse/plugins/com.st.stm32cube.ide.mcu.externaltools.gnu-tools-for-stm32.11.3.rel1.macos64_1.1.100.202310310803/tools/bin/../lib/gcc/arm-none-eabi/11.3.1/../../../../arm-none-eabi/lib/thumb/v6-m/nofp/crt0.o (memset)
/Applications/STM32CubeIDE.app/Contents/Eclipse/plugins/com.st.stm32cube.ide.mcu.externaltools.gnu-tools-for-stm32.11.3.rel1.macos64_1.1.100.202310310803/tools/bin/../lib/gcc/arm-none-eabi/11.3.1/../../../../arm-none-eabi/lib/thumb/v6-m/nofp/libc_nano.a(libc_a-reent.o)
                              ./Middlewares/Third_Party/FreeRTOS/Source/tasks.o (_reclaim_reent)
/Applications/STM32CubeIDE.app/Contents/Eclipse/plugins/com.st.stm32cube.ide.mcu.externaltools.gnu-tools-for-stm32.11.3.rel1.macos64_1.1.100.202310310803/tools/bin/../lib/gcc/arm-none-eabi/11.3.1/../../../../arm-none-eabi/lib/thumb/v6-m/nofp/libc_nano.a(libc_a-impure.o)
                              ./Middlewares/Third_Party/FreeRTOS/Source/tasks.o (_impure_ptr)
/Applications/STM32CubeIDE.app/Contents/Eclipse/plugins/com.st.stm32cube.ide.mcu.externaltools.gnu-tools-for-stm32.11.3.rel1.macos64_1.1.100.202310310803/tools/bin/../lib/gcc/arm-none-eabi/11.3.1/../../../../arm-none-eabi/lib/thumb/v6-m/nofp/libc_nano.a(libc_a-errno.o)
                              ./Core/Src/syscalls.o (__errno)
/Applications/STM32CubeIDE.app/Contents/Eclipse/plugins/com.st.stm32cube.ide.mcu.externaltools.gnu-tools-for-stm32.11.3.rel1.macos64_1.1.100.202310310803/tools/bin/../lib/gcc/arm-none-eabi/11.3.1/../../../../arm-none-eabi/lib/thumb/v6-m/nofp/libc_nano.a(libc_a-init.o)
                              /Applications/STM32CubeIDE.app/Contents/Eclipse/plugins/com.st.stm32cube.ide.mcu.externaltools.gnu-tools-for-stm32.11.3.rel1.macos64_1.1.100.202310310803/tools/bin/../lib/gcc/arm-none-eabi/11.3.1/../../../../arm-none-eabi/lib/thumb/v6-m/nofp/crt0.o (__libc_init_array)
/Applications/STM32CubeIDE.app/Contents/Eclipse/plugins/com.st.stm32cube.ide.mcu.externaltools.gnu-tools-for-stm32.11.3.rel1.macos64_1.1.100.202310310803/tools/bin/../lib/gcc/arm-none-eabi/11.3.1/../../../../arm-none-eabi/lib/thumb/v6-m/nofp/libc_nano.a(libc_a-lock.o)
                              /Applications/STM32CubeIDE.app/Contents/Eclipse/plugins/com.st.stm32cube.ide.mcu.externaltools.gnu-tools-for-stm32.11.3.rel1.macos64_1.1.100.202310310803/tools/bin/../lib/gcc/arm-none-eabi/11.3.1/../../../../arm-none-eabi/lib/thumb/v6-m/nofp/libc_nano.a(libc_a-findfp.o) (__retarget_lock_init_recursive)
/Applications/STM32CubeIDE.app/Contents/Eclipse/plugins/com.st.stm32cube.ide.mcu.externaltools.gnu-tools-for-stm32.11.3.rel1.macos64_1.1.100.202310310803/tools/bin/../lib/gcc/arm-none-eabi/11.3.1/../../../../arm-none-eabi/lib/thumb/v6-m/nofp/libc_nano.a(libc_a-memcpy-stub.o)
                              ./Core/Src/freertos.o (memcpy)
/Applications/STM32CubeIDE.app/Contents/Eclipse/plugins/com.st.stm32cube.ide.mcu.externaltools.gnu-tools-for-stm32.11.3.rel1.macos64_1.1.100.202310310803/tools/bin/../lib/gcc/arm-none-eabi/11.3.1/../../../../arm-none-eabi/lib/thumb/v6-m/nofp/libc_nano.a(libc_a-strlen.o)
[...]
Memory Configuration

Name             Origin             Length             Attributes
RAM              0x0000000020000000 0x0000000000004000 xrw
FLASH            0x0000000008000000 0x000000000000f000 xr
*default*        0x0000000000000000 0xffffffffffffffff

Linker script and memory map

LOAD /Applications/STM32CubeIDE.app/Contents/Eclipse/plugins/com.st.stm32cube.ide.mcu.externaltools.gnu-tools-for-stm32.11.3.rel1.macos64_1.1.100.202310310803/tools/bin/../lib/gcc/arm-none-eabi/11.3.1/thumb/v6-m/nofp/crti.o
LOAD /Applications/STM32CubeIDE.app/Contents/Eclipse/plugins/com.st.stm32cube.ide.mcu.externaltools.gnu-tools-for-stm32.11.3.rel1.macos64_1.1.100.202310310803/tools/bin/../lib/gcc/arm-none-eabi/11.3.1/thumb/v6-m/nofp/crtbegin.o
LOAD /Applications/STM32CubeIDE.app/Contents/Eclipse/plugins/com.st.stm32cube.ide.mcu.externaltools.gnu-tools-for-stm32.11.3.rel1.macos64_1.1.100.202310310803/tools/bin/../lib/gcc/arm-none-eabi/11.3.1/../../../../arm-none-eabi/lib/thumb/v6-m/nofp/crt0.o
LOAD ./Core/Src/FlASH_PAGE_F1.o
LOAD ./Core/Src/InterruptHandlers.o
LOAD ./Core/Src/can.o
LOAD ./Core/Src/freertos.o
LOAD ./Core/Src/gpio.o
LOAD ./Core/Src/iwdg.o
LOAD ./Core/Src/main.o
LOAD ./Core/Src/spi.o
LOAD ./Core/Src/stm32f0xx_hal_msp.o
LOAD ./Core/Src/stm32f0xx_it.o
LOAD ./Core/Src/syscalls.o
LOAD ./Core/Src/sysmem.o
LOAD ./Core/Src/system_stm32f0xx.o
LOAD ./Core/Src/usart.o
LOAD ./Core/Src/usb.o
LOAD ./Core/Startup/startup_stm32f072c8tx.o
LOAD ./Drivers/STM32F0xx_HAL_Driver/Src/stm32f0xx_hal.o
LOAD ./Drivers/STM32F0xx_HAL_Driver/Src/stm32f0xx_hal_can.o
LOAD ./Drivers/STM32F0xx_HAL_Driver/Src/stm32f0xx_hal_cortex.o
LOAD ./Drivers/STM32F0xx_HAL_Driver/Src/stm32f0xx_hal_dma.o
LOAD ./Drivers/STM32F0xx_HAL_Driver/Src/stm32f0xx_hal_exti.o
LOAD ./Drivers/STM32F0xx_HAL_Driver/Src/stm32f0xx_hal_flash.o
LOAD ./Drivers/STM32F0xx_HAL_Driver/Src/stm32f0xx_hal_flash_ex.o
LOAD ./Drivers/STM32F0xx_HAL_Driver/Src/stm32f0xx_hal_gpio.o
LOAD ./Drivers/STM32F0xx_HAL_Driver/Src/stm32f0xx_hal_i2c.o
LOAD ./Drivers/STM32F0xx_HAL_Driver/Src/stm32f0xx_hal_i2c_ex.o
LOAD ./Drivers/STM32F0xx_HAL_Driver/Src/stm32f0xx_hal_iwdg.o
LOAD ./Drivers/STM32F0xx_HAL_Driver/Src/stm32f0xx_hal_pcd.o
LOAD ./Drivers/STM32F0xx_HAL_Driver/Src/stm32f0xx_hal_pcd_ex.o
LOAD ./Drivers/STM32F0xx_HAL_Driver/Src/stm32f0xx_hal_pwr.o
LOAD ./Drivers/STM32F0xx_HAL_Driver/Src/stm32f0xx_hal_pwr_ex.o
LOAD ./Drivers/STM32F0xx_HAL_Driver/Src/stm32f0xx_hal_rcc.o
LOAD ./Drivers/STM32F0xx_HAL_Driver/Src/stm32f0xx_hal_rcc_ex.o
LOAD ./Drivers/STM32F0xx_HAL_Driver/Src/stm32f0xx_hal_spi.o
LOAD ./Drivers/STM32F0xx_HAL_Driver/Src/stm32f0xx_hal_spi_ex.o
LOAD ./Drivers/STM32F0xx_HAL_Driver/Src/stm32f0xx_hal_tim.o
LOAD ./Drivers/STM32F0xx_HAL_Driver/Src/stm32f0xx_hal_tim_ex.o
LOAD ./Drivers/STM32F0xx_HAL_Driver/Src/stm32f0xx_hal_uart.o
LOAD ./Drivers/STM32F0xx_HAL_Driver/Src/stm32f0xx_hal_uart_ex.o
LOAD ./Drivers/STM32F0xx_HAL_Driver/Src/stm32f0xx_ll_usb.o
LOAD ./Middlewares/MODBUS-LIB/Src/Modbus.o
LOAD ./Middlewares/MODBUS-LIB/Src/UARTCallback.o
LOAD ./Middlewares/Third_Party/FreeRTOS/Source/CMSIS_RTOS_V2/cmsis_os2.o
LOAD ./Middlewares/Third_Party/FreeRTOS/Source/croutine.o
LOAD ./Middlewares/Third_Party/FreeRTOS/Source/event_groups.o
LOAD ./Middlewares/Third_Party/FreeRTOS/Source/list.o
LOAD ./Middlewares/Third_Party/FreeRTOS/Source/queue.o
LOAD ./Middlewares/Third_Party/FreeRTOS/Source/stream_buffer.o
LOAD ./Middlewares/Third_Party/FreeRTOS/Source/tasks.o
LOAD ./Middlewares/Third_Party/FreeRTOS/Source/timers.o
LOAD ./Middlewares/Third_Party/FreeRTOS/Source/portable/GCC/ARM_CM0/port.o
LOAD ./Middlewares/Third_Party/FreeRTOS/Source/portable/MemMang/heap_4.o
LOAD ./Middlewares/Third_Party/MCP3462/Src/MCP3462.o
START GROUP
LOAD /Applications/STM32CubeIDE.app/Contents/Eclipse/plugins/com.st.stm32cube.ide.mcu.externaltools.gnu-tools-for-stm32.11.3.rel1.macos64_1.1.100.202310310803/tools/bin/../lib/gcc/arm-none-eabi/11.3.1/../../../../arm-none-eabi/lib/thumb/v6-m/nofp/libc_nano.a
LOAD /Applications/STM32CubeIDE.app/Contents/Eclipse/plugins/com.st.stm32cube.ide.mcu.externaltools.gnu-tools-for-stm32.11.3.rel1.macos64_1.1.100.202310310803/tools/bin/../lib/gcc/arm-none-eabi/11.3.1/../../../../arm-none-eabi/lib/thumb/v6-m/nofp/libm.a
END GROUP
START GROUP
LOAD /Applications/STM32CubeIDE.app/Contents/Eclipse/plugins/com.st.stm32cube.ide.mcu.externaltools.gnu-tools-for-stm32.11.3.rel1.macos64_1.1.100.202310310803/tools/bin/../lib/gcc/arm-none-eabi/11.3.1/thumb/v6-m/nofp/libgcc.a
LOAD /Applications/STM32CubeIDE.app/Contents/Eclipse/plugins/com.st.stm32cube.ide.mcu.externaltools.gnu-tools-for-stm32.11.3.rel1.macos64_1.1.100.202310310803/tools/bin/../lib/gcc/arm-none-eabi/11.3.1/../../../../arm-none-eabi/lib/thumb/v6-m/nofp/libc_nano.a
END GROUP
START GROUP
LOAD /Applications/STM32CubeIDE.app/Contents/Eclipse/plugins/com.st.stm32cube.ide.mcu.externaltools.gnu-tools-for-stm32.11.3.rel1.macos64_1.1.100.202310310803/tools/bin/../lib/gcc/arm-none-eabi/11.3.1/thumb/v6-m/nofp/libgcc.a
LOAD /Applications/STM32CubeIDE.app/Contents/Eclipse/plugins/com.st.stm32cube.ide.mcu.externaltools.gnu-tools-for-stm32.11.3.rel1.macos64_1.1.100.202310310803/tools/bin/../lib/gcc/arm-none-eabi/11.3.1/../../../../arm-none-eabi/lib/thumb/v6-m/nofp/libc_nano.a
LOAD /Applications/STM32CubeIDE.app/Contents/Eclipse/plugins/com.st.stm32cube.ide.mcu.externaltools.gnu-tools-for-stm32.11.3.rel1.macos64_1.1.100.202310310803/tools/bin/../lib/gcc/arm-none-eabi/11.3.1/../../../../arm-none-eabi/lib/thumb/v6-m/nofp/libnosys.a
END GROUP
START GROUP
LOAD /Applications/STM32CubeIDE.app/Contents/Eclipse/plugins/com.st.stm32cube.ide.mcu.externaltools.gnu-tools-for-stm32.11.3.rel1.macos64_1.1.100.202310310803/tools/bin/../lib/gcc/arm-none-eabi/11.3.1/thumb/v6-m/nofp/libgcc.a
LOAD /Applications/STM32CubeIDE.app/Contents/Eclipse/plugins/com.st.stm32cube.ide.mcu.externaltools.gnu-tools-for-stm32.11.3.rel1.macos64_1.1.100.202310310803/tools/bin/../lib/gcc/arm-none-eabi/11.3.1/../../../../arm-none-eabi/lib/thumb/v6-m/nofp/libc_nano.a
LOAD /Applications/STM32CubeIDE.app/Contents/Eclipse/plugins/com.st.stm32cube.ide.mcu.externaltools.gnu-tools-for-stm32.11.3.rel1.macos64_1.1.100.202310310803/tools/bin/../lib/gcc/arm-none-eabi/11.3.1/../../../../arm-none-eabi/lib/thumb/v6-m/nofp/libnosys.a
END GROUP
LOAD /Applications/STM32CubeIDE.app/Contents/Eclipse/plugins/com.st.stm32cube.ide.mcu.externaltools.gnu-tools-for-stm32.11.3.rel1.macos64_1.1.100.202310310803/tools/bin/../lib/gcc/arm-none-eabi/11.3.1/thumb/v6-m/nofp/crtend.o
LOAD /Applications/STM32CubeIDE.app/Contents/Eclipse/plugins/com.st.stm32cube.ide.mcu.externaltools.gnu-tools-for-stm32.11.3.rel1.macos64_1.1.100.202310310803/tools/bin/../lib/gcc/arm-none-eabi/11.3.1/thumb/v6-m/nofp/crtn.o
                0x0000000020004000                _estack = (ORIGIN (RAM) + LENGTH (RAM))
                0x0000000000000200                _Min_Heap_Size = 0x200
                0x0000000000000400                _Min_Stack_Size = 0x400

.isr_vector     0x0000000008000000       0xc0
                0x0000000008000000                . = ALIGN (0x4)
 *(.isr_vector)
 .isr_vector    0x0000000008000000       0xc0 ./Core/Startup/startup_stm32f072c8tx.o
                0x0000000008000000                g_pfnVectors
                0x00000000080000c0                . = ALIGN (0x4)

.text           0x00000000080000c0     0xd6dc
                0x00000000080000c0                . = ALIGN (0x4)
 *(.text)
 .text          0x00000000080000c0       0x48 /Applications/STM32CubeIDE.app/Contents/Eclipse/plugins/com.st.stm32cube.ide.mcu.externaltools.gnu-tools-for-stm32.11.3.rel1.macos64_1.1.100.202310310803/tools/bin/../lib/gcc/arm-none-eabi/11.3.1/thumb/v6-m/nofp/crtbegin.o
 .text          0x0000000008000108      0x114 /Applications/STM32CubeIDE.app/Contents/Eclipse/plugins/com.st.stm32cube.ide.mcu.externaltools.gnu-tools-for-stm32.11.3.rel1.macos64_1.1.100.202310310803/tools/bin/../lib/gcc/arm-none-eabi/11.3.1/thumb/v6-m/nofp/libgcc.a(_udivsi3.o)
                0x0000000008000108                __udivsi3
                0x0000000008000108                __aeabi_uidiv
                0x0000000008000214                __aeabi_uidivmod
 .text          0x000000000800021c      0x1d4 /Applications/STM32CubeIDE.app/Contents/Eclipse/plugins/com.st.stm32cube.ide.mcu.externaltools.gnu-tools-for-stm32.11.3.rel1.macos64_1.1.100.202310310803/tools/bin/../lib/gcc/arm-none-eabi/11.3.1/thumb/v6-m/nofp/libgcc.a(_divsi3.o)
                0x000000000800021c                __aeabi_idiv
                0x000000000800021c                __divsi3
                0x00000000080003e8                __aeabi_idivmod
 .text          0x00000000080003f0        0x4 /Applications/STM32CubeIDE.app/Contents/Eclipse/plugins/com.st.stm32cube.ide.mcu.externaltools.gnu-tools-for-stm32.11.3.rel1.macos64_1.1.100.202310310803/tools/bin/../lib/gcc/arm-none-eabi/11.3.1/thumb/v6-m/nofp/libgcc.a(_dvmd_tls.o)
                0x00000000080003f0                __aeabi_ldiv0
                0x00000000080003f0                __aeabi_idiv0
 .text          0x00000000080003f4      0x6c0 /Applications/STM32CubeIDE.app/Contents/Eclipse/plugins/com.st.stm32cube.ide.mcu.externaltools.gnu-tools-for-stm32.11.3.rel1.macos64_1.1.100.202310310803/tools/bin/../lib/gcc/arm-none-eabi/11.3.1/thumb/v6-m/nofp/libgcc.a(adddf3.o)
                0x00000000080003f4                __aeabi_dadd
 .text          0x0000000008000ab4      0x5dc /Applications/STM32CubeIDE.app/Contents/Eclipse/plugins/com.st.stm32cube.ide.mcu.externaltools.gnu-tools-for-stm32.11.3.rel1.macos64_1.1.100.202310310803/tools/bin/../lib/gcc/arm-none-eabi/11.3.1/thumb/v6-m/nofp/libgcc.a(divdf3.o)
                0x0000000008000ab4                __aeabi_ddiv
 .text          0x0000000008001090      0x584 /Applications/STM32CubeIDE.app/Contents/Eclipse/plugins/com.st.stm32cube.ide.mcu.externaltools.gnu-tools-for-stm32.11.3.rel1.macos64_1.1.100.202310310803/tools/bin/../lib/gcc/arm-none-eabi/11.3.1/thumb/v6-m/nofp/libgcc.a(muldf3.o)
                0x0000000008001090                __aeabi_dmul
 .text          0x0000000008001614      0x704 /Applications/STM32CubeIDE.app/Contents/Eclipse/plugins/com.st.stm32cube.ide.mcu.externaltools.gnu-tools-for-stm32.11.3.rel1.macos64_1.1.100.202310310803/tools/bin/../lib/gcc/arm-none-eabi/11.3.1/thumb/v6-m/nofp/libgcc.a(subdf3.o)
                0x0000000008001614                __aeabi_dsub
 .text          0x0000000008001d18       0x6c /Applications/STM32CubeIDE.app/Contents/Eclipse/plugins/com.st.stm32cube.ide.mcu.externaltools.gnu-tools-for-stm32.11.3.rel1.macos64_1.1.100.202310310803/tools/bin/../lib/gcc/arm-none-eabi/11.3.1/thumb/v6-m/nofp/libgcc.a(fixdfsi.o)
                0x0000000008001d18                __aeabi_d2iz
 .text          0x0000000008001d84       0x60 /Applications/STM32CubeIDE.app/Contents/Eclipse/plugins/com.st.stm32cube.ide.mcu.externaltools.gnu-tools-for-stm32.11.3.rel1.macos64_1.1.100.202310310803/tools/bin/../lib/gcc/arm-none-eabi/11.3.1/thumb/v6-m/nofp/libgcc.a(floatsidf.o)
                0x0000000008001d84                __aeabi_i2d
 .text          0x0000000008001de4       0x3c /Applications/STM32CubeIDE.app/Contents/Eclipse/plugins/com.st.stm32cube.ide.mcu.externaltools.gnu-tools-for-stm32.11.3.rel1.macos64_1.1.100.202310310803/tools/bin/../lib/gcc/arm-none-eabi/11.3.1/thumb/v6-m/nofp/libgcc.a(_clzsi2.o)
                0x0000000008001de4                __clzsi2
 *(.text*)
 .text.GetPage  0x0000000008001e20       0x58 ./Core/Src/FlASH_PAGE_F1.o
 .text.Flash_Write_Data
                0x0000000008001e78       0xc4 ./Core/Src/FlASH_PAGE_F1.o
                0x0000000008001e78                Flash_Write_Data
 .text.HAL_GPIO_EXTI_Callback
                0x0000000008001f3c       0x34 ./Core/Src/InterruptHandlers.o
                0x0000000008001f3c                HAL_GPIO_EXTI_Callback
 .text.MX_CAN_Init
                0x0000000008001f70       0x8c ./Core/Src/can.o
                0x0000000008001f70                MX_CAN_Init
 .text.HAL_CAN_MspInit
                0x0000000008001ffc       0xac ./Core/Src/can.o
                0x0000000008001ffc                HAL_CAN_MspInit
 .text.HAL_CAN_RxFifo0MsgPendingCallback
                0x00000000080020a8       0x2c ./Core/Src/can.o
                0x00000000080020a8                HAL_CAN_RxFifo0MsgPendingCallback
 .text.StartCANReception
                0x00000000080020d4       0x98 ./Core/Src/can.o
                0x00000000080020d4                StartCANReception
 .text.MX_FREERTOS_Init
                0x000000000800216c      0x188 ./Core/Src/freertos.o
                0x000000000800216c                MX_FREERTOS_Init
 .text.ResetBuffer
                0x00000000080022f4       0x4c ./Core/Src/freertos.o
                0x00000000080022f4                ResetBuffer
 .text.CalculateAverageVoltage
                0x0000000008002340       0x44 ./Core/Src/freertos.o
                0x0000000008002340                CalculateAverageVoltage
 .text.CalculateActualVoltage
                0x0000000008002384       0x52 ./Core/Src/freertos.o
                0x0000000008002384                CalculateActualVoltage
 *fill*         0x00000000080023d6        0x2 
 .text.CalculateAverageCurrent
                0x00000000080023d8       0x48 ./Core/Src/freertos.o
                0x00000000080023d8                CalculateAverageCurrent
 .text.CalculateActualCurrent
                0x0000000008002420       0x50 ./Core/Src/freertos.o
                0x0000000008002420                CalculateActualCurrent
 .text.SendBufferOverCAN
                0x0000000008002470       0xa0 ./Core/Src/freertos.o
                0x0000000008002470                SendBufferOverCAN
 .text.SendVoltageOverCAN
                0x0000000008002510       0x44 ./Core/Src/freertos.o
                0x0000000008002510                SendVoltageOverCAN
 .text.SendCurrentOverCAN
                0x0000000008002554       0x40 ./Core/Src/freertos.o
                0x0000000008002554                SendCurrentOverCAN
 .text.StartADCTask
                0x0000000008002594      0x1b8 ./Core/Src/freertos.o
                0x0000000008002594                StartADCTask
 .text.TurnOffGreenLED
                0x000000000800274c       0x20 ./Core/Src/freertos.o
                0x000000000800274c                TurnOffGreenLED
 .text.TurnOffRedLED
                0x000000000800276c       0x20 ./Core/Src/freertos.o
                0x000000000800276c                TurnOffRedLED
 .text.sendCANData
                0x000000000800278c       0x88 ./Core/Src/freertos.o
                0x000000000800278c                sendCANData
 .text.MX_GPIO_Init
                0x0000000008002814      0x1a0 ./Core/Src/gpio.o
                0x0000000008002814                MX_GPIO_Init
 .text.MX_IWDG_Init
                0x00000000080029b4       0x40 ./Core/Src/iwdg.o
                0x00000000080029b4                MX_IWDG_Init
 .text.main     0x00000000080029f4       0xbc ./Core/Src/main.o
                0x00000000080029f4                main
 .text.SystemClock_Config
                0x0000000008002ab0       0xc4 ./Core/Src/main.o
                0x0000000008002ab0                SystemClock_Config
 .text.Error_Handler
                0x0000000008002b74       0x34 ./Core/Src/main.o
                0x0000000008002b74                Error_Handler
 .text.MX_SPI1_Init
                0x0000000008002ba8       0x7c ./Core/Src/spi.o
                0x0000000008002ba8                MX_SPI1_Init
 .text.HAL_SPI_MspInit
                0x0000000008002c24       0x98 ./Core/Src/spi.o
                0x0000000008002c24                HAL_SPI_MspInit
 .text.HAL_MspInit
                0x0000000008002cbc       0x54 ./Core/Src/stm32f0xx_hal_msp.o
                0x0000000008002cbc                HAL_MspInit
 .text.NMI_Handler
                0x0000000008002d10        0x6 ./Core/Src/stm32f0xx_it.o
                0x0000000008002d10                NMI_Handler
 *fill*         0x0000000008002d16        0x2 
 .text.HardFault_Handler
                0x0000000008002d18       0x30 ./Core/Src/stm32f0xx_it.o
                0x0000000008002d18                HardFault_Handler
 .text.SysTick_Handler
                0x0000000008002d48       0x1c ./Core/Src/stm32f0xx_it.o
                0x0000000008002d48                SysTick_Handler
 .text.EXTI2_3_IRQHandler
                0x0000000008002d64       0x10 ./Core/Src/stm32f0xx_it.o
                0x0000000008002d64                EXTI2_3_IRQHandler
 .text.USART1_IRQHandler
                0x0000000008002d74       0x18 ./Core/Src/stm32f0xx_it.o
                0x0000000008002d74                USART1_IRQHandler
 .text.CEC_CAN_IRQHandler
                0x0000000008002d8c       0x18 ./Core/Src/stm32f0xx_it.o
                0x0000000008002d8c                CEC_CAN_IRQHandler
 .text.SystemInit
                0x0000000008002da4        0xa ./Core/Src/system_stm32f0xx.o
                0x0000000008002da4                SystemInit
 *fill*         0x0000000008002dae        0x2 
 .text.MX_USART1_UART_Init
                0x0000000008002db0       0x80 ./Core/Src/usart.o
                0x0000000008002db0                MX_USART1_UART_Init
 .text.HAL_UART_MspInit
                0x0000000008002e30       0xac ./Core/Src/usart.o
                0x0000000008002e30                HAL_UART_MspInit
 .text.MX_USB_PCD_Init
                0x0000000008002edc       0x4c ./Core/Src/usb.o
                0x0000000008002edc                MX_USB_PCD_Init
 .text.HAL_PCD_MspInit
                0x0000000008002f28       0x40 ./Core/Src/usb.o
                0x0000000008002f28                HAL_PCD_MspInit
 .text.Reset_Handler
                0x0000000008002f68       0x50 ./Core/Startup/startup_stm32f072c8tx.o
                0x0000000008002f68                Reset_Handler
 .text.Default_Handler
                0x0000000008002fb8        0x2 ./Core/Startup/startup_stm32f072c8tx.o
                0x0000000008002fb8                TIM1_BRK_UP_TRG_COM_IRQHandler
                0x0000000008002fb8                TSC_IRQHandler
                0x0000000008002fb8                ADC1_COMP_IRQHandler
                0x0000000008002fb8                I2C1_IRQHandler
                0x0000000008002fb8                RCC_CRS_IRQHandler
                0x0000000008002fb8                SPI1_IRQHandler
                0x0000000008002fb8                TIM6_DAC_IRQHandler
                0x0000000008002fb8                USART3_4_IRQHandler
                0x0000000008002fb8                I2C2_IRQHandler
                0x0000000008002fb8                TIM17_IRQHandler
                0x0000000008002fb8                RTC_IRQHandler
                0x0000000008002fb8                PVD_VDDIO2_IRQHandler
                0x0000000008002fb8                DMA1_Channel4_5_6_7_IRQHandler
                0x0000000008002fb8                TIM16_IRQHandler
                0x0000000008002fb8                TIM3_IRQHandler
                0x0000000008002fb8                EXTI4_15_IRQHandler
                0x0000000008002fb8                DMA1_Channel1_IRQHandler
                0x0000000008002fb8                Default_Handler
                0x0000000008002fb8                TIM14_IRQHandler
                0x0000000008002fb8                TIM7_IRQHandler
                0x0000000008002fb8                TIM15_IRQHandler
                0x0000000008002fb8                EXTI0_1_IRQHandler
                0x0000000008002fb8                USB_IRQHandler
                0x0000000008002fb8                SPI2_IRQHandler
                0x0000000008002fb8                WWDG_IRQHandler
                0x0000000008002fb8                TIM2_IRQHandler
                0x0000000008002fb8                DMA1_Channel2_3_IRQHandler
                0x0000000008002fb8                USART2_IRQHandler
                0x0000000008002fb8                FLASH_IRQHandler
                0x0000000008002fb8                TIM1_CC_IRQHandler
 *fill*         0x0000000008002fba        0x2 
 .text.HAL_Init
                0x0000000008002fbc       0x28 ./Drivers/STM32F0xx_HAL_Driver/Src/stm32f0xx_hal.o
                0x0000000008002fbc                HAL_Init
 .text.HAL_InitTick
                0x0000000008002fe4       0x68 ./Drivers/STM32F0xx_HAL_Driver/Src/stm32f0xx_hal.o
                0x0000000008002fe4                HAL_InitTick
 .text.HAL_IncTick
                0x000000000800304c       0x24 ./Drivers/STM32F0xx_HAL_Driver/Src/stm32f0xx_hal.o
                0x000000000800304c                HAL_IncTick
 .text.HAL_GetTick
                0x0000000008003070       0x14 ./Drivers/STM32F0xx_HAL_Driver/Src/stm32f0xx_hal.o
                0x0000000008003070                HAL_GetTick
 .text.HAL_Delay
                0x0000000008003084       0x48 ./Drivers/STM32F0xx_HAL_Driver/Src/stm32f0xx_hal.o
                0x0000000008003084                HAL_Delay
 .text.HAL_CAN_Init
                0x00000000080030cc      0x1fc ./Drivers/STM32F0xx_HAL_Driver/Src/stm32f0xx_hal_can.o
                0x00000000080030cc                HAL_CAN_Init
 .text.HAL_CAN_ConfigFilter
                0x00000000080032c8      0x1e4 ./Drivers/STM32F0xx_HAL_Driver/Src/stm32f0xx_hal_can.o
                0x00000000080032c8                HAL_CAN_ConfigFilter
 .text.HAL_CAN_Start
                0x00000000080034ac       0x8c ./Drivers/STM32F0xx_HAL_Driver/Src/stm32f0xx_hal_can.o
                0x00000000080034ac                HAL_CAN_Start
 .text.HAL_CAN_AddTxMessage
                0x0000000008003538      0x1a4 ./Drivers/STM32F0xx_HAL_Driver/Src/stm32f0xx_hal_can.o
                0x0000000008003538                HAL_CAN_AddTxMessage
 .text.HAL_CAN_GetRxMessage
                0x00000000080036dc      0x256 ./Drivers/STM32F0xx_HAL_Driver/Src/stm32f0xx_hal_can.o
                0x00000000080036dc                HAL_CAN_GetRxMessage
 .text.HAL_CAN_ActivateNotification
                0x0000000008003932       0x54 ./Drivers/STM32F0xx_HAL_Driver/Src/stm32f0xx_hal_can.o
                0x0000000008003932                HAL_CAN_ActivateNotification
 .text.HAL_CAN_IRQHandler
                0x0000000008003986      0x368 ./Drivers/STM32F0xx_HAL_Driver/Src/stm32f0xx_hal_can.o
                0x0000000008003986                HAL_CAN_IRQHandler
 .text.HAL_CAN_TxMailbox0CompleteCallback
                0x0000000008003cee       0x10 ./Drivers/STM32F0xx_HAL_Driver/Src/stm32f0xx_hal_can.o
                0x0000000008003cee                HAL_CAN_TxMailbox0CompleteCallback
 .text.HAL_CAN_TxMailbox1CompleteCallback
                0x0000000008003cfe       0x10 ./Drivers/STM32F0xx_HAL_Driver/Src/stm32f0xx_hal_can.o
                0x0000000008003cfe                HAL_CAN_TxMailbox1CompleteCallback
 .text.HAL_CAN_TxMailbox2CompleteCallback
                0x0000000008003d0e       0x10 ./Drivers/STM32F0xx_HAL_Driver/Src/stm32f0xx_hal_can.o
                0x0000000008003d0e                HAL_CAN_TxMailbox2CompleteCallback
 .text.HAL_CAN_TxMailbox0AbortCallback
                0x0000000008003d1e       0x10 ./Drivers/STM32F0xx_HAL_Driver/Src/stm32f0xx_hal_can.o
                0x0000000008003d1e                HAL_CAN_TxMailbox0AbortCallback
 .text.HAL_CAN_TxMailbox1AbortCallback
                0x0000000008003d2e       0x10 ./Drivers/STM32F0xx_HAL_Driver/Src/stm32f0xx_hal_can.o
                0x0000000008003d2e                HAL_CAN_TxMailbox1AbortCallback
 .text.HAL_CAN_TxMailbox2AbortCallback
                0x0000000008003d3e       0x10 ./Drivers/STM32F0xx_HAL_Driver/Src/stm32f0xx_hal_can.o
                0x0000000008003d3e                HAL_CAN_TxMailbox2AbortCallback
 .text.HAL_CAN_RxFifo0FullCallback
                0x0000000008003d4e       0x10 ./Drivers/STM32F0xx_HAL_Driver/Src/stm32f0xx_hal_can.o
                0x0000000008003d4e                HAL_CAN_RxFifo0FullCallback
 .text.HAL_CAN_RxFifo1MsgPendingCallback
                0x0000000008003d5e       0x10 ./Drivers/STM32F0xx_HAL_Driver/Src/stm32f0xx_hal_can.o
                0x0000000008003d5e                HAL_CAN_RxFifo1MsgPendingCallback
 .text.HAL_CAN_RxFifo1FullCallback
                0x0000000008003d6e       0x10 ./Drivers/STM32F0xx_HAL_Driver/Src/stm32f0xx_hal_can.o
                0x0000000008003d6e                HAL_CAN_RxFifo1FullCallback
 .text.HAL_CAN_SleepCallback
                0x0000000008003d7e       0x10 ./Drivers/STM32F0xx_HAL_Driver/Src/stm32f0xx_hal_can.o
                0x0000000008003d7e                HAL_CAN_SleepCallback
 .text.HAL_CAN_WakeUpFromRxMsgCallback
                0x0000000008003d8e       0x10 ./Drivers/STM32F0xx_HAL_Driver/Src/stm32f0xx_hal_can.o
                0x0000000008003d8e                HAL_CAN_WakeUpFromRxMsgCallback
 .text.HAL_CAN_ErrorCallback
                0x0000000008003d9e       0x10 ./Drivers/STM32F0xx_HAL_Driver/Src/stm32f0xx_hal_can.o
                0x0000000008003d9e                HAL_CAN_ErrorCallback
 *fill*         0x0000000008003dae        0x2 
 .text.__NVIC_EnableIRQ
                0x0000000008003db0       0x34 ./Drivers/STM32F0xx_HAL_Driver/Src/stm32f0xx_hal_cortex.o
 .text.__NVIC_SetPriority
                0x0000000008003de4       0xdc ./Drivers/STM32F0xx_HAL_Driver/Src/stm32f0xx_hal_cortex.o
 .text.SysTick_Config
                0x0000000008003ec0       0x48 ./Drivers/STM32F0xx_HAL_Driver/Src/stm32f0xx_hal_cortex.o
 .text.HAL_NVIC_SetPriority
                0x0000000008003f08       0x2a ./Drivers/STM32F0xx_HAL_Driver/Src/stm32f0xx_hal_cortex.o
                0x0000000008003f08                HAL_NVIC_SetPriority
 .text.HAL_NVIC_EnableIRQ
                0x0000000008003f32       0x20 ./Drivers/STM32F0xx_HAL_Driver/Src/stm32f0xx_hal_cortex.o
                0x0000000008003f32                HAL_NVIC_EnableIRQ
 .text.HAL_SYSTICK_Config
                0x0000000008003f52       0x1a ./Drivers/STM32F0xx_HAL_Driver/Src/stm32f0xx_hal_cortex.o
                0x0000000008003f52                HAL_SYSTICK_Config
 .text.HAL_DMA_Abort
                0x0000000008003f6c       0x70 ./Drivers/STM32F0xx_HAL_Driver/Src/stm32f0xx_hal_dma.o
                0x0000000008003f6c                HAL_DMA_Abort
 .text.HAL_DMA_Abort_IT
                0x0000000008003fdc       0x8a ./Drivers/STM32F0xx_HAL_Driver/Src/stm32f0xx_hal_dma.o
                0x0000000008003fdc                HAL_DMA_Abort_IT
 *fill*         0x0000000008004066        0x2 
 .text.HAL_FLASH_Program
                0x0000000008004068      0x12c ./Drivers/STM32F0xx_HAL_Driver/Src/stm32f0xx_hal_flash.o
                0x0000000008004068                HAL_FLASH_Program
 .text.HAL_FLASH_Unlock
                0x0000000008004194       0x4c ./Drivers/STM32F0xx_HAL_Driver/Src/stm32f0xx_hal_flash.o
                0x0000000008004194                HAL_FLASH_Unlock
 .text.HAL_FLASH_Lock
                0x00000000080041e0       0x1c ./Drivers/STM32F0xx_HAL_Driver/Src/stm32f0xx_hal_flash.o
                0x00000000080041e0                HAL_FLASH_Lock
 .text.HAL_FLASH_GetError
                0x00000000080041fc       0x14 ./Drivers/STM32F0xx_HAL_Driver/Src/stm32f0xx_hal_flash.o
                0x00000000080041fc                HAL_FLASH_GetError
 .text.FLASH_Program_HalfWord
                0x0000000008004210       0x38 ./Drivers/STM32F0xx_HAL_Driver/Src/stm32f0xx_hal_flash.o
 .text.FLASH_WaitForLastOperation
                0x0000000008004248       0x80 ./Drivers/STM32F0xx_HAL_Driver/Src/stm32f0xx_hal_flash.o
                0x0000000008004248                FLASH_WaitForLastOperation
 .text.FLASH_SetErrorCode
                0x00000000080042c8       0x60 ./Drivers/STM32F0xx_HAL_Driver/Src/stm32f0xx_hal_flash.o
 .text.HAL_FLASHEx_Erase
                0x0000000008004328       0xec ./Drivers/STM32F0xx_HAL_Driver/Src/stm32f0xx_hal_flash_ex.o
                0x0000000008004328                HAL_FLASHEx_Erase
 .text.FLASH_MassErase
                0x0000000008004414       0x30 ./Drivers/STM32F0xx_HAL_Driver/Src/stm32f0xx_hal_flash_ex.o
 .text.FLASH_PageErase
                0x0000000008004444       0x3c ./Drivers/STM32F0xx_HAL_Driver/Src/stm32f0xx_hal_flash_ex.o
                0x0000000008004444                FLASH_PageErase
 .text.HAL_GPIO_Init
                0x0000000008004480      0x2f0 ./Drivers/STM32F0xx_HAL_Driver/Src/stm32f0xx_hal_gpio.o
                0x0000000008004480                HAL_GPIO_Init
 .text.HAL_GPIO_ReadPin
                0x0000000008004770       0x3a ./Drivers/STM32F0xx_HAL_Driver/Src/stm32f0xx_hal_gpio.o
                0x0000000008004770                HAL_GPIO_ReadPin
 .text.HAL_GPIO_WritePin
                0x00000000080047aa       0x3a ./Drivers/STM32F0xx_HAL_Driver/Src/stm32f0xx_hal_gpio.o
                0x00000000080047aa                HAL_GPIO_WritePin
 .text.HAL_GPIO_EXTI_IRQHandler
                0x00000000080047e4       0x38 ./Drivers/STM32F0xx_HAL_Driver/Src/stm32f0xx_hal_gpio.o
                0x00000000080047e4                HAL_GPIO_EXTI_IRQHandler
 .text.HAL_IWDG_Init
                0x000000000800481c       0xa4 ./Drivers/STM32F0xx_HAL_Driver/Src/stm32f0xx_hal_iwdg.o
                0x000000000800481c                HAL_IWDG_Init
 .text.HAL_IWDG_Refresh
                0x00000000080048c0       0x20 ./Drivers/STM32F0xx_HAL_Driver/Src/stm32f0xx_hal_iwdg.o
                0x00000000080048c0                HAL_IWDG_Refresh
 .text.HAL_PCD_Init
                0x00000000080048e0      0x200 ./Drivers/STM32F0xx_HAL_Driver/Src/stm32f0xx_hal_pcd.o
                0x00000000080048e0                HAL_PCD_Init
 .text.HAL_PCDEx_ActivateLPM
                0x0000000008004ae0       0x54 ./Drivers/STM32F0xx_HAL_Driver/Src/stm32f0xx_hal_pcd_ex.o
                0x0000000008004ae0                HAL_PCDEx_ActivateLPM
 .text.HAL_RCC_OscConfig
                0x0000000008004b34      0x70c ./Drivers/STM32F0xx_HAL_Driver/Src/stm32f0xx_hal_rcc.o
                0x0000000008004b34                HAL_RCC_OscConfig
 .text.HAL_RCC_ClockConfig
                0x0000000008005240      0x1b4 ./Drivers/STM32F0xx_HAL_Driver/Src/stm32f0xx_hal_rcc.o
                0x0000000008005240                HAL_RCC_ClockConfig
 .text.HAL_RCC_GetSysClockFreq
                0x00000000080053f4       0xe4 ./Drivers/STM32F0xx_HAL_Driver/Src/stm32f0xx_hal_rcc.o
                0x00000000080053f4                HAL_RCC_GetSysClockFreq
 .text.HAL_RCC_GetHCLKFreq
                0x00000000080054d8       0x14 ./Drivers/STM32F0xx_HAL_Driver/Src/stm32f0xx_hal_rcc.o
                0x00000000080054d8                HAL_RCC_GetHCLKFreq
 .text.HAL_RCC_GetPCLK1Freq
                0x00000000080054ec       0x2c ./Drivers/STM32F0xx_HAL_Driver/Src/stm32f0xx_hal_rcc.o
                0x00000000080054ec                HAL_RCC_GetPCLK1Freq
 .text.HAL_RCCEx_PeriphCLKConfig
                0x0000000008005518      0x1fc ./Drivers/STM32F0xx_HAL_Driver/Src/stm32f0xx_hal_rcc_ex.o
                0x0000000008005518                HAL_RCCEx_PeriphCLKConfig
 .text.HAL_SPI_Init
                0x0000000008005714      0x170 ./Drivers/STM32F0xx_HAL_Driver/Src/stm32f0xx_hal_spi.o
                0x0000000008005714                HAL_SPI_Init
 .text.HAL_SPI_Transmit
                0x0000000008005884      0x2be ./Drivers/STM32F0xx_HAL_Driver/Src/stm32f0xx_hal_spi.o
                0x0000000008005884                HAL_SPI_Transmit
 *fill*         0x0000000008005b42        0x2 
 .text.HAL_SPI_TransmitReceive
                0x0000000008005b44      0x3c4 ./Drivers/STM32F0xx_HAL_Driver/Src/stm32f0xx_hal_spi.o
                0x0000000008005b44                HAL_SPI_TransmitReceive
 .text.SPI_WaitFlagStateUntilTimeout
                0x0000000008005f08      0x11c ./Drivers/STM32F0xx_HAL_Driver/Src/stm32f0xx_hal_spi.o
 .text.SPI_WaitFifoStateUntilTimeout
                0x0000000008006024      0x144 ./Drivers/STM32F0xx_HAL_Driver/Src/stm32f0xx_hal_spi.o
 .text.SPI_EndRxTxTransaction
                0x0000000008006168       0x8c ./Drivers/STM32F0xx_HAL_Driver/Src/stm32f0xx_hal_spi.o
 .text.HAL_UART_Init
                0x00000000080061f4       0xa8 ./Drivers/STM32F0xx_HAL_Driver/Src/stm32f0xx_hal_uart.o
                0x00000000080061f4                HAL_UART_Init
 .text.HAL_UART_Transmit_IT
                0x000000000800629c       0xe0 ./Drivers/STM32F0xx_HAL_Driver/Src/stm32f0xx_hal_uart.o
                0x000000000800629c                HAL_UART_Transmit_IT
 .text.HAL_UART_Receive_IT
                0x000000000800637c       0xae ./Drivers/STM32F0xx_HAL_Driver/Src/stm32f0xx_hal_uart.o
                0x000000000800637c                HAL_UART_Receive_IT
 *fill*         0x000000000800642a        0x2 
 .text.HAL_UART_AbortReceive_IT
                0x000000000800642c      0x190 ./Drivers/STM32F0xx_HAL_Driver/Src/stm32f0xx_hal_uart.o
                0x000000000800642c                HAL_UART_AbortReceive_IT
 .text.HAL_UART_IRQHandler
                0x00000000080065bc      0x5c0 ./Drivers/STM32F0xx_HAL_Driver/Src/stm32f0xx_hal_uart.o
                0x00000000080065bc                HAL_UART_IRQHandler
 .text.HAL_UART_ErrorCallback
                0x0000000008006b7c       0x10 ./Drivers/STM32F0xx_HAL_Driver/Src/stm32f0xx_hal_uart.o
                0x0000000008006b7c                HAL_UART_ErrorCallback
 .text.HAL_UART_AbortReceiveCpltCallback
                0x0000000008006b8c       0x10 ./Drivers/STM32F0xx_HAL_Driver/Src/stm32f0xx_hal_uart.o
                0x0000000008006b8c                HAL_UART_AbortReceiveCpltCallback
 .text.HAL_UARTEx_RxEventCallback
                0x0000000008006b9c       0x16 ./Drivers/STM32F0xx_HAL_Driver/Src/stm32f0xx_hal_uart.o
                0x0000000008006b9c                HAL_UARTEx_RxEventCallback
 .text.HAL_HalfDuplex_EnableTransmitter
                0x0000000008006bb2       0xa0 ./Drivers/STM32F0xx_HAL_Driver/Src/stm32f0xx_hal_uart.o
                0x0000000008006bb2                HAL_HalfDuplex_EnableTransmitter
 .text.HAL_HalfDuplex_EnableReceiver
                0x0000000008006c52       0xa0 ./Drivers/STM32F0xx_HAL_Driver/Src/stm32f0xx_hal_uart.o
                0x0000000008006c52                HAL_HalfDuplex_EnableReceiver
 .text.HAL_UART_GetState
                0x0000000008006cf2       0x24 ./Drivers/STM32F0xx_HAL_Driver/Src/stm32f0xx_hal_uart.o
                0x0000000008006cf2                HAL_UART_GetState
 *fill*         0x0000000008006d16        0x2 
 .text.UART_SetConfig
                0x0000000008006d18      0x310 ./Drivers/STM32F0xx_HAL_Driver/Src/stm32f0xx_hal_uart.o
                0x0000000008006d18                UART_SetConfig
 .text.UART_AdvFeatureConfig
                0x0000000008007028      0x168 ./Drivers/STM32F0xx_HAL_Driver/Src/stm32f0xx_hal_uart.o
                0x0000000008007028                UART_AdvFeatureConfig
 .text.UART_CheckIdleState
                0x0000000008007190      0x150 ./Drivers/STM32F0xx_HAL_Driver/Src/stm32f0xx_hal_uart.o
                0x0000000008007190                UART_CheckIdleState
 .text.UART_WaitOnFlagUntilTimeout
                0x00000000080072e0       0xd2 ./Drivers/STM32F0xx_HAL_Driver/Src/stm32f0xx_hal_uart.o
                0x00000000080072e0                UART_WaitOnFlagUntilTimeout
 *fill*         0x00000000080073b2        0x2 
 .text.UART_Start_Receive_IT
                0x00000000080073b4      0x194 ./Drivers/STM32F0xx_HAL_Driver/Src/stm32f0xx_hal_uart.o
                0x00000000080073b4                UART_Start_Receive_IT
 .text.UART_EndRxTransfer
                0x0000000008007548       0xc8 ./Drivers/STM32F0xx_HAL_Driver/Src/stm32f0xx_hal_uart.o
 .text.UART_DMAAbortOnError
                0x0000000008007610       0x2e ./Drivers/STM32F0xx_HAL_Driver/Src/stm32f0xx_hal_uart.o
 .text.UART_DMARxOnlyAbortCallback
                0x000000000800763e       0x4c ./Drivers/STM32F0xx_HAL_Driver/Src/stm32f0xx_hal_uart.o
 .text.UART_TxISR_8BIT
                0x000000000800768a       0xb4 ./Drivers/STM32F0xx_HAL_Driver/Src/stm32f0xx_hal_uart.o
 .text.UART_TxISR_16BIT
                0x000000000800773e       0xbc ./Drivers/STM32F0xx_HAL_Driver/Src/stm32f0xx_hal_uart.o
 .text.UART_EndTransmit_IT
                0x00000000080077fa       0x56 ./Drivers/STM32F0xx_HAL_Driver/Src/stm32f0xx_hal_uart.o
 .text.UART_RxISR_8BIT
                0x0000000008007850      0x1b8 ./Drivers/STM32F0xx_HAL_Driver/Src/stm32f0xx_hal_uart.o
 .text.UART_RxISR_16BIT
                0x0000000008007a08      0x1b8 ./Drivers/STM32F0xx_HAL_Driver/Src/stm32f0xx_hal_uart.o
 .text.HAL_UARTEx_WakeupCallback
                0x0000000008007bc0       0x10 ./Drivers/STM32F0xx_HAL_Driver/Src/stm32f0xx_hal_uart_ex.o
                0x0000000008007bc0                HAL_UARTEx_WakeupCallback
 .text.USB_DisableGlobalInt
                0x0000000008007bd0       0x34 ./Drivers/STM32F0xx_HAL_Driver/Src/stm32f0xx_ll_usb.o
                0x0000000008007bd0                USB_DisableGlobalInt
 .text.USB_DevInit
                0x0000000008007c04       0x4e ./Drivers/STM32F0xx_HAL_Driver/Src/stm32f0xx_ll_usb.o
                0x0000000008007c04                USB_DevInit
 *fill*         0x0000000008007c52        0x2 
 .text.RingAdd  0x0000000008007c54       0x98 ./Middlewares/MODBUS-LIB/Src/Modbus.o
                0x0000000008007c54                RingAdd
 .text.RingGetAllBytes
                0x0000000008007cec       0x24 ./Middlewares/MODBUS-LIB/Src/Modbus.o
                0x0000000008007cec                RingGetAllBytes
 .text.RingGetNBytes
                0x0000000008007d10       0xd0 ./Middlewares/MODBUS-LIB/Src/Modbus.o
                0x0000000008007d10                RingGetNBytes
 .text.RingClear
                0x0000000008007de0       0x30 ./Middlewares/MODBUS-LIB/Src/Modbus.o
                0x0000000008007de0                RingClear
 .text.ModbusInit
                0x0000000008007e10      0x154 ./Middlewares/MODBUS-LIB/Src/Modbus.o
                0x0000000008007e10                ModbusInit
 .text.ModbusStart
                0x0000000008007f64      0x114 ./Middlewares/MODBUS-LIB/Src/Modbus.o
                0x0000000008007f64                ModbusStart
 .text.vTimerCallbackT35
                0x0000000008008078       0x84 ./Middlewares/MODBUS-LIB/Src/Modbus.o
 .text.vTimerCallbackTimeout
                0x00000000080080fc       0x5c ./Middlewares/MODBUS-LIB/Src/Modbus.o
 .text.StartTaskModbusSlave
                0x0000000008008158      0x1e8 ./Middlewares/MODBUS-LIB/Src/Modbus.o
                0x0000000008008158                StartTaskModbusSlave
 .text.SendQuery
                0x0000000008008340      0x44c ./Middlewares/MODBUS-LIB/Src/Modbus.o
 .text.StartTaskModbusMaster
                0x000000000800878c      0x1b8 ./Middlewares/MODBUS-LIB/Src/Modbus.o
                0x000000000800878c                StartTaskModbusMaster
 .text.get_FC1  0x0000000008008944       0xdc ./Middlewares/MODBUS-LIB/Src/Modbus.o
 .text.get_FC3  0x0000000008008a20       0x7a ./Middlewares/MODBUS-LIB/Src/Modbus.o
 *fill*         0x0000000008008a9a        0x2 
 .text.validateAnswer
                0x0000000008008a9c      0x100 ./Middlewares/MODBUS-LIB/Src/Modbus.o
 .text.getRxBuffer
                0x0000000008008b9c       0xa4 ./Middlewares/MODBUS-LIB/Src/Modbus.o
 .text.validateRequest
                0x0000000008008c40      0x2e0 ./Middlewares/MODBUS-LIB/Src/Modbus.o
 .text.word     0x0000000008008f20       0x30 ./Middlewares/MODBUS-LIB/Src/Modbus.o
 .text.calcCRC  0x0000000008008f50       0xb4 ./Middlewares/MODBUS-LIB/Src/Modbus.o
                0x0000000008008f50                calcCRC
 .text.buildException
                0x0000000008009004       0x44 ./Middlewares/MODBUS-LIB/Src/Modbus.o
 .text.sendTxBuffer
                0x0000000008009048      0x128 ./Middlewares/MODBUS-LIB/Src/Modbus.o
 .text.process_FC1
                0x0000000008009170      0x1f6 ./Middlewares/MODBUS-LIB/Src/Modbus.o
 .text.process_FC2
                0x0000000008009366      0x1f8 ./Middlewares/MODBUS-LIB/Src/Modbus.o
 .text.process_FC3
                0x000000000800955e      0x12c ./Middlewares/MODBUS-LIB/Src/Modbus.o
 .text.process_FC4
                0x000000000800968a      0x12c ./Middlewares/MODBUS-LIB/Src/Modbus.o
 .text.process_FC5
                0x00000000080097b6       0xfc ./Middlewares/MODBUS-LIB/Src/Modbus.o
 .text.process_FC6
                0x00000000080098b2       0xde ./Middlewares/MODBUS-LIB/Src/Modbus.o
 .text.process_FC15
                0x0000000008009990      0x1ac ./Middlewares/MODBUS-LIB/Src/Modbus.o
 .text.process_FC16
                0x0000000008009b3c      0x156 ./Middlewares/MODBUS-LIB/Src/Modbus.o
 *fill*         0x0000000008009c92        0x2 
 .text.SetLowVoltageCalibration
                0x0000000008009c94       0x38 ./Middlewares/MODBUS-LIB/Src/Modbus.o
                0x0000000008009c94                SetLowVoltageCalibration
 .text.SetHighVoltageCalibration
                0x0000000008009ccc       0x38 ./Middlewares/MODBUS-LIB/Src/Modbus.o
                0x0000000008009ccc                SetHighVoltageCalibration
 .text.SetLowCurrentCalibration
                0x0000000008009d04       0x44 ./Middlewares/MODBUS-LIB/Src/Modbus.o
                0x0000000008009d04                SetLowCurrentCalibration
 .text.SetHighCurrentCalibration
                0x0000000008009d48       0x40 ./Middlewares/MODBUS-LIB/Src/Modbus.o
                0x0000000008009d48                SetHighCurrentCalibration
 .text.StoreCalibrationData
                0x0000000008009d88       0x2c ./Middlewares/MODBUS-LIB/Src/Modbus.o
                0x0000000008009d88                StoreCalibrationData
 .text.LoadCalibrationData
                0x0000000008009db4       0x68 ./Middlewares/MODBUS-LIB/Src/Modbus.o
                0x0000000008009db4                LoadCalibrationData
 .text.GetVoltageCalibration
                0x0000000008009e1c       0xc0 ./Middlewares/MODBUS-LIB/Src/Modbus.o
                0x0000000008009e1c                GetVoltageCalibration
 .text.GetCurrentCalibration
                0x0000000008009edc       0xb4 ./Middlewares/MODBUS-LIB/Src/Modbus.o
                0x0000000008009edc                GetCurrentCalibration
 .text.CalculateChecksum
                0x0000000008009f90      0x138 ./Middlewares/MODBUS-LIB/Src/Modbus.o
                0x0000000008009f90                CalculateChecksum
 .text.HAL_UART_TxCpltCallback
                0x000000000800a0c8       0x74 ./Middlewares/MODBUS-LIB/Src/UARTCallback.o
                0x000000000800a0c8                HAL_UART_TxCpltCallback
 .text.HAL_UART_RxCpltCallback
                0x000000000800a13c       0xcc ./Middlewares/MODBUS-LIB/Src/UARTCallback.o
                0x000000000800a13c                HAL_UART_RxCpltCallback
 .text.osKernelInitialize
                0x000000000800a208       0x58 ./Middlewares/Third_Party/FreeRTOS/Source/CMSIS_RTOS_V2/cmsis_os2.o
                0x000000000800a208                osKernelInitialize
 .text.osKernelStart
                0x000000000800a260       0x5c ./Middlewares/Third_Party/FreeRTOS/Source/CMSIS_RTOS_V2/cmsis_os2.o
                0x000000000800a260                osKernelStart
 .text.osThreadNew
                0x000000000800a2bc      0x150 ./Middlewares/Third_Party/FreeRTOS/Source/CMSIS_RTOS_V2/cmsis_os2.o
                0x000000000800a2bc                osThreadNew
 .text.TimerCallback
                0x000000000800a40c       0x2e ./Middlewares/Third_Party/FreeRTOS/Source/CMSIS_RTOS_V2/cmsis_os2.o
 *fill*         0x000000000800a43a        0x2 
 .text.osTimerNew
                0x000000000800a43c      0x110 ./Middlewares/Third_Party/FreeRTOS/Source/CMSIS_RTOS_V2/cmsis_os2.o
                0x000000000800a43c                osTimerNew
 .text.osSemaphoreNew
                0x000000000800a54c      0x144 ./Middlewares/Third_Party/FreeRTOS/Source/CMSIS_RTOS_V2/cmsis_os2.o
                0x000000000800a54c                osSemaphoreNew
 .text.osMessageQueueNew
                0x000000000800a690      0x10c ./Middlewares/Third_Party/FreeRTOS/Source/CMSIS_RTOS_V2/cmsis_os2.o
                0x000000000800a690                osMessageQueueNew
 .text.vApplicationGetIdleTaskMemory
                0x000000000800a79c       0x30 ./Middlewares/Third_Party/FreeRTOS/Source/CMSIS_RTOS_V2/cmsis_os2.o
                0x000000000800a79c                vApplicationGetIdleTaskMemory
 .text.vApplicationGetTimerTaskMemory
                0x000000000800a7cc       0x30 ./Middlewares/Third_Party/FreeRTOS/Source/CMSIS_RTOS_V2/cmsis_os2.o
                0x000000000800a7cc                vApplicationGetTimerTaskMemory
 .text.vListInitialise
                0x000000000800a7fc       0x3c ./Middlewares/Third_Party/FreeRTOS/Source/list.o
                0x000000000800a7fc                vListInitialise
 .text.vListInitialiseItem
                0x000000000800a838       0x16 ./Middlewares/Third_Party/FreeRTOS/Source/list.o
                0x000000000800a838                vListInitialiseItem
 .text.vListInsertEnd
                0x000000000800a84e       0x44 ./Middlewares/Third_Party/FreeRTOS/Source/list.o
                0x000000000800a84e                vListInsertEnd
 .text.vListInsert
                0x000000000800a892       0x6c ./Middlewares/Third_Party/FreeRTOS/Source/list.o
                0x000000000800a892                vListInsert
 .text.uxListRemove
                0x000000000800a8fe       0x50 ./Middlewares/Third_Party/FreeRTOS/Source/list.o
                0x000000000800a8fe                uxListRemove
 .text.xQueueGenericReset
                0x000000000800a94e       0xa8 ./Middlewares/Third_Party/FreeRTOS/Source/queue.o
                0x000000000800a94e                xQueueGenericReset
 .text.xQueueGenericCreateStatic
                0x000000000800a9f6       0x96 ./Middlewares/Third_Party/FreeRTOS/Source/queue.o
                0x000000000800a9f6                xQueueGenericCreateStatic
 .text.xQueueGenericCreate
                0x000000000800aa8c       0x6c ./Middlewares/Third_Party/FreeRTOS/Source/queue.o
                0x000000000800aa8c                xQueueGenericCreate
 .text.prvInitialiseNewQueue
                0x000000000800aaf8       0x4e ./Middlewares/Third_Party/FreeRTOS/Source/queue.o
 .text.xQueueCreateCountingSemaphoreStatic
                0x000000000800ab46       0x4c ./Middlewares/Third_Party/FreeRTOS/Source/queue.o
                0x000000000800ab46                xQueueCreateCountingSemaphoreStatic
 .text.xQueueCreateCountingSemaphore
                0x000000000800ab92       0x46 ./Middlewares/Third_Party/FreeRTOS/Source/queue.o
                0x000000000800ab92                xQueueCreateCountingSemaphore
 .text.xQueueGenericSend
                0x000000000800abd8      0x188 ./Middlewares/Third_Party/FreeRTOS/Source/queue.o
                0x000000000800abd8                xQueueGenericSend
 .text.xQueueGenericSendFromISR
                0x000000000800ad60       0xe2 ./Middlewares/Third_Party/FreeRTOS/Source/queue.o
                0x000000000800ad60                xQueueGenericSendFromISR
 .text.xQueueReceive
                0x000000000800ae42      0x16a ./Middlewares/Third_Party/FreeRTOS/Source/queue.o
                0x000000000800ae42                xQueueReceive
 .text.xQueueSemaphoreTake
                0x000000000800afac      0x1b4 ./Middlewares/Third_Party/FreeRTOS/Source/queue.o
                0x000000000800afac                xQueueSemaphoreTake
 .text.vQueueDelete
                0x000000000800b160       0x38 ./Middlewares/Third_Party/FreeRTOS/Source/queue.o
                0x000000000800b160                vQueueDelete
 .text.prvGetDisinheritPriorityAfterTimeout
                0x000000000800b198       0x2c ./Middlewares/Third_Party/FreeRTOS/Source/queue.o
 .text.prvCopyDataToQueue
                0x000000000800b1c4       0xd6 ./Middlewares/Third_Party/FreeRTOS/Source/queue.o
 .text.prvCopyDataFromQueue
                0x000000000800b29a       0x4c ./Middlewares/Third_Party/FreeRTOS/Source/queue.o
 .text.prvUnlockQueue
                0x000000000800b2e6       0xbc ./Middlewares/Third_Party/FreeRTOS/Source/queue.o
 .text.prvIsQueueEmpty
                0x000000000800b3a2       0x2c ./Middlewares/Third_Party/FreeRTOS/Source/queue.o
 .text.prvIsQueueFull
                0x000000000800b3ce       0x30 ./Middlewares/Third_Party/FreeRTOS/Source/queue.o
 *fill*         0x000000000800b3fe        0x2 
 .text.vQueueAddToRegistry
                0x000000000800b400       0x50 ./Middlewares/Third_Party/FreeRTOS/Source/queue.o
                0x000000000800b400                vQueueAddToRegistry
 .text.vQueueUnregisterQueue
                0x000000000800b450       0x54 ./Middlewares/Third_Party/FreeRTOS/Source/queue.o
                0x000000000800b450                vQueueUnregisterQueue
 .text.vQueueWaitForMessageRestricted
                0x000000000800b4a4       0x66 ./Middlewares/Third_Party/FreeRTOS/Source/queue.o
                0x000000000800b4a4                vQueueWaitForMessageRestricted
 .text.xTaskCreateStatic
                0x000000000800b50a       0x86 ./Middlewares/Third_Party/FreeRTOS/Source/tasks.o
                0x000000000800b50a                xTaskCreateStatic
 .text.xTaskCreate
                0x000000000800b590       0x98 ./Middlewares/Third_Party/FreeRTOS/Source/tasks.o
                0x000000000800b590                xTaskCreate
 .text.prvInitialiseNewTask
                0x000000000800b628      0x130 ./Middlewares/Third_Party/FreeRTOS/Source/tasks.o
 .text.prvAddNewTaskToReadyList
                0x000000000800b758       0xd0 ./Middlewares/Third_Party/FreeRTOS/Source/tasks.o
 .text.vTaskStartScheduler
                0x000000000800b828       0xbc ./Middlewares/Third_Party/FreeRTOS/Source/tasks.o
                0x000000000800b828                vTaskStartScheduler
 .text.vTaskSuspendAll
                0x000000000800b8e4       0x18 ./Middlewares/Third_Party/FreeRTOS/Source/tasks.o
                0x000000000800b8e4                vTaskSuspendAll
 .text.xTaskResumeAll
                0x000000000800b8fc      0x118 ./Middlewares/Third_Party/FreeRTOS/Source/tasks.o
                0x000000000800b8fc                xTaskResumeAll
 .text.xTaskGetTickCount
                0x000000000800ba14       0x1c ./Middlewares/Third_Party/FreeRTOS/Source/tasks.o
                0x000000000800ba14                xTaskGetTickCount
 .text.xTaskGetTickCountFromISR
                0x000000000800ba30       0x20 ./Middlewares/Third_Party/FreeRTOS/Source/tasks.o
                0x000000000800ba30                xTaskGetTickCountFromISR
 .text.xTaskIncrementTick
                0x000000000800ba50      0x168 ./Middlewares/Third_Party/FreeRTOS/Source/tasks.o
                0x000000000800ba50                xTaskIncrementTick
 .text.vTaskSwitchContext
                0x000000000800bbb8       0xb4 ./Middlewares/Third_Party/FreeRTOS/Source/tasks.o
                0x000000000800bbb8                vTaskSwitchContext
 .text.vTaskPlaceOnEventList
                0x000000000800bc6c       0x3c ./Middlewares/Third_Party/FreeRTOS/Source/tasks.o
                0x000000000800bc6c                vTaskPlaceOnEventList
 .text.vTaskPlaceOnEventListRestricted
                0x000000000800bca8       0x4c ./Middlewares/Third_Party/FreeRTOS/Source/tasks.o
                0x000000000800bca8                vTaskPlaceOnEventListRestricted
 .text.xTaskRemoveFromEventList
                0x000000000800bcf4       0xb8 ./Middlewares/Third_Party/FreeRTOS/Source/tasks.o
                0x000000000800bcf4                xTaskRemoveFromEventList
 .text.vTaskInternalSetTimeOutState
                0x000000000800bdac       0x28 ./Middlewares/Third_Party/FreeRTOS/Source/tasks.o
                0x000000000800bdac                vTaskInternalSetTimeOutState
 .text.xTaskCheckForTimeOut
                0x000000000800bdd4       0xa0 ./Middlewares/Third_Party/FreeRTOS/Source/tasks.o
                0x000000000800bdd4                xTaskCheckForTimeOut
 .text.vTaskMissedYield
                0x000000000800be74       0x14 ./Middlewares/Third_Party/FreeRTOS/Source/tasks.o
                0x000000000800be74                vTaskMissedYield
 .text.prvIdleTask
                0x000000000800be88       0x20 ./Middlewares/Third_Party/FreeRTOS/Source/tasks.o
 .text.prvInitialiseTaskLists
                0x000000000800bea8       0x88 ./Middlewares/Third_Party/FreeRTOS/Source/tasks.o
 .text.prvCheckTasksWaitingTermination
                0x000000000800bf30       0x5c ./Middlewares/Third_Party/FreeRTOS/Source/tasks.o
 .text.prvDeleteTCB
                0x000000000800bf8c       0x5a ./Middlewares/Third_Party/FreeRTOS/Source/tasks.o
 *fill*         0x000000000800bfe6        0x2 
 .text.prvResetNextTaskUnblockTime
                0x000000000800bfe8       0x48 ./Middlewares/Third_Party/FreeRTOS/Source/tasks.o
 .text.xTaskGetSchedulerState
                0x000000000800c030       0x38 ./Middlewares/Third_Party/FreeRTOS/Source/tasks.o
                0x000000000800c030                xTaskGetSchedulerState
 .text.xTaskPriorityInherit
                0x000000000800c068       0xdc ./Middlewares/Third_Party/FreeRTOS/Source/tasks.o
                0x000000000800c068                xTaskPriorityInherit
 .text.xTaskPriorityDisinherit
                0x000000000800c144       0xb8 ./Middlewares/Third_Party/FreeRTOS/Source/tasks.o
                0x000000000800c144                xTaskPriorityDisinherit
 .text.vTaskPriorityDisinheritAfterTimeout
                0x000000000800c1fc       0xe8 ./Middlewares/Third_Party/FreeRTOS/Source/tasks.o
                0x000000000800c1fc                vTaskPriorityDisinheritAfterTimeout
 .text.pvTaskIncrementMutexHeldCount
                0x000000000800c2e4       0x24 ./Middlewares/Third_Party/FreeRTOS/Source/tasks.o
                0x000000000800c2e4                pvTaskIncrementMutexHeldCount
 .text.ulTaskNotifyTake
                0x000000000800c308       0x8c ./Middlewares/Third_Party/FreeRTOS/Source/tasks.o
                0x000000000800c308                ulTaskNotifyTake
 .text.xTaskGenericNotify
                0x000000000800c394      0x124 ./Middlewares/Third_Party/FreeRTOS/Source/tasks.o
                0x000000000800c394                xTaskGenericNotify
 .text.xTaskGenericNotifyFromISR
                0x000000000800c4b8      0x164 ./Middlewares/Third_Party/FreeRTOS/Source/tasks.o
                0x000000000800c4b8                xTaskGenericNotifyFromISR
 .text.vTaskNotifyGiveFromISR
                0x000000000800c61c       0xf4 ./Middlewares/Third_Party/FreeRTOS/Source/tasks.o
                0x000000000800c61c                vTaskNotifyGiveFromISR
 .text.prvAddCurrentTaskToDelayedList
                0x000000000800c710       0xa8 ./Middlewares/Third_Party/FreeRTOS/Source/tasks.o
 .text.xTimerCreateTimerTask
                0x000000000800c7b8       0x7c ./Middlewares/Third_Party/FreeRTOS/Source/timers.o
                0x000000000800c7b8                xTimerCreateTimerTask
 .text.xTimerCreate
                0x000000000800c834       0x46 ./Middlewares/Third_Party/FreeRTOS/Source/timers.o
                0x000000000800c834                xTimerCreate
 .text.xTimerCreateStatic
                0x000000000800c87a       0x58 ./Middlewares/Third_Party/FreeRTOS/Source/timers.o
                0x000000000800c87a                xTimerCreateStatic
 .text.prvInitialiseNewTimer
                0x000000000800c8d2       0x52 ./Middlewares/Third_Party/FreeRTOS/Source/timers.o
 .text.xTimerGenericCommand
                0x000000000800c924       0x94 ./Middlewares/Third_Party/FreeRTOS/Source/timers.o
                0x000000000800c924                xTimerGenericCommand
 .text.prvProcessExpiredTimer
                0x000000000800c9b8       0x70 ./Middlewares/Third_Party/FreeRTOS/Source/timers.o
 .text.prvTimerTask
                0x000000000800ca28       0x28 ./Middlewares/Third_Party/FreeRTOS/Source/timers.o
 .text.prvProcessTimerOrBlockTask
                0x000000000800ca50       0x8c ./Middlewares/Third_Party/FreeRTOS/Source/timers.o
 .text.prvGetNextExpireTime
                0x000000000800cadc       0x40 ./Middlewares/Third_Party/FreeRTOS/Source/timers.o
 .text.prvSampleTimeNow
                0x000000000800cb1c       0x40 ./Middlewares/Third_Party/FreeRTOS/Source/timers.o
 .text.prvInsertTimerInActiveList
                0x000000000800cb5c       0x84 ./Middlewares/Third_Party/FreeRTOS/Source/timers.o
 .text.prvProcessReceivedCommands
                0x000000000800cbe0      0x130 ./Middlewares/Third_Party/FreeRTOS/Source/timers.o
 .text.prvSwitchTimerLists
                0x000000000800cd10       0xb4 ./Middlewares/Third_Party/FreeRTOS/Source/timers.o
 .text.prvCheckForValidListAndQueue
                0x000000000800cdc4       0x84 ./Middlewares/Third_Party/FreeRTOS/Source/timers.o
 .text.pvTimerGetTimerID
                0x000000000800ce48       0x2e ./Middlewares/Third_Party/FreeRTOS/Source/timers.o
                0x000000000800ce48                pvTimerGetTimerID
 *fill*         0x000000000800ce76        0x2 
 .text.pxPortInitialiseStack
                0x000000000800ce78       0x54 ./Middlewares/Third_Party/FreeRTOS/Source/portable/GCC/ARM_CM0/port.o
                0x000000000800ce78                pxPortInitialiseStack
 .text.prvTaskExitError
                0x000000000800cecc       0x30 ./Middlewares/Third_Party/FreeRTOS/Source/portable/GCC/ARM_CM0/port.o
 .text.SVC_Handler
                0x000000000800cefc        0xa ./Middlewares/Third_Party/FreeRTOS/Source/portable/GCC/ARM_CM0/port.o
                0x000000000800cefc                SVC_Handler
 *fill*         0x000000000800cf06        0xa 
 .text.vPortStartFirstTask
                0x000000000800cf10       0x38 ./Middlewares/Third_Party/FreeRTOS/Source/portable/GCC/ARM_CM0/port.o
 .text.xPortStartScheduler
                0x000000000800cf48       0x48 ./Middlewares/Third_Party/FreeRTOS/Source/portable/GCC/ARM_CM0/port.o
                0x000000000800cf48                xPortStartScheduler
 .text.vPortYield
                0x000000000800cf90       0x20 ./Middlewares/Third_Party/FreeRTOS/Source/portable/GCC/ARM_CM0/port.o
                0x000000000800cf90                vPortYield
 .text.vPortEnterCritical
                0x000000000800cfb0       0x24 ./Middlewares/Third_Party/FreeRTOS/Source/portable/GCC/ARM_CM0/port.o
                0x000000000800cfb0                vPortEnterCritical
 .text.vPortExitCritical
                0x000000000800cfd4       0x30 ./Middlewares/Third_Party/FreeRTOS/Source/portable/GCC/ARM_CM0/port.o
                0x000000000800cfd4                vPortExitCritical
 .text.ulSetInterruptMaskFromISR
                0x000000000800d004        0xc ./Middlewares/Third_Party/FreeRTOS/Source/portable/GCC/ARM_CM0/port.o
                0x000000000800d004                ulSetInterruptMaskFromISR
 .text.vClearInterruptMaskFromISR
                0x000000000800d010        0x8 ./Middlewares/Third_Party/FreeRTOS/Source/portable/GCC/ARM_CM0/port.o
                0x000000000800d010                vClearInterruptMaskFromISR
 *fill*         0x000000000800d018        0x8 
 .text.PendSV_Handler
                0x000000000800d020       0x48 ./Middlewares/Third_Party/FreeRTOS/Source/portable/GCC/ARM_CM0/port.o
                0x000000000800d020                PendSV_Handler
 .text.xPortSysTickHandler
                0x000000000800d068       0x34 ./Middlewares/Third_Party/FreeRTOS/Source/portable/GCC/ARM_CM0/port.o
                0x000000000800d068                xPortSysTickHandler
 .text.prvSetupTimerInterrupt
                0x000000000800d09c       0x44 ./Middlewares/Third_Party/FreeRTOS/Source/portable/GCC/ARM_CM0/port.o
 .text.pvPortMalloc
                0x000000000800d0e0      0x14c ./Middlewares/Third_Party/FreeRTOS/Source/portable/MemMang/heap_4.o
                0x000000000800d0e0                pvPortMalloc
 .text.vPortFree
                0x000000000800d22c       0x90 ./Middlewares/Third_Party/FreeRTOS/Source/portable/MemMang/heap_4.o
                0x000000000800d22c                vPortFree
 .text.prvHeapInit
                0x000000000800d2bc       0xc0 ./Middlewares/Third_Party/FreeRTOS/Source/portable/MemMang/heap_4.o
 .text.prvInsertBlockIntoFreeList
                0x000000000800d37c       0xb0 ./Middlewares/Third_Party/FreeRTOS/Source/portable/MemMang/heap_4.o
 .text.MCP3462_ADCInit
                0x000000000800d42c       0xc0 ./Middlewares/Third_Party/MCP3462/Src/MCP3462.o
                0x000000000800d42c                MCP3462_ADCInit
 .text.MCP3462_ADCRead
                0x000000000800d4ec       0xb8 ./Middlewares/Third_Party/MCP3462/Src/MCP3462.o
                0x000000000800d4ec                MCP3462_ADCRead
 .text.memset   0x000000000800d5a4       0x10 /Applications/STM32CubeIDE.app/Contents/Eclipse/plugins/com.st.stm32cube.ide.mcu.externaltools.gnu-tools-for-stm32.11.3.rel1.macos64_1.1.100.202310310803/tools/bin/../lib/gcc/arm-none-eabi/11.3.1/../../../../arm-none-eabi/lib/thumb/v6-m/nofp/libc_nano.a(libc_a-memset.o)
                0x000000000800d5a4                memset
 .text._reclaim_reent
                0x000000000800d5b4       0xbc /Applications/STM32CubeIDE.app/Contents/Eclipse/plugins/com.st.stm32cube.ide.mcu.externaltools.gnu-tools-for-stm32.11.3.rel1.macos64_1.1.100.202310310803/tools/bin/../lib/gcc/arm-none-eabi/11.3.1/../../../../arm-none-eabi/lib/thumb/v6-m/nofp/libc_nano.a(libc_a-reent.o)
                0x000000000800d5b4                _reclaim_reent
 .text.__libc_init_array
                0x000000000800d670       0x48 /Applications/STM32CubeIDE.app/Contents/Eclipse/plugins/com.st.stm32cube.ide.mcu.externaltools.gnu-tools-for-stm32.11.3.rel1.macos64_1.1.100.202310310803/tools/bin/../lib/gcc/arm-none-eabi/11.3.1/../../../../arm-none-eabi/lib/thumb/v6-m/nofp/libc_nano.a(libc_a-init.o)
                0x000000000800d670                __libc_init_array
 .text.__retarget_lock_acquire_recursive
                0x000000000800d6b8        0x2 /Applications/STM32CubeIDE.app/Contents/Eclipse/plugins/com.st.stm32cube.ide.mcu.externaltools.gnu-tools-for-stm32.11.3.rel1.macos64_1.1.100.202310310803/tools/bin/../lib/gcc/arm-none-eabi/11.3.1/../../../../arm-none-eabi/lib/thumb/v6-m/nofp/libc_nano.a(libc_a-lock.o)
                0x000000000800d6b8                __retarget_lock_acquire_recursive
 .text.__retarget_lock_release_recursive
                0x000000000800d6ba        0x2 /Applications/STM32CubeIDE.app/Contents/Eclipse/plugins/com.st.stm32cube.ide.mcu.externaltools.gnu-tools-for-stm32.11.3.rel1.macos64_1.1.100.202310310803/tools/bin/../lib/gcc/arm-none-eabi/11.3.1/../../../../arm-none-eabi/lib/thumb/v6-m/nofp/libc_nano.a(libc_a-lock.o)
                0x000000000800d6ba                __retarget_lock_release_recursive
 .text.memcpy   0x000000000800d6bc       0x12 /Applications/STM32CubeIDE.app/Contents/Eclipse/plugins/com.st.stm32cube.ide.mcu.externaltools.gnu-tools-for-stm32.11.3.rel1.macos64_1.1.100.202310310803/tools/bin/../lib/gcc/arm-none-eabi/11.3.1/../../../../arm-none-eabi/lib/thumb/v6-m/nofp/libc_nano.a(libc_a-memcpy-stub.o)
                0x000000000800d6bc                memcpy
 *fill*         0x000000000800d6ce        0x2 
 .text._free_r  0x000000000800d6d0       0x94 /Applications/STM32CubeIDE.app/Contents/Eclipse/plugins/com.st.stm32cube.ide.mcu.externaltools.gnu-tools-for-stm32.11.3.rel1.macos64_1.1.100.202310310803/tools/bin/../lib/gcc/arm-none-eabi/11.3.1/../../../../arm-none-eabi/lib/thumb/v6-m/nofp/libc_nano.a(libc_a-freer.o)
                0x000000000800d6d0                _free_r
 .text.__malloc_lock
                0x000000000800d764       0x10 /Applications/STM32CubeIDE.app/Contents/Eclipse/plugins/com.st.stm32cube.ide.mcu.externaltools.gnu-tools-for-stm32.11.3.rel1.macos64_1.1.100.202310310803/tools/bin/../lib/gcc/arm-none-eabi/11.3.1/../../../../arm-none-eabi/lib/thumb/v6-m/nofp/libc_nano.a(libc_a-mlock.o)
                0x000000000800d764                __malloc_lock
 .text.__malloc_unlock
                0x000000000800d774       0x10 /Applications/STM32CubeIDE.app/Contents/Eclipse/plugins/com.st.stm32cube.ide.mcu.externaltools.gnu-tools-for-stm32.11.3.rel1.macos64_1.1.100.202310310803/tools/bin/../lib/gcc/arm-none-eabi/11.3.1/../../../../arm-none-eabi/lib/thumb/v6-m/nofp/libc_nano.a(libc_a-mlock.o)
                0x000000000800d774                __malloc_unlock
 *(.glue_7)
 .glue_7        0x000000000800d784        0x0 linker stubs
 *(.glue_7t)
 .glue_7t       0x000000000800d784        0x0 linker stubs
 *(.eh_frame)
 .eh_frame      0x000000000800d784        0x0 /Applications/STM32CubeIDE.app/Contents/Eclipse/plugins/com.st.stm32cube.ide.mcu.externaltools.gnu-tools-for-stm32.11.3.rel1.macos64_1.1.100.202310310803/tools/bin/../lib/gcc/arm-none-eabi/11.3.1/thumb/v6-m/nofp/crtbegin.o
 *(.init)
 .init          0x000000000800d784        0x4 /Applications/STM32CubeIDE.app/Contents/Eclipse/plugins/com.st.stm32cube.ide.mcu.externaltools.gnu-tools-for-stm32.11.3.rel1.macos64_1.1.100.202310310803/tools/bin/../lib/gcc/arm-none-eabi/11.3.1/thumb/v6-m/nofp/crti.o
                0x000000000800d784                _init
 .init          0x000000000800d788        0x8 /Applications/STM32CubeIDE.app/Contents/Eclipse/plugins/com.st.stm32cube.ide.mcu.externaltools.gnu-tools-for-stm32.11.3.rel1.macos64_1.1.100.202310310803/tools/bin/../lib/gcc/arm-none-eabi/11.3.1/thumb/v6-m/nofp/crtn.o
 *(.fini)
 .fini          0x000000000800d790        0x4 /Applications/STM32CubeIDE.app/Contents/Eclipse/plugins/com.st.stm32cube.ide.mcu.externaltools.gnu-tools-for-stm32.11.3.rel1.macos64_1.1.100.202310310803/tools/bin/../lib/gcc/arm-none-eabi/11.3.1/thumb/v6-m/nofp/crti.o
                0x000000000800d790                _fini
 .fini          0x000000000800d794        0x8 /Applications/STM32CubeIDE.app/Contents/Eclipse/plugins/com.st.stm32cube.ide.mcu.externaltools.gnu-tools-for-stm32.11.3.rel1.macos64_1.1.100.202310310803/tools/bin/../lib/gcc/arm-none-eabi/11.3.1/thumb/v6-m/nofp/crtn.o
                0x000000000800d79c                . = ALIGN (0x4)
                0x000000000800d79c                _etext = .

.vfp11_veneer   0x000000000800d79c        0x0
 .vfp11_veneer  0x000000000800d79c        0x0 linker stubs

.v4_bx          0x000000000800d79c        0x0
 .v4_bx         0x000000000800d79c        0x0 linker stubs

.iplt           0x000000000800d79c        0x0
 .iplt          0x000000000800d79c        0x0 /Applications/STM32CubeIDE.app/Contents/Eclipse/plugins/com.st.stm32cube.ide.mcu.externaltools.gnu-tools-for-stm32.11.3.rel1.macos64_1.1.100.202310310803/tools/bin/../lib/gcc/arm-none-eabi/11.3.1/thumb/v6-m/nofp/crtbegin.o

.rodata         0x000000000800d79c      0x318
                0x000000000800d79c                . = ALIGN (0x4)
 *(.rodata)
 .rodata        0x000000000800d79c       0x3d ./Core/Src/freertos.o
 *fill*         0x000000000800d7d9        0x3 
 .rodata        0x000000000800d7dc       0x5d ./Middlewares/MODBUS-LIB/Src/Modbus.o
 *fill*         0x000000000800d839        0x3 
 .rodata        0x000000000800d83c        0x5 ./Middlewares/Third_Party/FreeRTOS/Source/tasks.o
 *fill*         0x000000000800d841        0x3 
 .rodata        0x000000000800d844        0xd ./Middlewares/Third_Party/FreeRTOS/Source/timers.o
 *fill*         0x000000000800d851        0x3 
 .rodata        0x000000000800d854       0x40 /Applications/STM32CubeIDE.app/Contents/Eclipse/plugins/com.st.stm32cube.ide.mcu.externaltools.gnu-tools-for-stm32.11.3.rel1.macos64_1.1.100.202310310803/tools/bin/../lib/gcc/arm-none-eabi/11.3.1/thumb/v6-m/nofp/libgcc.a(divdf3.o)
 *(.rodata*)
 .rodata.ADCTask_attributes
                0x000000000800d894       0x24 ./Core/Src/freertos.o
                0x000000000800d894                ADCTask_attributes
 .rodata.GreenLedOffTimer_attributes
                0x000000000800d8b8       0x10 ./Core/Src/freertos.o
                0x000000000800d8b8                GreenLedOffTimer_attributes
 .rodata.RedLedOffTimer_attributes
                0x000000000800d8c8       0x10 ./Core/Src/freertos.o
                0x000000000800d8c8                RedLedOffTimer_attributes
 .rodata.sendCANDataTimer_attributes
                0x000000000800d8d8       0x10 ./Core/Src/freertos.o
                0x000000000800d8d8                sendCANDataTimer_attributes
 .rodata.AHBPrescTable
                0x000000000800d8e8       0x10 ./Core/Src/system_stm32f0xx.o
                0x000000000800d8e8                AHBPrescTable
 .rodata.APBPrescTable
                0x000000000800d8f8        0x8 ./Core/Src/system_stm32f0xx.o
                0x000000000800d8f8                APBPrescTable
 .rodata.aPLLMULFactorTable.1
                0x000000000800d900       0x10 ./Drivers/STM32F0xx_HAL_Driver/Src/stm32f0xx_hal_rcc.o
 .rodata.aPredivFactorTable.0
                0x000000000800d910       0x10 ./Drivers/STM32F0xx_HAL_Driver/Src/stm32f0xx_hal_rcc.o
 .rodata.QueueTelegram_attributes
                0x000000000800d920       0x18 ./Middlewares/MODBUS-LIB/Src/Modbus.o
                0x000000000800d920                QueueTelegram_attributes
 .rodata.myTaskModbusA_attributes
                0x000000000800d938       0x24 ./Middlewares/MODBUS-LIB/Src/Modbus.o
                0x000000000800d938                myTaskModbusA_attributes
 .rodata.myTaskModbusB_attributes
                0x000000000800d95c       0x24 ./Middlewares/MODBUS-LIB/Src/Modbus.o
                0x000000000800d95c                myTaskModbusB_attributes
 .rodata.ModBusSphr_attributes
                0x000000000800d980       0x10 ./Middlewares/MODBUS-LIB/Src/Modbus.o
                0x000000000800d980                ModBusSphr_attributes
 .rodata.fctsupported
                0x000000000800d990        0x8 ./Middlewares/MODBUS-LIB/Src/Modbus.o
                0x000000000800d990                fctsupported
 .rodata.StartTaskModbusSlave
                0x000000000800d998       0x44 ./Middlewares/MODBUS-LIB/Src/Modbus.o
 .rodata.SendQuery
                0x000000000800d9dc       0x44 ./Middlewares/MODBUS-LIB/Src/Modbus.o
 .rodata.validateRequest
                0x000000000800da20       0x44 ./Middlewares/MODBUS-LIB/Src/Modbus.o
 .rodata.xTaskGenericNotify
                0x000000000800da64       0x14 ./Middlewares/Third_Party/FreeRTOS/Source/tasks.o
 .rodata.xTaskGenericNotifyFromISR
                0x000000000800da78       0x14 ./Middlewares/Third_Party/FreeRTOS/Source/tasks.o
 .rodata.prvProcessReceivedCommands
                0x000000000800da8c       0x28 ./Middlewares/Third_Party/FreeRTOS/Source/timers.o
                0x000000000800dab4                . = ALIGN (0x4)

.rel.dyn        0x000000000800dab4        0x0
 .rel.iplt      0x000000000800dab4        0x0 /Applications/STM32CubeIDE.app/Contents/Eclipse/plugins/com.st.stm32cube.ide.mcu.externaltools.gnu-tools-for-stm32.11.3.rel1.macos64_1.1.100.202310310803/tools/bin/../lib/gcc/arm-none-eabi/11.3.1/thumb/v6-m/nofp/crtbegin.o

.ARM.extab      0x000000000800dab4        0x0
                0x000000000800dab4                . = ALIGN (0x4)
 *(.ARM.extab* .gnu.linkonce.armextab.*)
                0x000000000800dab4                . = ALIGN (0x4)

.ARM            0x000000000800dab4        0x0
                0x000000000800dab4                . = ALIGN (0x4)
                0x000000000800dab4                __exidx_start = .
 *(.ARM.exidx*)
                0x000000000800dab4                __exidx_end = .
                0x000000000800dab4                . = ALIGN (0x4)

.preinit_array  0x000000000800dab4        0x0
                0x000000000800dab4                . = ALIGN (0x4)
                0x000000000800dab4                PROVIDE (__preinit_array_start = .)
 *(.preinit_array*)
                0x000000000800dab4                PROVIDE (__preinit_array_end = .)
                0x000000000800dab4                . = ALIGN (0x4)

.init_array     0x000000000800dab4        0x4
                0x000000000800dab4                . = ALIGN (0x4)
                0x000000000800dab4                PROVIDE (__init_array_start = .)
 *(SORT_BY_NAME(.init_array.*))
 *(.init_array*)
 .init_array    0x000000000800dab4        0x4 /Applications/STM32CubeIDE.app/Contents/Eclipse/plugins/com.st.stm32cube.ide.mcu.externaltools.gnu-tools-for-stm32.11.3.rel1.macos64_1.1.100.202310310803/tools/bin/../lib/gcc/arm-none-eabi/11.3.1/thumb/v6-m/nofp/crtbegin.o
                0x000000000800dab8                PROVIDE (__init_array_end = .)
                0x000000000800dab8                . = ALIGN (0x4)

.fini_array     0x000000000800dab8        0x4
                0x000000000800dab8                . = ALIGN (0x4)
                [!provide]                        PROVIDE (__fini_array_start = .)
 *(SORT_BY_NAME(.fini_array.*))
 *(.fini_array*)
 .fini_array    0x000000000800dab8        0x4 /Applications/STM32CubeIDE.app/Contents/Eclipse/plugins/com.st.stm32cube.ide.mcu.externaltools.gnu-tools-for-stm32.11.3.rel1.macos64_1.1.100.202310310803/tools/bin/../lib/gcc/arm-none-eabi/11.3.1/thumb/v6-m/nofp/crtbegin.o
                [!provide]                        PROVIDE (__fini_array_end = .)
                0x000000000800dabc                . = ALIGN (0x4)
                0x000000000800dabc                _sidata = LOADADDR (.data)

.data           0x0000000020000000       0x64 load address 0x000000000800dabc
                0x0000000020000000                . = ALIGN (0x4)
                0x0000000020000000                _sdata = .
 *(.data)
 *(.data*)
 .data.CANBaseAddress
                0x0000000020000000        0x2 ./Core/Src/freertos.o
                0x0000000020000000                CANBaseAddress
 *fill*         0x0000000020000002        0x2 
 .data.SystemCoreClock
                0x0000000020000004        0x4 ./Core/Src/system_stm32f0xx.o
                0x0000000020000004                SystemCoreClock
 .data.uwTickPrio
                0x0000000020000008        0x4 ./Drivers/STM32F0xx_HAL_Driver/Src/stm32f0xx_hal.o
                0x0000000020000008                uwTickPrio
 .data.uwTickFreq
                0x000000002000000c        0x1 ./Drivers/STM32F0xx_HAL_Driver/Src/stm32f0xx_hal.o
                0x000000002000000c                uwTickFreq
 *fill*         0x000000002000000d        0x3 
 .data.uxCriticalNesting
                0x0000000020000010        0x4 ./Middlewares/Third_Party/FreeRTOS/Source/portable/GCC/ARM_CM0/port.o
 .data._impure_data
                0x0000000020000014       0x4c /Applications/STM32CubeIDE.app/Contents/Eclipse/plugins/com.st.stm32cube.ide.mcu.externaltools.gnu-tools-for-stm32.11.3.rel1.macos64_1.1.100.202310310803/tools/bin/../lib/gcc/arm-none-eabi/11.3.1/../../../../arm-none-eabi/lib/thumb/v6-m/nofp/libc_nano.a(libc_a-impure.o)
                0x0000000020000014                _impure_data
 .data._impure_ptr
                0x0000000020000060        0x4 /Applications/STM32CubeIDE.app/Contents/Eclipse/plugins/com.st.stm32cube.ide.mcu.externaltools.gnu-tools-for-stm32.11.3.rel1.macos64_1.1.100.202310310803/tools/bin/../lib/gcc/arm-none-eabi/11.3.1/../../../../arm-none-eabi/lib/thumb/v6-m/nofp/libc_nano.a(libc_a-impure.o)
                0x0000000020000060                _impure_ptr
 *(.RamFunc)
 *(.RamFunc*)
                0x0000000020000064                . = ALIGN (0x4)
                0x0000000020000064                _edata = .

.igot.plt       0x0000000020000064        0x0 load address 0x000000000800db20
 .igot.plt      0x0000000020000064        0x0 /Applications/STM32CubeIDE.app/Contents/Eclipse/plugins/com.st.stm32cube.ide.mcu.externaltools.gnu-tools-for-stm32.11.3.rel1.macos64_1.1.100.202310310803/tools/bin/../lib/gcc/arm-none-eabi/11.3.1/thumb/v6-m/nofp/crtbegin.o
                0x0000000020000064                . = ALIGN (0x4)

.bss            0x0000000020000068     0x2268 load address 0x000000000800db20
                0x0000000020000068                _sbss = .
                0x0000000020000068                __bss_start__ = _sbss
 *(.bss)
 .bss           0x0000000020000068       0x1c /Applications/STM32CubeIDE.app/Contents/Eclipse/plugins/com.st.stm32cube.ide.mcu.externaltools.gnu-tools-for-stm32.11.3.rel1.macos64_1.1.100.202310310803/tools/bin/../lib/gcc/arm-none-eabi/11.3.1/thumb/v6-m/nofp/crtbegin.o
 *(.bss*)
 .bss.EraseInitStruct.0
                0x0000000020000084        0xc ./Core/Src/FlASH_PAGE_F1.o
 .bss.hcan      0x0000000020000090       0x28 ./Core/Src/can.o
                0x0000000020000090                hcan
 .bss.RxHeader  0x00000000200000b8       0x1c ./Core/Src/can.o
                0x00000000200000b8                RxHeader
 .bss.RxData    0x00000000200000d4        0x8 ./Core/Src/can.o
                0x00000000200000d4                RxData
 .bss.lastCurrent
                0x00000000200000dc        0x4 ./Core/Src/freertos.o
                0x00000000200000dc                lastCurrent
 .bss.lastVoltage
                0x00000000200000e0        0x4 ./Core/Src/freertos.o
                0x00000000200000e0                lastVoltage
 .bss.newVoltage
                0x00000000200000e4        0x1 ./Core/Src/freertos.o
                0x00000000200000e4                newVoltage
 .bss.newCurrent
                0x00000000200000e5        0x1 ./Core/Src/freertos.o
                0x00000000200000e5                newCurrent
 *fill*         0x00000000200000e6        0x2 
 .bss.ADCTaskHandle
                0x00000000200000e8        0x4 ./Core/Src/freertos.o
                0x00000000200000e8                ADCTaskHandle
 .bss.GreenLedOffTimerHandle
                0x00000000200000ec        0x4 ./Core/Src/freertos.o
                0x00000000200000ec                GreenLedOffTimerHandle
 .bss.RedLedOffTimerHandle
                0x00000000200000f0        0x4 ./Core/Src/freertos.o
                0x00000000200000f0                RedLedOffTimerHandle
 .bss.sendCANDataTimerHandle
                0x00000000200000f4        0x4 ./Core/Src/freertos.o
                0x00000000200000f4                sendCANDataTimerHandle
 .bss.adcBuffer
                0x00000000200000f8       0xd0 ./Core/Src/freertos.o
                0x00000000200000f8                adcBuffer
 .bss.CANBuffer
                0x00000000200001c8        0x8 ./Core/Src/freertos.o
                0x00000000200001c8                CANBuffer
 .bss.msg       0x00000000200001d0       0x18 ./Core/Src/freertos.o
                0x00000000200001d0                msg
 .bss.hiwdg     0x00000000200001e8       0x10 ./Core/Src/iwdg.o
                0x00000000200001e8                hiwdg
 .bss.ModbusH   0x00000000200001f8      0x144 ./Core/Src/main.o
                0x00000000200001f8                ModbusH
 .bss.ModbusDATA
                0x000000002000033c       0x4c ./Core/Src/main.o
                0x000000002000033c                ModbusDATA
 .bss.hspi1     0x0000000020000388       0x64 ./Core/Src/spi.o
                0x0000000020000388                hspi1
 .bss.huart1    0x00000000200003ec       0x88 ./Core/Src/usart.o
                0x00000000200003ec                huart1
 .bss.hpcd_USB_FS
                0x0000000020000474      0x2f4 ./Core/Src/usb.o
                0x0000000020000474                hpcd_USB_FS
 .bss.uwTick    0x0000000020000768        0x4 ./Drivers/STM32F0xx_HAL_Driver/Src/stm32f0xx_hal.o
                0x0000000020000768                uwTick
 *fill*         0x000000002000076c        0x4 
 .bss.pFlash    0x0000000020000770       0x20 ./Drivers/STM32F0xx_HAL_Driver/Src/stm32f0xx_hal_flash.o
                0x0000000020000770                pFlash
 .bss.mHandlers
                0x0000000020000790        0x8 ./Middlewares/MODBUS-LIB/Src/Modbus.o
                0x0000000020000790                mHandlers
 .bss.numberHandlers
                0x0000000020000798        0x1 ./Middlewares/MODBUS-LIB/Src/Modbus.o
                0x0000000020000798                numberHandlers
 *fill*         0x0000000020000799        0x3 
 .bss.calibrationData
                0x000000002000079c       0x1c ./Middlewares/MODBUS-LIB/Src/Modbus.o
                0x000000002000079c                calibrationData
 .bss.KernelState
                0x00000000200007b8        0x4 ./Middlewares/Third_Party/FreeRTOS/Source/CMSIS_RTOS_V2/cmsis_os2.o
 .bss.Idle_TCB  0x00000000200007bc       0xa8 ./Middlewares/Third_Party/FreeRTOS/Source/CMSIS_RTOS_V2/cmsis_os2.o
 .bss.Idle_Stack
                0x0000000020000864      0x200 ./Middlewares/Third_Party/FreeRTOS/Source/CMSIS_RTOS_V2/cmsis_os2.o
 .bss.Timer_TCB
                0x0000000020000a64       0xa8 ./Middlewares/Third_Party/FreeRTOS/Source/CMSIS_RTOS_V2/cmsis_os2.o
 .bss.Timer_Stack
                0x0000000020000b0c      0x400 ./Middlewares/Third_Party/FreeRTOS/Source/CMSIS_RTOS_V2/cmsis_os2.o
 .bss.xQueueRegistry
                0x0000000020000f0c       0x40 ./Middlewares/Third_Party/FreeRTOS/Source/queue.o
                0x0000000020000f0c                xQueueRegistry
 .bss.pxCurrentTCB
                0x0000000020000f4c        0x4 ./Middlewares/Third_Party/FreeRTOS/Source/tasks.o
                0x0000000020000f4c                pxCurrentTCB
 .bss.pxReadyTasksLists
                0x0000000020000f50      0x460 ./Middlewares/Third_Party/FreeRTOS/Source/tasks.o
 .bss.xDelayedTaskList1
                0x00000000200013b0       0x14 ./Middlewares/Third_Party/FreeRTOS/Source/tasks.o
 .bss.xDelayedTaskList2
                0x00000000200013c4       0x14 ./Middlewares/Third_Party/FreeRTOS/Source/tasks.o
 .bss.pxDelayedTaskList
                0x00000000200013d8        0x4 ./Middlewares/Third_Party/FreeRTOS/Source/tasks.o
 .bss.pxOverflowDelayedTaskList
                0x00000000200013dc        0x4 ./Middlewares/Third_Party/FreeRTOS/Source/tasks.o
 .bss.xPendingReadyList
                0x00000000200013e0       0x14 ./Middlewares/Third_Party/FreeRTOS/Source/tasks.o
 .bss.xTasksWaitingTermination
                0x00000000200013f4       0x14 ./Middlewares/Third_Party/FreeRTOS/Source/tasks.o
 .bss.uxDeletedTasksWaitingCleanUp
                0x0000000020001408        0x4 ./Middlewares/Third_Party/FreeRTOS/Source/tasks.o
 .bss.xSuspendedTaskList
                0x000000002000140c       0x14 ./Middlewares/Third_Party/FreeRTOS/Source/tasks.o
 .bss.uxCurrentNumberOfTasks
                0x0000000020001420        0x4 ./Middlewares/Third_Party/FreeRTOS/Source/tasks.o
 .bss.xTickCount
                0x0000000020001424        0x4 ./Middlewares/Third_Party/FreeRTOS/Source/tasks.o
 .bss.uxTopReadyPriority
                0x0000000020001428        0x4 ./Middlewares/Third_Party/FreeRTOS/Source/tasks.o
 .bss.xSchedulerRunning
                0x000000002000142c        0x4 ./Middlewares/Third_Party/FreeRTOS/Source/tasks.o
 .bss.uxPendedTicks
                0x0000000020001430        0x4 ./Middlewares/Third_Party/FreeRTOS/Source/tasks.o
 .bss.xYieldPending
                0x0000000020001434        0x4 ./Middlewares/Third_Party/FreeRTOS/Source/tasks.o
 .bss.xNumOfOverflows
                0x0000000020001438        0x4 ./Middlewares/Third_Party/FreeRTOS/Source/tasks.o
 .bss.uxTaskNumber
                0x000000002000143c        0x4 ./Middlewares/Third_Party/FreeRTOS/Source/tasks.o
 .bss.xNextTaskUnblockTime
                0x0000000020001440        0x4 ./Middlewares/Third_Party/FreeRTOS/Source/tasks.o
 .bss.xIdleTaskHandle
                0x0000000020001444        0x4 ./Middlewares/Third_Party/FreeRTOS/Source/tasks.o
 .bss.uxSchedulerSuspended
                0x0000000020001448        0x4 ./Middlewares/Third_Party/FreeRTOS/Source/tasks.o
 .bss.xActiveTimerList1
                0x000000002000144c       0x14 ./Middlewares/Third_Party/FreeRTOS/Source/timers.o
 .bss.xActiveTimerList2
                0x0000000020001460       0x14 ./Middlewares/Third_Party/FreeRTOS/Source/timers.o
 .bss.pxCurrentTimerList
                0x0000000020001474        0x4 ./Middlewares/Third_Party/FreeRTOS/Source/timers.o
 .bss.pxOverflowTimerList
                0x0000000020001478        0x4 ./Middlewares/Third_Party/FreeRTOS/Source/timers.o
 .bss.xTimerQueue
                0x000000002000147c        0x4 ./Middlewares/Third_Party/FreeRTOS/Source/timers.o
 .bss.xTimerTaskHandle
                0x0000000020001480        0x4 ./Middlewares/Third_Party/FreeRTOS/Source/timers.o
 .bss.xLastTime.2
                0x0000000020001484        0x4 ./Middlewares/Third_Party/FreeRTOS/Source/timers.o
 .bss.ucStaticTimerQueueStorage.1
                0x0000000020001488       0xa0 ./Middlewares/Third_Party/FreeRTOS/Source/timers.o
 .bss.xStaticTimerQueue.0
                0x0000000020001528       0x50 ./Middlewares/Third_Party/FreeRTOS/Source/timers.o
 .bss.ucHeap    0x0000000020001578      0xc00 ./Middlewares/Third_Party/FreeRTOS/Source/portable/MemMang/heap_4.o
 .bss.xStart    0x0000000020002178        0x8 ./Middlewares/Third_Party/FreeRTOS/Source/portable/MemMang/heap_4.o
 .bss.pxEnd     0x0000000020002180        0x4 ./Middlewares/Third_Party/FreeRTOS/Source/portable/MemMang/heap_4.o
 .bss.xFreeBytesRemaining
                0x0000000020002184        0x4 ./Middlewares/Third_Party/FreeRTOS/Source/portable/MemMang/heap_4.o
 .bss.xMinimumEverFreeBytesRemaining
                0x0000000020002188        0x4 ./Middlewares/Third_Party/FreeRTOS/Source/portable/MemMang/heap_4.o
 .bss.xBlockAllocatedBit
                0x000000002000218c        0x4 ./Middlewares/Third_Party/FreeRTOS/Source/portable/MemMang/heap_4.o
 .bss.__sf      0x0000000020002190      0x138 /Applications/STM32CubeIDE.app/Contents/Eclipse/plugins/com.st.stm32cube.ide.mcu.externaltools.gnu-tools-for-stm32.11.3.rel1.macos64_1.1.100.202310310803/tools/bin/../lib/gcc/arm-none-eabi/11.3.1/../../../../arm-none-eabi/lib/thumb/v6-m/nofp/libc_nano.a(libc_a-findfp.o)
                0x0000000020002190                __sf
 .bss.__lock___malloc_recursive_mutex
                0x00000000200022c8        0x1 /Applications/STM32CubeIDE.app/Contents/Eclipse/plugins/com.st.stm32cube.ide.mcu.externaltools.gnu-tools-for-stm32.11.3.rel1.macos64_1.1.100.202310310803/tools/bin/../lib/gcc/arm-none-eabi/11.3.1/../../../../arm-none-eabi/lib/thumb/v6-m/nofp/libc_nano.a(libc_a-lock.o)
                0x00000000200022c8                __lock___malloc_recursive_mutex
 *fill*         0x00000000200022c9        0x3 
 .bss.__malloc_free_list
                0x00000000200022cc        0x4 /Applications/STM32CubeIDE.app/Contents/Eclipse/plugins/com.st.stm32cube.ide.mcu.externaltools.gnu-tools-for-stm32.11.3.rel1.macos64_1.1.100.202310310803/tools/bin/../lib/gcc/arm-none-eabi/11.3.1/../../../../arm-none-eabi/lib/thumb/v6-m/nofp/libc_nano.a(libc_a-mallocr.o)
                0x00000000200022cc                __malloc_free_list
 *(COMMON)
                0x00000000200022d0                . = ALIGN (0x4)
                0x00000000200022d0                _ebss = .
                0x00000000200022d0                __bss_end__ = _ebss

._user_heap_stack
                0x00000000200022d0      0x600 load address 0x000000000800db20
                0x00000000200022d0                . = ALIGN (0x8)
                [!provide]                        PROVIDE (end = .)
                0x00000000200022d0                PROVIDE (_end = .)
                0x00000000200024d0                . = (. + _Min_Heap_Size)
 *fill*         0x00000000200022d0      0x200 
                0x00000000200028d0                . = (. + _Min_Stack_Size)
 *fill*         0x00000000200024d0      0x400 
                0x00000000200028d0                . = ALIGN (0x8)

/DISCARD/
 libc.a(*)
 libm.a(*)
 libgcc.a(*)

.ARM.attributes
                0x0000000000000000       0x28
 *(.ARM.attributes)
 .ARM.attributes
                0x0000000000000000       0x1e /Applications/STM32CubeIDE.app/Contents/Eclipse/plugins/com.st.stm32cube.ide.mcu.externaltools.gnu-tools-for-stm32.11.3.rel1.macos64_1.1.100.202310310803/tools/bin/../lib/gcc/arm-none-eabi/11.3.1/thumb/v6-m/nofp/crti.o
 .ARM.attributes
                0x000000000000001e       0x2c /Applications/STM32CubeIDE.app/Contents/Eclipse/plugins/com.st.stm32cube.ide.mcu.externaltools.gnu-tools-for-stm32.11.3.rel1.macos64_1.1.100.202310310803/tools/bin/../lib/gcc/arm-none-eabi/11.3.1/thumb/v6-m/nofp/crtbegin.o
 .ARM.attributes
                0x000000000000004a       0x2c ./Core/Src/FlASH_PAGE_F1.o
 .ARM.attributes
                0x0000000000000076       0x2c ./Core/Src/InterruptHandlers.o
 .ARM.attributes
                0x00000000000000a2       0x2c ./Core/Src/can.o
 .ARM.attributes
                0x00000000000000ce       0x2c ./Core/Src/freertos.o
 .ARM.attributes
                0x00000000000000fa       0x2c ./Core/Src/gpio.o
 .ARM.attributes
                0x0000000000000126       0x2c ./Core/Src/iwdg.o
 .ARM.attributes
                0x0000000000000152       0x2c ./Core/Src/main.o
 .ARM.attributes
                0x000000000000017e       0x2c ./Core/Src/spi.o
 .ARM.attributes
                0x00000000000001aa       0x2c ./Core/Src/stm32f0xx_hal_msp.o
 .ARM.attributes
                0x00000000000001d6       0x2c ./Core/Src/stm32f0xx_it.o
 .ARM.attributes
                0x0000000000000202       0x2c ./Core/Src/system_stm32f0xx.o
 .ARM.attributes
                0x000000000000022e       0x2c ./Core/Src/usart.o
 .ARM.attributes
                0x000000000000025a       0x2c ./Core/Src/usb.o
 .ARM.attributes
                0x0000000000000286       0x21 ./Core/Startup/startup_stm32f072c8tx.o
 .ARM.attributes
                0x00000000000002a7       0x2c ./Drivers/STM32F0xx_HAL_Driver/Src/stm32f0xx_hal.o
 .ARM.attributes
                0x00000000000002d3       0x2c ./Drivers/STM32F0xx_HAL_Driver/Src/stm32f0xx_hal_can.o
 .ARM.attributes
                0x00000000000002ff       0x2c ./Drivers/STM32F0xx_HAL_Driver/Src/stm32f0xx_hal_cortex.o
 .ARM.attributes
                0x000000000000032b       0x2c ./Drivers/STM32F0xx_HAL_Driver/Src/stm32f0xx_hal_dma.o
 .ARM.attributes
                0x0000000000000357       0x2c ./Drivers/STM32F0xx_HAL_Driver/Src/stm32f0xx_hal_flash.o
 .ARM.attributes
                0x0000000000000383       0x2c ./Drivers/STM32F0xx_HAL_Driver/Src/stm32f0xx_hal_flash_ex.o
 .ARM.attributes
                0x00000000000003af       0x2c ./Drivers/STM32F0xx_HAL_Driver/Src/stm32f0xx_hal_gpio.o
 .ARM.attributes
                0x00000000000003db       0x2c ./Drivers/STM32F0xx_HAL_Driver/Src/stm32f0xx_hal_iwdg.o
 .ARM.attributes
                0x0000000000000407       0x2c ./Drivers/STM32F0xx_HAL_Driver/Src/stm32f0xx_hal_pcd.o
 .ARM.attributes
                0x0000000000000433       0x2c ./Drivers/STM32F0xx_HAL_Driver/Src/stm32f0xx_hal_pcd_ex.o
 .ARM.attributes
                0x000000000000045f       0x2c ./Drivers/STM32F0xx_HAL_Driver/Src/stm32f0xx_hal_rcc.o
 .ARM.attributes
                0x000000000000048b       0x2c ./Drivers/STM32F0xx_HAL_Driver/Src/stm32f0xx_hal_rcc_ex.o
 .ARM.attributes
                0x00000000000004b7       0x2c ./Drivers/STM32F0xx_HAL_Driver/Src/stm32f0xx_hal_spi.o
 .ARM.attributes
                0x00000000000004e3       0x2c ./Drivers/STM32F0xx_HAL_Driver/Src/stm32f0xx_hal_uart.o
 .ARM.attributes
                0x000000000000050f       0x2c ./Drivers/STM32F0xx_HAL_Driver/Src/stm32f0xx_hal_uart_ex.o
 .ARM.attributes
                0x000000000000053b       0x2c ./Drivers/STM32F0xx_HAL_Driver/Src/stm32f0xx_ll_usb.o
 .ARM.attributes
                0x0000000000000567       0x2c ./Middlewares/MODBUS-LIB/Src/Modbus.o
 .ARM.attributes
                0x0000000000000593       0x2c ./Middlewares/MODBUS-LIB/Src/UARTCallback.o
 .ARM.attributes
                0x00000000000005bf       0x2c ./Middlewares/Third_Party/FreeRTOS/Source/CMSIS_RTOS_V2/cmsis_os2.o
 .ARM.attributes
                0x00000000000005eb       0x2c ./Middlewares/Third_Party/FreeRTOS/Source/list.o
 .ARM.attributes
                0x0000000000000617       0x2c ./Middlewares/Third_Party/FreeRTOS/Source/queue.o
 .ARM.attributes
                0x0000000000000643       0x2c ./Middlewares/Third_Party/FreeRTOS/Source/tasks.o
 .ARM.attributes
                0x000000000000066f       0x2c ./Middlewares/Third_Party/FreeRTOS/Source/timers.o
 .ARM.attributes
                0x000000000000069b       0x2c ./Middlewares/Third_Party/FreeRTOS/Source/portable/GCC/ARM_CM0/port.o
 .ARM.attributes
                0x00000000000006c7       0x2c ./Middlewares/Third_Party/FreeRTOS/Source/portable/MemMang/heap_4.o
 .ARM.attributes
                0x00000000000006f3       0x2c ./Middlewares/Third_Party/MCP3462/Src/MCP3462.o
 .ARM.attributes
                0x000000000000071f       0x2c /Applications/STM32CubeIDE.app/Contents/Eclipse/plugins/com.st.stm32cube.ide.mcu.externaltools.gnu-tools-for-stm32.11.3.rel1.macos64_1.1.100.202310310803/tools/bin/../lib/gcc/arm-none-eabi/11.3.1/../../../../arm-none-eabi/lib/thumb/v6-m/nofp/libc_nano.a(libc_a-findfp.o)
 .ARM.attributes
                0x000000000000074b       0x2c /Applications/STM32CubeIDE.app/Contents/Eclipse/plugins/com.st.stm32cube.ide.mcu.externaltools.gnu-tools-for-stm32.11.3.rel1.macos64_1.1.100.202310310803/tools/bin/../lib/gcc/arm-none-eabi/11.3.1/../../../../arm-none-eabi/lib/thumb/v6-m/nofp/libc_nano.a(libc_a-memset.o)
 .ARM.attributes
                0x0000000000000777       0x2c /Applications/STM32CubeIDE.app/Contents/Eclipse/plugins/com.st.stm32cube.ide.mcu.externaltools.gnu-tools-for-stm32.11.3.rel1.macos64_1.1.100.202310310803/tools/bin/../lib/gcc/arm-none-eabi/11.3.1/../../../../arm-none-eabi/lib/thumb/v6-m/nofp/libc_nano.a(libc_a-reent.o)
 .ARM.attributes
                0x00000000000007a3       0x2c /Applications/STM32CubeIDE.app/Contents/Eclipse/plugins/com.st.stm32cube.ide.mcu.externaltools.gnu-tools-for-stm32.11.3.rel1.macos64_1.1.100.202310310803/tools/bin/../lib/gcc/arm-none-eabi/11.3.1/../../../../arm-none-eabi/lib/thumb/v6-m/nofp/libc_nano.a(libc_a-impure.o)
 .ARM.attributes
                0x00000000000007cf       0x2c /Applications/STM32CubeIDE.app/Contents/Eclipse/plugins/com.st.stm32cube.ide.mcu.externaltools.gnu-tools-for-stm32.11.3.rel1.macos64_1.1.100.202310310803/tools/bin/../lib/gcc/arm-none-eabi/11.3.1/../../../../arm-none-eabi/lib/thumb/v6-m/nofp/libc_nano.a(libc_a-init.o)
 .ARM.attributes
                0x00000000000007fb       0x2c /Applications/STM32CubeIDE.app/Contents/Eclipse/plugins/com.st.stm32cube.ide.mcu.externaltools.gnu-tools-for-stm32.11.3.rel1.macos64_1.1.100.202310310803/tools/bin/../lib/gcc/arm-none-eabi/11.3.1/../../../../arm-none-eabi/lib/thumb/v6-m/nofp/libc_nano.a(libc_a-lock.o)
 .ARM.attributes
                0x0000000000000827       0x2c /Applications/STM32CubeIDE.app/Contents/Eclipse/plugins/com.st.stm32cube.ide.mcu.externaltools.gnu-tools-for-stm32.11.3.rel1.macos64_1.1.100.202310310803/tools/bin/../lib/gcc/arm-none-eabi/11.3.1/../../../../arm-none-eabi/lib/thumb/v6-m/nofp/libc_nano.a(libc_a-memcpy-stub.o)
 .ARM.attributes
                0x0000000000000853       0x2c /Applications/STM32CubeIDE.app/Contents/Eclipse/plugins/com.st.stm32cube.ide.mcu.externaltools.gnu-tools-for-stm32.11.3.rel1.macos64_1.1.100.202310310803/tools/bin/../lib/gcc/arm-none-eabi/11.3.1/../../../../arm-none-eabi/lib/thumb/v6-m/nofp/libc_nano.a(libc_a-freer.o)