Archive member included to satisfy reference by file (symbol)

/Applications/STM32CubeIDE.app/Contents/Eclipse/plugins/com.st.stm32cube.ide.mcu.externaltools.gnu-tools-for-stm32.11.3.rel1.macos64_1.1.100.202310310803/tools/bin/../lib/gcc/arm-none-eabi/11.3.1/../../../../arm-none-eabi/lib/thumb/v6-m/nofp/libc_nano.a(libc_a-exit.o)
                              /Applications/STM32CubeIDE.app/Contents/Eclipse/plugins/com.st.stm32cube.ide.mcu.externaltools.gnu-tools-for-stm32.11.3.rel1.macos64_1.1.100.202310310803/tools/bin/../lib/gcc/arm-none-eabi/11.3.1/../../../../arm-none-eabi/lib/thumb/v6-m/nofp/crt0.o (exit)
/Applications/STM32CubeIDE.app/Contents/Eclipse/plugins/com.st.stm32cube.ide.mcu.externaltools.gnu-tools-for-stm32.11.3.rel1.macos64_1.1.100.202310310803/tools/bin/../lib/gcc/arm-none-eabi/11.3.1/../../../../arm-none-eabi/lib/thumb/v6-m/nofp/libc_nano.a(libc_a-findfp.o)
                              ./Middlewares/Third_Party/FreeRTOS/Source/tasks.o (__sf)
/Applications/STM32CubeIDE.app/Contents/Eclipse/plugins/com.st.stm32cube.ide.mcu.externaltools.gnu-tools-for-stm32.11.3.rel1.macos64_1.1.100.202310310803/tools/bin/../lib/gcc/arm-none-eabi/11.3.1/../../../../arm-none-eabi/lib/thumb/v6-m/nofp/libc_nano.a(libc_a-fwalk.o)
                              /Applications/STM32CubeIDE.app/Contents/Eclipse/plugins/com.st.stm32cube.ide.mcu.externaltools.gnu-tools-for-stm32.11.3.rel1.macos64_1.1.100.202310310803/tools/bin/../lib/gcc/arm-none-eabi/11.3.1/../../../../arm-none-eabi/lib/thumb/v6-m/nofp/libc_nano.a(libc_a-findfp.o) (_fwalk_sglue)
/Applications/STM32CubeIDE.app/Contents/Eclipse/plugins/com.st.stm32cube.ide.mcu.externaltools.gnu-tools-for-stm32.11.3.rel1.macos64_1.1.100.202310310803/tools/bin/../lib/gcc/arm-none-eabi/11.3.1/../../../../arm-none-eabi/lib/thumb/v6-m/nofp/libc_nano.a(libc_a-memset.o)
                              /Applications/STM32CubeIDE.app/Contents/Eclipse/plugins/com.st.stm32cube.ide.mcu.externaltools.gnu-tools-for-stm32.11.3.rel1.macos64_1.1.100.202310310803/tools/bin/../lib/gcc/arm-none-eabi/11.3.1/../../../../arm-none-eabi/lib/thumb/v6-m/nofp/crt0.o (memset)
/Applications/STM32CubeIDE.app/Contents/Eclipse/plugins/com.st.stm32cube.ide.mcu.externaltools.gnu-tools-for-stm32.11.3.rel1.macos64_1.1.100.202310310803/tools/bin/../lib/gcc/arm-none-eabi/11.3.1/../../../../arm-none-eabi/lib/thumb/v6-m/nofp/libc_nano.a(libc_a-reent.o)
                              ./Middlewares/Third_Party/FreeRTOS/Source/tasks.o (_reclaim_reent)
/Applications/STM32CubeIDE.app/Contents/Eclipse/plugins/com.st.stm32cube.ide.mcu.externaltools.gnu-tools-for-stm32.11.3.rel1.macos64_1.1.100.202310310803/tools/bin/../lib/gcc/arm-none-eabi/11.3.1/../../../../arm-none-eabi/lib/thumb/v6-m/nofp/libc_nano.a(libc_a-impure.o)
                              ./Middlewares/Third_Party/FreeRTOS/Source/tasks.o (_impure_ptr)
/Applications/STM32CubeIDE.app/Contents/Eclipse/plugins/com.st.stm32cube.ide.mcu.externaltools.gnu-tools-for-stm32.11.3.rel1.macos64_1.1.100.202310310803/tools/bin/../lib/gcc/arm-none-eabi/11.3.1/../../../../arm-none-eabi/lib/thumb/v6-m/nofp/libc_nano.a(libc_a-errno.o)
                              ./Core/Src/syscalls.o (__errno)
/Applications/STM32CubeIDE.app/Contents/Eclipse/plugins/com.st.stm32cube.ide.mcu.externaltools.gnu-tools-for-stm32.11.3.rel1.macos64_1.1.100.202310310803/tools/bin/../lib/gcc/arm-none-eabi/11.3.1/../../../../arm-none-eabi/lib/thumb/v6-m/nofp/libc_nano.a(libc_a-init.o)
                              /Applications/STM32CubeIDE.app/Contents/Eclipse/plugins/com.st.stm32cube.ide.mcu.externaltools.gnu-tools-for-stm32.11.3.rel1.macos64_1.1.100.202310310803/tools/bin/../lib/gcc/arm-none-eabi/11.3.1/../../../../arm-none-eabi/lib/thumb/v6-m/nofp/crt0.o (__libc_init_array)
/Applications/STM32CubeIDE.app/Contents/Eclipse/plugins/com.st.stm32cube.ide.mcu.externaltools.gnu-tools-for-stm32.11.3.rel1.macos64_1.1.100.202310310803/tools/bin/../lib/gcc/arm-none-eabi/11.3.1/../../../../arm-none-eabi/lib/thumb/v6-m/nofp/libc_nano.a(libc_a-lock.o)
                              /Applications/STM32CubeIDE.app/Contents/Eclipse/plugins/com.st.stm32cube.ide.mcu.externaltools.gnu-tools-for-stm32.11.3.rel1.macos64_1.1.100.202310310803/tools/bin/../lib/gcc/arm-none-eabi/11.3.1/../../../../arm-none-eabi/lib/thumb/v6-m/nofp/libc_nano.a(libc_a-findfp.o) (__retarget_lock_init_recursive)
/Applications/STM32CubeIDE.app/Contents/Eclipse/plugins/com.st.stm32cube.ide.mcu.externaltools.gnu-tools-for-stm32.11.3.rel1.macos64_1.1.100.202310310803/tools/bin/../lib/gcc/arm-none-eabi/11.3.1/../../../../arm-none-eabi/lib/thumb/v6-m/nofp/libc_nano.a(libc_a-memcpy-stub.o)
                              ./Core/Src/freertos.o (memcpy)
/Applications/STM32CubeIDE.app/Contents/Eclipse/plugins/com.st.stm32cube.ide.mcu.externaltools.gnu-tools-for-stm32.11.3.rel1.macos64_1.1.100.202310310803/tools/bin/../lib/gcc/arm-none-eabi/11.3.1/../../../../arm-none-eabi/lib/thumb/v6-m/nofp/libc_nano.a(libc_a-strlen.o)
[...]
Memory Configuration

Name             Origin             Length             Attributes
RAM              0x0000000020000000 0x0000000000004000 xrw
FLASH            0x0000000008000000 0x000000000000f000 xr
*default*        0x0000000000000000 0xffffffffffffffff

Linker script and memory map

LOAD /Applications/STM32CubeIDE.app/Contents/Eclipse/plugins/com.st.stm32cube.ide.mcu.externaltools.gnu-tools-for-stm32.11.3.rel1.macos64_1.1.100.202310310803/tools/bin/../lib/gcc/arm-none-eabi/11.3.1/thumb/v6-m/nofp/crti.o
LOAD /Applications/STM32CubeIDE.app/Contents/Eclipse/plugins/com.st.stm32cube.ide.mcu.externaltools.gnu-tools-for-stm32.11.3.rel1.macos64_1.1.100.202310310803/tools/bin/../lib/gcc/arm-none-eabi/11.3.1/thumb/v6-m/nofp/crtbegin.o
LOAD /Applications/STM32CubeIDE.app/Contents/Eclipse/plugins/com.st.stm32cube.ide.mcu.externaltools.gnu-tools-for-stm32.11.3.rel1.macos64_1.1.100.202310310803/tools/bin/../lib/gcc/arm-none-eabi/11.3.1/../../../../arm-none-eabi/lib/thumb/v6-m/nofp/crt0.o
LOAD ./Core/Src/FLASH_PAGE_F1.o
LOAD ./Core/Src/InterruptHandlers.o
LOAD ./Core/Src/can.o
LOAD ./Core/Src/freertos.o
LOAD ./Core/Src/gpio.o
LOAD ./Core/Src/iwdg.o
LOAD ./Core/Src/main.o
LOAD ./Core/Src/spi.o
LOAD ./Core/Src/stm32f0xx_hal_msp.o
LOAD ./Core/Src/stm32f0xx_it.o
LOAD ./Core/Src/syscalls.o
LOAD ./Core/Src/sysmem.o
LOAD ./Core/Src/system_stm32f0xx.o
LOAD ./Core/Src/usart.o
LOAD ./Core/Src/usb.o
LOAD ./Core/Startup/startup_stm32f072c8tx.o
LOAD ./Drivers/STM32F0xx_HAL_Driver/Src/stm32f0xx_hal.o
LOAD ./Drivers/STM32F0xx_HAL_Driver/Src/stm32f0xx_hal_can.o
LOAD ./Drivers/STM32F0xx_HAL_Driver/Src/stm32f0xx_hal_cortex.o
LOAD ./Drivers/STM32F0xx_HAL_Driver/Src/stm32f0xx_hal_dma.o
LOAD ./Drivers/STM32F0xx_HAL_Driver/Src/stm32f0xx_hal_exti.o
LOAD ./Drivers/STM32F0xx_HAL_Driver/Src/stm32f0xx_hal_flash.o
LOAD ./Drivers/STM32F0xx_HAL_Driver/Src/stm32f0xx_hal_flash_ex.o
LOAD ./Drivers/STM32F0xx_HAL_Driver/Src/stm32f0xx_hal_gpio.o
LOAD ./Drivers/STM32F0xx_HAL_Driver/Src/stm32f0xx_hal_i2c.o
LOAD ./Drivers/STM32F0xx_HAL_Driver/Src/stm32f0xx_hal_i2c_ex.o
LOAD ./Drivers/STM32F0xx_HAL_Driver/Src/stm32f0xx_hal_iwdg.o
LOAD ./Drivers/STM32F0xx_HAL_Driver/Src/stm32f0xx_hal_pcd.o
LOAD ./Drivers/STM32F0xx_HAL_Driver/Src/stm32f0xx_hal_pcd_ex.o
LOAD ./Drivers/STM32F0xx_HAL_Driver/Src/stm32f0xx_hal_pwr.o
LOAD ./Drivers/STM32F0xx_HAL_Driver/Src/stm32f0xx_hal_pwr_ex.o
LOAD ./Drivers/STM32F0xx_HAL_Driver/Src/stm32f0xx_hal_rcc.o
LOAD ./Drivers/STM32F0xx_HAL_Driver/Src/stm32f0xx_hal_rcc_ex.o
LOAD ./Drivers/STM32F0xx_HAL_Driver/Src/stm32f0xx_hal_spi.o
LOAD ./Drivers/STM32F0xx_HAL_Driver/Src/stm32f0xx_hal_spi_ex.o
LOAD ./Drivers/STM32F0xx_HAL_Driver/Src/stm32f0xx_hal_tim.o
LOAD ./Drivers/STM32F0xx_HAL_Driver/Src/stm32f0xx_hal_tim_ex.o
LOAD ./Drivers/STM32F0xx_HAL_Driver/Src/stm32f0xx_hal_uart.o
LOAD ./Drivers/STM32F0xx_HAL_Driver/Src/stm32f0xx_hal_uart_ex.o
LOAD ./Drivers/STM32F0xx_HAL_Driver/Src/stm32f0xx_ll_usb.o
LOAD ./Middlewares/MODBUS-LIB/Src/Modbus.o
LOAD ./Middlewares/MODBUS-LIB/Src/UARTCallback.o
LOAD ./Middlewares/Third_Party/FreeRTOS/Source/CMSIS_RTOS_V2/cmsis_os2.o
LOAD ./Middlewares/Third_Party/FreeRTOS/Source/croutine.o
LOAD ./Middlewares/Third_Party/FreeRTOS/Source/event_groups.o
LOAD ./Middlewares/Third_Party/FreeRTOS/Source/list.o
LOAD ./Middlewares/Third_Party/FreeRTOS/Source/queue.o
LOAD ./Middlewares/Third_Party/FreeRTOS/Source/stream_buffer.o
LOAD ./Middlewares/Third_Party/FreeRTOS/Source/tasks.o
LOAD ./Middlewares/Third_Party/FreeRTOS/Source/timers.o
LOAD ./Middlewares/Third_Party/FreeRTOS/Source/portable/GCC/ARM_CM0/port.o
LOAD ./Middlewares/Third_Party/FreeRTOS/Source/portable/MemMang/heap_4.o
LOAD ./Middlewares/Third_Party/MCP3462/Src/MCP3462.o
START GROUP
LOAD /Applications/STM32CubeIDE.app/Contents/Eclipse/plugins/com.st.stm32cube.ide.mcu.externaltools.gnu-tools-for-stm32.11.3.rel1.macos64_1.1.100.202310310803/tools/bin/../lib/gcc/arm-none-eabi/11.3.1/../../../../arm-none-eabi/lib/thumb/v6-m/nofp/libc_nano.a
LOAD /Applications/STM32CubeIDE.app/Contents/Eclipse/plugins/com.st.stm32cube.ide.mcu.externaltools.gnu-tools-for-stm32.11.3.rel1.macos64_1.1.100.202310310803/tools/bin/../lib/gcc/arm-none-eabi/11.3.1/../../../../arm-none-eabi/lib/thumb/v6-m/nofp/libm.a
END GROUP
START GROUP
LOAD /Applications/STM32CubeIDE.app/Contents/Eclipse/plugins/com.st.stm32cube.ide.mcu.externaltools.gnu-tools-for-stm32.11.3.rel1.macos64_1.1.100.202310310803/tools/bin/../lib/gcc/arm-none-eabi/11.3.1/thumb/v6-m/nofp/libgcc.a
LOAD /Applications/STM32CubeIDE.app/Contents/Eclipse/plugins/com.st.stm32cube.ide.mcu.externaltools.gnu-tools-for-stm32.11.3.rel1.macos64_1.1.100.202310310803/tools/bin/../lib/gcc/arm-none-eabi/11.3.1/../../../../arm-none-eabi/lib/thumb/v6-m/nofp/libc_nano.a
END GROUP
START GROUP
LOAD /Applications/STM32CubeIDE.app/Contents/Eclipse/plugins/com.st.stm32cube.ide.mcu.externaltools.gnu-tools-for-stm32.11.3.rel1.macos64_1.1.100.202310310803/tools/bin/../lib/gcc/arm-none-eabi/11.3.1/thumb/v6-m/nofp/libgcc.a
LOAD /Applications/STM32CubeIDE.app/Contents/Eclipse/plugins/com.st.stm32cube.ide.mcu.externaltools.gnu-tools-for-stm32.11.3.rel1.macos64_1.1.100.202310310803/tools/bin/../lib/gcc/arm-none-eabi/11.3.1/../../../../arm-none-eabi/lib/thumb/v6-m/nofp/libc_nano.a
LOAD /Applications/STM32CubeIDE.app/Contents/Eclipse/plugins/com.st.stm32cube.ide.mcu.externaltools.gnu-tools-for-stm32.11.3.rel1.macos64_1.1.100.202310310803/tools/bin/../lib/gcc/arm-none-eabi/11.3.1/../../../../arm-none-eabi/lib/thumb/v6-m/nofp/libnosys.a
END GROUP
START GROUP
LOAD /Applications/STM32CubeIDE.app/Contents/Eclipse/plugins/com.st.stm32cube.ide.mcu.externaltools.gnu-tools-for-stm32.11.3.rel1.macos64_1.1.100.202310310803/tools/bin/../lib/gcc/arm-none-eabi/11.3.1/thumb/v6-m/nofp/libgcc.a
LOAD /Applications/STM32CubeIDE.app/Contents/Eclipse/plugins/com.st.stm32cube.ide.mcu.externaltools.gnu-tools-for-stm32.11.3.rel1.macos64_1.1.100.202310310803/tools/bin/../lib/gcc/arm-none-eabi/11.3.1/../../../../arm-none-eabi/lib/thumb/v6-m/nofp/libc_nano.a
LOAD /Applications/STM32CubeIDE.app/Contents/Eclipse/plugins/com.st.stm32cube.ide.mcu.externaltools.gnu-tools-for-stm32.11.3.rel1.macos64_1.1.100.202310310803/tools/bin/../lib/gcc/arm-none-eabi/11.3.1/../../../../arm-none-eabi/lib/thumb/v6-m/nofp/libnosys.a
END GROUP
LOAD /Applications/STM32CubeIDE.app/Contents/Eclipse/plugins/com.st.stm32cube.ide.mcu.externaltools.gnu-tools-for-stm32.11.3.rel1.macos64_1.1.100.202310310803/tools/bin/../lib/gcc/arm-none-eabi/11.3.1/thumb/v6-m/nofp/crtend.o
LOAD /Applications/STM32CubeIDE.app/Contents/Eclipse/plugins/com.st.stm32cube.ide.mcu.externaltools.gnu-tools-for-stm32.11.3.rel1.macos64_1.1.100.202310310803/tools/bin/../lib/gcc/arm-none-eabi/11.3.1/thumb/v6-m/nofp/crtn.o
                0x0000000020004000                _estack = (ORIGIN (RAM) + LENGTH (RAM))
                0x0000000000000200                _Min_Heap_Size = 0x200
                0x0000000000000400                _Min_Stack_Size = 0x400

.isr_vector     0x0000000008000000       0xc0
                0x0000000008000000                . = ALIGN (0x4)
 *(.isr_vector)
 .isr_vector    0x0000000008000000       0xc0 ./Core/Startup/startup_stm32f072c8tx.o
                0x0000000008000000                g_pfnVectors
                0x00000000080000c0                . = ALIGN (0x4)

.text           0x00000000080000c0     0xdbbc
                0x00000000080000c0                . = ALIGN (0x4)
 *(.text)
 .text          0x00000000080000c0       0x48 /Applications/STM32CubeIDE.app/Contents/Eclipse/plugins/com.st.stm32cube.ide.mcu.externaltools.gnu-tools-for-stm32.11.3.rel1.macos64_1.1.100.202310310803/tools/bin/../lib/gcc/arm-none-eabi/11.3.1/thumb/v6-m/nofp/crtbegin.o
 .text          0x0000000008000108      0x114 /Applications/STM32CubeIDE.app/Contents/Eclipse/plugins/com.st.stm32cube.ide.mcu.externaltools.gnu-tools-for-stm32.11.3.rel1.macos64_1.1.100.202310310803/tools/bin/../lib/gcc/arm-none-eabi/11.3.1/thumb/v6-m/nofp/libgcc.a(_udivsi3.o)
                0x0000000008000108                __udivsi3
                0x0000000008000108                __aeabi_uidiv
                0x0000000008000214                __aeabi_uidivmod
 .text          0x000000000800021c      0x1d4 /Applications/STM32CubeIDE.app/Contents/Eclipse/plugins/com.st.stm32cube.ide.mcu.externaltools.gnu-tools-for-stm32.11.3.rel1.macos64_1.1.100.202310310803/tools/bin/../lib/gcc/arm-none-eabi/11.3.1/thumb/v6-m/nofp/libgcc.a(_divsi3.o)
                0x000000000800021c                __aeabi_idiv
                0x000000000800021c                __divsi3
                0x00000000080003e8                __aeabi_idivmod
 .text          0x00000000080003f0        0x4 /Applications/STM32CubeIDE.app/Contents/Eclipse/plugins/com.st.stm32cube.ide.mcu.externaltools.gnu-tools-for-stm32.11.3.rel1.macos64_1.1.100.202310310803/tools/bin/../lib/gcc/arm-none-eabi/11.3.1/thumb/v6-m/nofp/libgcc.a(_dvmd_tls.o)
                0x00000000080003f0                __aeabi_ldiv0
                0x00000000080003f0                __aeabi_idiv0
 .text          0x00000000080003f4       0x3c /Applications/STM32CubeIDE.app/Contents/Eclipse/plugins/com.st.stm32cube.ide.mcu.externaltools.gnu-tools-for-stm32.11.3.rel1.macos64_1.1.100.202310310803/tools/bin/../lib/gcc/arm-none-eabi/11.3.1/thumb/v6-m/nofp/libgcc.a(_fixunsdfsi.o)
                0x00000000080003f4                __fixunsdfsi
                0x00000000080003f4                __aeabi_d2uiz
 .text          0x0000000008000430      0x6c0 /Applications/STM32CubeIDE.app/Contents/Eclipse/plugins/com.st.stm32cube.ide.mcu.externaltools.gnu-tools-for-stm32.11.3.rel1.macos64_1.1.100.202310310803/tools/bin/../lib/gcc/arm-none-eabi/11.3.1/thumb/v6-m/nofp/libgcc.a(adddf3.o)
                0x0000000008000430                __aeabi_dadd
 .text          0x0000000008000af0      0x5dc /Applications/STM32CubeIDE.app/Contents/Eclipse/plugins/com.st.stm32cube.ide.mcu.externaltools.gnu-tools-for-stm32.11.3.rel1.macos64_1.1.100.202310310803/tools/bin/../lib/gcc/arm-none-eabi/11.3.1/thumb/v6-m/nofp/libgcc.a(divdf3.o)
                0x0000000008000af0                __aeabi_ddiv
 .text          0x00000000080010cc      0x584 /Applications/STM32CubeIDE.app/Contents/Eclipse/plugins/com.st.stm32cube.ide.mcu.externaltools.gnu-tools-for-stm32.11.3.rel1.macos64_1.1.100.202310310803/tools/bin/../lib/gcc/arm-none-eabi/11.3.1/thumb/v6-m/nofp/libgcc.a(muldf3.o)
                0x00000000080010cc                __aeabi_dmul
 .text          0x0000000008001650      0x704 /Applications/STM32CubeIDE.app/Contents/Eclipse/plugins/com.st.stm32cube.ide.mcu.externaltools.gnu-tools-for-stm32.11.3.rel1.macos64_1.1.100.202310310803/tools/bin/../lib/gcc/arm-none-eabi/11.3.1/thumb/v6-m/nofp/libgcc.a(subdf3.o)
                0x0000000008001650                __aeabi_dsub
 .text          0x0000000008001d54       0x6c /Applications/STM32CubeIDE.app/Contents/Eclipse/plugins/com.st.stm32cube.ide.mcu.externaltools.gnu-tools-for-stm32.11.3.rel1.macos64_1.1.100.202310310803/tools/bin/../lib/gcc/arm-none-eabi/11.3.1/thumb/v6-m/nofp/libgcc.a(fixdfsi.o)
                0x0000000008001d54                __aeabi_d2iz
 .text          0x0000000008001dc0       0x60 /Applications/STM32CubeIDE.app/Contents/Eclipse/plugins/com.st.stm32cube.ide.mcu.externaltools.gnu-tools-for-stm32.11.3.rel1.macos64_1.1.100.202310310803/tools/bin/../lib/gcc/arm-none-eabi/11.3.1/thumb/v6-m/nofp/libgcc.a(floatsidf.o)
                0x0000000008001dc0                __aeabi_i2d
 .text          0x0000000008001e20       0x7c /Applications/STM32CubeIDE.app/Contents/Eclipse/plugins/com.st.stm32cube.ide.mcu.externaltools.gnu-tools-for-stm32.11.3.rel1.macos64_1.1.100.202310310803/tools/bin/../lib/gcc/arm-none-eabi/11.3.1/thumb/v6-m/nofp/libgcc.a(_arm_cmpdf2.o)
                0x0000000008001e20                __aeabi_cdrcmple
                0x0000000008001e30                __aeabi_cdcmple
                0x0000000008001e30                __aeabi_cdcmpeq
                0x0000000008001e40                __aeabi_dcmpeq
                0x0000000008001e4c                __aeabi_dcmplt
                0x0000000008001e60                __aeabi_dcmple
                0x0000000008001e74                __aeabi_dcmpgt
                0x0000000008001e88                __aeabi_dcmpge
 .text          0x0000000008001e9c       0x3c /Applications/STM32CubeIDE.app/Contents/Eclipse/plugins/com.st.stm32cube.ide.mcu.externaltools.gnu-tools-for-stm32.11.3.rel1.macos64_1.1.100.202310310803/tools/bin/../lib/gcc/arm-none-eabi/11.3.1/thumb/v6-m/nofp/libgcc.a(_clzsi2.o)
                0x0000000008001e9c                __clzsi2
 .text          0x0000000008001ed8       0x84 /Applications/STM32CubeIDE.app/Contents/Eclipse/plugins/com.st.stm32cube.ide.mcu.externaltools.gnu-tools-for-stm32.11.3.rel1.macos64_1.1.100.202310310803/tools/bin/../lib/gcc/arm-none-eabi/11.3.1/thumb/v6-m/nofp/libgcc.a(eqdf2.o)
                0x0000000008001ed8                __eqdf2
                0x0000000008001ed8                __nedf2
 .text          0x0000000008001f5c       0xcc /Applications/STM32CubeIDE.app/Contents/Eclipse/plugins/com.st.stm32cube.ide.mcu.externaltools.gnu-tools-for-stm32.11.3.rel1.macos64_1.1.100.202310310803/tools/bin/../lib/gcc/arm-none-eabi/11.3.1/thumb/v6-m/nofp/libgcc.a(gedf2.o)
                0x0000000008001f5c                __gtdf2
                0x0000000008001f5c                __gedf2
 .text          0x0000000008002028       0xc8 /Applications/STM32CubeIDE.app/Contents/Eclipse/plugins/com.st.stm32cube.ide.mcu.externaltools.gnu-tools-for-stm32.11.3.rel1.macos64_1.1.100.202310310803/tools/bin/../lib/gcc/arm-none-eabi/11.3.1/thumb/v6-m/nofp/libgcc.a(ledf2.o)
                0x0000000008002028                __ltdf2
                0x0000000008002028                __ledf2
 *(.text*)
 .text.GetPage  0x00000000080020f0       0x58 ./Core/Src/FLASH_PAGE_F1.o
 .text.Flash_Write_Data
                0x0000000008002148       0xc4 ./Core/Src/FLASH_PAGE_F1.o
                0x0000000008002148                Flash_Write_Data
 .text.HAL_GPIO_EXTI_Callback
                0x000000000800220c       0x34 ./Core/Src/InterruptHandlers.o
                0x000000000800220c                HAL_GPIO_EXTI_Callback
 .text.MX_CAN_Init
                0x0000000008002240       0x8c ./Core/Src/can.o
                0x0000000008002240                MX_CAN_Init
 .text.HAL_CAN_MspInit
                0x00000000080022cc       0xac ./Core/Src/can.o
                0x00000000080022cc                HAL_CAN_MspInit
 .text.HAL_CAN_RxFifo0MsgPendingCallback
                0x0000000008002378       0x54 ./Core/Src/can.o
                0x0000000008002378                HAL_CAN_RxFifo0MsgPendingCallback
 .text.StartCANReception
                0x00000000080023cc       0x98 ./Core/Src/can.o
                0x00000000080023cc                StartCANReception
 .text.MX_FREERTOS_Init
                0x0000000008002464      0x198 ./Core/Src/freertos.o
                0x0000000008002464                MX_FREERTOS_Init
 .text.ResetBuffer
                0x00000000080025fc       0x54 ./Core/Src/freertos.o
                0x00000000080025fc                ResetBuffer
 .text.CalculateAverageVoltage
                0x0000000008002650       0x44 ./Core/Src/freertos.o
                0x0000000008002650                CalculateAverageVoltage
 .text.CalculateActualVoltage
                0x0000000008002694       0x52 ./Core/Src/freertos.o
                0x0000000008002694                CalculateActualVoltage
 *fill*         0x00000000080026e6        0x2 
 .text.CalculateAverageCurrent
                0x00000000080026e8       0x4c ./Core/Src/freertos.o
                0x00000000080026e8                CalculateAverageCurrent
 .text.CalculateActualCurrent
                0x0000000008002734       0x50 ./Core/Src/freertos.o
                0x0000000008002734                CalculateActualCurrent
 .text.SendBufferOverCAN
                0x0000000008002784       0xd0 ./Core/Src/freertos.o
                0x0000000008002784                SendBufferOverCAN
 .text.SendVoltageOverCAN
                0x0000000008002854       0x74 ./Core/Src/freertos.o
                0x0000000008002854                SendVoltageOverCAN
 .text.SendCurrentOverCAN
                0x00000000080028c8       0x44 ./Core/Src/freertos.o
                0x00000000080028c8                SendCurrentOverCAN
 .text.StartADCTask
                0x000000000800290c      0x1e4 ./Core/Src/freertos.o
                0x000000000800290c                StartADCTask
 .text.TurnOffGreenLED
                0x0000000008002af0       0x20 ./Core/Src/freertos.o
                0x0000000008002af0                TurnOffGreenLED
 .text.TurnOffRedLED
                0x0000000008002b10       0x20 ./Core/Src/freertos.o
                0x0000000008002b10                TurnOffRedLED
 .text.sendCANData
                0x0000000008002b30       0x4a ./Core/Src/freertos.o
                0x0000000008002b30                sendCANData
 *fill*         0x0000000008002b7a        0x2 
 .text.MX_GPIO_Init
                0x0000000008002b7c      0x1c4 ./Core/Src/gpio.o
                0x0000000008002b7c                MX_GPIO_Init
 .text.MX_IWDG_Init
                0x0000000008002d40       0x40 ./Core/Src/iwdg.o
                0x0000000008002d40                MX_IWDG_Init
 .text.main     0x0000000008002d80       0xbc ./Core/Src/main.o
                0x0000000008002d80                main
 .text.SystemClock_Config
                0x0000000008002e3c       0xd4 ./Core/Src/main.o
                0x0000000008002e3c                SystemClock_Config
 .text.Error_Handler
                0x0000000008002f10       0x34 ./Core/Src/main.o
                0x0000000008002f10                Error_Handler
 .text.MX_SPI1_Init
                0x0000000008002f44       0x7c ./Core/Src/spi.o
                0x0000000008002f44                MX_SPI1_Init
 .text.HAL_SPI_MspInit
                0x0000000008002fc0       0x98 ./Core/Src/spi.o
                0x0000000008002fc0                HAL_SPI_MspInit
 .text.HAL_MspInit
                0x0000000008003058       0x54 ./Core/Src/stm32f0xx_hal_msp.o
                0x0000000008003058                HAL_MspInit
 .text.NMI_Handler
                0x00000000080030ac        0x6 ./Core/Src/stm32f0xx_it.o
                0x00000000080030ac                NMI_Handler
 *fill*         0x00000000080030b2        0x2 
 .text.HardFault_Handler
                0x00000000080030b4       0x30 ./Core/Src/stm32f0xx_it.o
                0x00000000080030b4                HardFault_Handler
 .text.SysTick_Handler
                0x00000000080030e4       0x1c ./Core/Src/stm32f0xx_it.o
                0x00000000080030e4                SysTick_Handler
 .text.EXTI2_3_IRQHandler
                0x0000000008003100       0x10 ./Core/Src/stm32f0xx_it.o
                0x0000000008003100                EXTI2_3_IRQHandler
 .text.USART1_IRQHandler
                0x0000000008003110       0x18 ./Core/Src/stm32f0xx_it.o
                0x0000000008003110                USART1_IRQHandler
 .text.CEC_CAN_IRQHandler
                0x0000000008003128       0x18 ./Core/Src/stm32f0xx_it.o
                0x0000000008003128                CEC_CAN_IRQHandler
 .text.SystemInit
                0x0000000008003140        0xa ./Core/Src/system_stm32f0xx.o
                0x0000000008003140                SystemInit
 *fill*         0x000000000800314a        0x2 
 .text.MX_USART1_UART_Init
                0x000000000800314c       0x80 ./Core/Src/usart.o
                0x000000000800314c                MX_USART1_UART_Init
 .text.HAL_UART_MspInit
                0x00000000080031cc       0xac ./Core/Src/usart.o
                0x00000000080031cc                HAL_UART_MspInit
 .text.MX_USB_PCD_Init
                0x0000000008003278       0x4c ./Core/Src/usb.o
                0x0000000008003278                MX_USB_PCD_Init
 .text.HAL_PCD_MspInit
                0x00000000080032c4       0x40 ./Core/Src/usb.o
                0x00000000080032c4                HAL_PCD_MspInit
 .text.Reset_Handler
                0x0000000008003304       0x50 ./Core/Startup/startup_stm32f072c8tx.o
                0x0000000008003304                Reset_Handler
 .text.Default_Handler
                0x0000000008003354        0x2 ./Core/Startup/startup_stm32f072c8tx.o
                0x0000000008003354                TIM1_BRK_UP_TRG_COM_IRQHandler
                0x0000000008003354                TSC_IRQHandler
                0x0000000008003354                ADC1_COMP_IRQHandler
                0x0000000008003354                I2C1_IRQHandler
                0x0000000008003354                RCC_CRS_IRQHandler
                0x0000000008003354                SPI1_IRQHandler
                0x0000000008003354                TIM6_DAC_IRQHandler
                0x0000000008003354                USART3_4_IRQHandler
                0x0000000008003354                I2C2_IRQHandler
                0x0000000008003354                TIM17_IRQHandler
                0x0000000008003354                RTC_IRQHandler
                0x0000000008003354                PVD_VDDIO2_IRQHandler
                0x0000000008003354                DMA1_Channel4_5_6_7_IRQHandler
                0x0000000008003354                TIM16_IRQHandler
                0x0000000008003354                TIM3_IRQHandler
                0x0000000008003354                EXTI4_15_IRQHandler
                0x0000000008003354                DMA1_Channel1_IRQHandler
                0x0000000008003354                Default_Handler
                0x0000000008003354                TIM14_IRQHandler
                0x0000000008003354                TIM7_IRQHandler
                0x0000000008003354                TIM15_IRQHandler
                0x0000000008003354                EXTI0_1_IRQHandler
                0x0000000008003354                USB_IRQHandler
                0x0000000008003354                SPI2_IRQHandler
                0x0000000008003354                WWDG_IRQHandler
                0x0000000008003354                TIM2_IRQHandler
                0x0000000008003354                DMA1_Channel2_3_IRQHandler
                0x0000000008003354                USART2_IRQHandler
                0x0000000008003354                FLASH_IRQHandler
                0x0000000008003354                TIM1_CC_IRQHandler
 *fill*         0x0000000008003356        0x2 
 .text.HAL_Init
                0x0000000008003358       0x28 ./Drivers/STM32F0xx_HAL_Driver/Src/stm32f0xx_hal.o
                0x0000000008003358                HAL_Init
 .text.HAL_InitTick
                0x0000000008003380       0x68 ./Drivers/STM32F0xx_HAL_Driver/Src/stm32f0xx_hal.o
                0x0000000008003380                HAL_InitTick
 .text.HAL_IncTick
                0x00000000080033e8       0x24 ./Drivers/STM32F0xx_HAL_Driver/Src/stm32f0xx_hal.o
                0x00000000080033e8                HAL_IncTick
 .text.HAL_GetTick
                0x000000000800340c       0x14 ./Drivers/STM32F0xx_HAL_Driver/Src/stm32f0xx_hal.o
                0x000000000800340c                HAL_GetTick
 .text.HAL_Delay
                0x0000000008003420       0x48 ./Drivers/STM32F0xx_HAL_Driver/Src/stm32f0xx_hal.o
                0x0000000008003420                HAL_Delay
 .text.HAL_CAN_Init
                0x0000000008003468      0x1fc ./Drivers/STM32F0xx_HAL_Driver/Src/stm32f0xx_hal_can.o
                0x0000000008003468                HAL_CAN_Init
 .text.HAL_CAN_ConfigFilter
                0x0000000008003664      0x1e4 ./Drivers/STM32F0xx_HAL_Driver/Src/stm32f0xx_hal_can.o
                0x0000000008003664                HAL_CAN_ConfigFilter
 .text.HAL_CAN_Start
                0x0000000008003848       0x8c ./Drivers/STM32F0xx_HAL_Driver/Src/stm32f0xx_hal_can.o
                0x0000000008003848                HAL_CAN_Start
 .text.HAL_CAN_AddTxMessage
                0x00000000080038d4      0x1a4 ./Drivers/STM32F0xx_HAL_Driver/Src/stm32f0xx_hal_can.o
                0x00000000080038d4                HAL_CAN_AddTxMessage
 .text.HAL_CAN_GetTxMailboxesFreeLevel
                0x0000000008003a78       0x70 ./Drivers/STM32F0xx_HAL_Driver/Src/stm32f0xx_hal_can.o
                0x0000000008003a78                HAL_CAN_GetTxMailboxesFreeLevel
 .text.HAL_CAN_GetRxMessage
                0x0000000008003ae8      0x256 ./Drivers/STM32F0xx_HAL_Driver/Src/stm32f0xx_hal_can.o
                0x0000000008003ae8                HAL_CAN_GetRxMessage
 .text.HAL_CAN_ActivateNotification
                0x0000000008003d3e       0x54 ./Drivers/STM32F0xx_HAL_Driver/Src/stm32f0xx_hal_can.o
                0x0000000008003d3e                HAL_CAN_ActivateNotification
 .text.HAL_CAN_IRQHandler
                0x0000000008003d92      0x368 ./Drivers/STM32F0xx_HAL_Driver/Src/stm32f0xx_hal_can.o
                0x0000000008003d92                HAL_CAN_IRQHandler
 .text.HAL_CAN_TxMailbox0CompleteCallback
                0x00000000080040fa       0x10 ./Drivers/STM32F0xx_HAL_Driver/Src/stm32f0xx_hal_can.o
                0x00000000080040fa                HAL_CAN_TxMailbox0CompleteCallback
 .text.HAL_CAN_TxMailbox1CompleteCallback
                0x000000000800410a       0x10 ./Drivers/STM32F0xx_HAL_Driver/Src/stm32f0xx_hal_can.o
                0x000000000800410a                HAL_CAN_TxMailbox1CompleteCallback
 .text.HAL_CAN_TxMailbox2CompleteCallback
                0x000000000800411a       0x10 ./Drivers/STM32F0xx_HAL_Driver/Src/stm32f0xx_hal_can.o
                0x000000000800411a                HAL_CAN_TxMailbox2CompleteCallback
 .text.HAL_CAN_TxMailbox0AbortCallback
                0x000000000800412a       0x10 ./Drivers/STM32F0xx_HAL_Driver/Src/stm32f0xx_hal_can.o
                0x000000000800412a                HAL_CAN_TxMailbox0AbortCallback
 .text.HAL_CAN_TxMailbox1AbortCallback
                0x000000000800413a       0x10 ./Drivers/STM32F0xx_HAL_Driver/Src/stm32f0xx_hal_can.o
                0x000000000800413a                HAL_CAN_TxMailbox1AbortCallback
 .text.HAL_CAN_TxMailbox2AbortCallback
                0x000000000800414a       0x10 ./Drivers/STM32F0xx_HAL_Driver/Src/stm32f0xx_hal_can.o
                0x000000000800414a                HAL_CAN_TxMailbox2AbortCallback
 .text.HAL_CAN_RxFifo0FullCallback
                0x000000000800415a       0x10 ./Drivers/STM32F0xx_HAL_Driver/Src/stm32f0xx_hal_can.o
                0x000000000800415a                HAL_CAN_RxFifo0FullCallback
 .text.HAL_CAN_RxFifo1MsgPendingCallback
                0x000000000800416a       0x10 ./Drivers/STM32F0xx_HAL_Driver/Src/stm32f0xx_hal_can.o
                0x000000000800416a                HAL_CAN_RxFifo1MsgPendingCallback
 .text.HAL_CAN_RxFifo1FullCallback
                0x000000000800417a       0x10 ./Drivers/STM32F0xx_HAL_Driver/Src/stm32f0xx_hal_can.o
                0x000000000800417a                HAL_CAN_RxFifo1FullCallback
 .text.HAL_CAN_SleepCallback
                0x000000000800418a       0x10 ./Drivers/STM32F0xx_HAL_Driver/Src/stm32f0xx_hal_can.o
                0x000000000800418a                HAL_CAN_SleepCallback
 .text.HAL_CAN_WakeUpFromRxMsgCallback
                0x000000000800419a       0x10 ./Drivers/STM32F0xx_HAL_Driver/Src/stm32f0xx_hal_can.o
                0x000000000800419a                HAL_CAN_WakeUpFromRxMsgCallback
 .text.HAL_CAN_ErrorCallback
                0x00000000080041aa       0x10 ./Drivers/STM32F0xx_HAL_Driver/Src/stm32f0xx_hal_can.o
                0x00000000080041aa                HAL_CAN_ErrorCallback
 *fill*         0x00000000080041ba        0x2 
 .text.__NVIC_EnableIRQ
                0x00000000080041bc       0x34 ./Drivers/STM32F0xx_HAL_Driver/Src/stm32f0xx_hal_cortex.o
 .text.__NVIC_SetPriority
                0x00000000080041f0       0xdc ./Drivers/STM32F0xx_HAL_Driver/Src/stm32f0xx_hal_cortex.o
 .text.SysTick_Config
                0x00000000080042cc       0x48 ./Drivers/STM32F0xx_HAL_Driver/Src/stm32f0xx_hal_cortex.o
 .text.HAL_NVIC_SetPriority
                0x0000000008004314       0x2a ./Drivers/STM32F0xx_HAL_Driver/Src/stm32f0xx_hal_cortex.o
                0x0000000008004314                HAL_NVIC_SetPriority
 .text.HAL_NVIC_EnableIRQ
                0x000000000800433e       0x20 ./Drivers/STM32F0xx_HAL_Driver/Src/stm32f0xx_hal_cortex.o
                0x000000000800433e                HAL_NVIC_EnableIRQ
 .text.HAL_SYSTICK_Config
                0x000000000800435e       0x1a ./Drivers/STM32F0xx_HAL_Driver/Src/stm32f0xx_hal_cortex.o
                0x000000000800435e                HAL_SYSTICK_Config
 .text.HAL_DMA_Abort
                0x0000000008004378       0x70 ./Drivers/STM32F0xx_HAL_Driver/Src/stm32f0xx_hal_dma.o
                0x0000000008004378                HAL_DMA_Abort
 .text.HAL_DMA_Abort_IT
                0x00000000080043e8       0x8a ./Drivers/STM32F0xx_HAL_Driver/Src/stm32f0xx_hal_dma.o
                0x00000000080043e8                HAL_DMA_Abort_IT
 *fill*         0x0000000008004472        0x2 
 .text.HAL_FLASH_Program
                0x0000000008004474      0x12c ./Drivers/STM32F0xx_HAL_Driver/Src/stm32f0xx_hal_flash.o
                0x0000000008004474                HAL_FLASH_Program
 .text.HAL_FLASH_Unlock
                0x00000000080045a0       0x4c ./Drivers/STM32F0xx_HAL_Driver/Src/stm32f0xx_hal_flash.o
                0x00000000080045a0                HAL_FLASH_Unlock
 .text.HAL_FLASH_Lock
                0x00000000080045ec       0x1c ./Drivers/STM32F0xx_HAL_Driver/Src/stm32f0xx_hal_flash.o
                0x00000000080045ec                HAL_FLASH_Lock
 .text.HAL_FLASH_GetError
                0x0000000008004608       0x14 ./Drivers/STM32F0xx_HAL_Driver/Src/stm32f0xx_hal_flash.o
                0x0000000008004608                HAL_FLASH_GetError
 .text.FLASH_Program_HalfWord
                0x000000000800461c       0x38 ./Drivers/STM32F0xx_HAL_Driver/Src/stm32f0xx_hal_flash.o
 .text.FLASH_WaitForLastOperation
                0x0000000008004654       0x80 ./Drivers/STM32F0xx_HAL_Driver/Src/stm32f0xx_hal_flash.o
                0x0000000008004654                FLASH_WaitForLastOperation
 .text.FLASH_SetErrorCode
                0x00000000080046d4       0x60 ./Drivers/STM32F0xx_HAL_Driver/Src/stm32f0xx_hal_flash.o
 .text.HAL_FLASHEx_Erase
                0x0000000008004734       0xec ./Drivers/STM32F0xx_HAL_Driver/Src/stm32f0xx_hal_flash_ex.o
                0x0000000008004734                HAL_FLASHEx_Erase
 .text.FLASH_MassErase
                0x0000000008004820       0x30 ./Drivers/STM32F0xx_HAL_Driver/Src/stm32f0xx_hal_flash_ex.o
 .text.FLASH_PageErase
                0x0000000008004850       0x3c ./Drivers/STM32F0xx_HAL_Driver/Src/stm32f0xx_hal_flash_ex.o
                0x0000000008004850                FLASH_PageErase
 .text.HAL_GPIO_Init
                0x000000000800488c      0x2f0 ./Drivers/STM32F0xx_HAL_Driver/Src/stm32f0xx_hal_gpio.o
                0x000000000800488c                HAL_GPIO_Init
 .text.HAL_GPIO_ReadPin
                0x0000000008004b7c       0x3a ./Drivers/STM32F0xx_HAL_Driver/Src/stm32f0xx_hal_gpio.o
                0x0000000008004b7c                HAL_GPIO_ReadPin
 .text.HAL_GPIO_WritePin
                0x0000000008004bb6       0x3a ./Drivers/STM32F0xx_HAL_Driver/Src/stm32f0xx_hal_gpio.o
                0x0000000008004bb6                HAL_GPIO_WritePin
 .text.HAL_GPIO_EXTI_IRQHandler
                0x0000000008004bf0       0x38 ./Drivers/STM32F0xx_HAL_Driver/Src/stm32f0xx_hal_gpio.o
                0x0000000008004bf0                HAL_GPIO_EXTI_IRQHandler
 .text.HAL_IWDG_Init
                0x0000000008004c28       0xa4 ./Drivers/STM32F0xx_HAL_Driver/Src/stm32f0xx_hal_iwdg.o
                0x0000000008004c28                HAL_IWDG_Init
 .text.HAL_IWDG_Refresh
                0x0000000008004ccc       0x20 ./Drivers/STM32F0xx_HAL_Driver/Src/stm32f0xx_hal_iwdg.o
                0x0000000008004ccc                HAL_IWDG_Refresh
 .text.HAL_PCD_Init
                0x0000000008004cec      0x200 ./Drivers/STM32F0xx_HAL_Driver/Src/stm32f0xx_hal_pcd.o
                0x0000000008004cec                HAL_PCD_Init
 .text.HAL_PCDEx_ActivateLPM
                0x0000000008004eec       0x54 ./Drivers/STM32F0xx_HAL_Driver/Src/stm32f0xx_hal_pcd_ex.o
                0x0000000008004eec                HAL_PCDEx_ActivateLPM
 .text.HAL_RCC_OscConfig
                0x0000000008004f40      0x70c ./Drivers/STM32F0xx_HAL_Driver/Src/stm32f0xx_hal_rcc.o
                0x0000000008004f40                HAL_RCC_OscConfig
 .text.HAL_RCC_ClockConfig
                0x000000000800564c      0x1b4 ./Drivers/STM32F0xx_HAL_Driver/Src/stm32f0xx_hal_rcc.o
                0x000000000800564c                HAL_RCC_ClockConfig
 .text.HAL_RCC_GetSysClockFreq
                0x0000000008005800       0xe8 ./Drivers/STM32F0xx_HAL_Driver/Src/stm32f0xx_hal_rcc.o
                0x0000000008005800                HAL_RCC_GetSysClockFreq
 .text.HAL_RCC_GetHCLKFreq
                0x00000000080058e8       0x14 ./Drivers/STM32F0xx_HAL_Driver/Src/stm32f0xx_hal_rcc.o
                0x00000000080058e8                HAL_RCC_GetHCLKFreq
 .text.HAL_RCC_GetPCLK1Freq
                0x00000000080058fc       0x2c ./Drivers/STM32F0xx_HAL_Driver/Src/stm32f0xx_hal_rcc.o
                0x00000000080058fc                HAL_RCC_GetPCLK1Freq
 .text.HAL_RCCEx_PeriphCLKConfig
                0x0000000008005928      0x1fc ./Drivers/STM32F0xx_HAL_Driver/Src/stm32f0xx_hal_rcc_ex.o
                0x0000000008005928                HAL_RCCEx_PeriphCLKConfig
 .text.HAL_SPI_Init
                0x0000000008005b24      0x170 ./Drivers/STM32F0xx_HAL_Driver/Src/stm32f0xx_hal_spi.o
                0x0000000008005b24                HAL_SPI_Init
 .text.HAL_SPI_Transmit
                0x0000000008005c94      0x2be ./Drivers/STM32F0xx_HAL_Driver/Src/stm32f0xx_hal_spi.o
                0x0000000008005c94                HAL_SPI_Transmit
 *fill*         0x0000000008005f52        0x2 
 .text.HAL_SPI_TransmitReceive
                0x0000000008005f54      0x3c4 ./Drivers/STM32F0xx_HAL_Driver/Src/stm32f0xx_hal_spi.o
                0x0000000008005f54                HAL_SPI_TransmitReceive
 .text.SPI_WaitFlagStateUntilTimeout
                0x0000000008006318      0x11c ./Drivers/STM32F0xx_HAL_Driver/Src/stm32f0xx_hal_spi.o
 .text.SPI_WaitFifoStateUntilTimeout
                0x0000000008006434      0x144 ./Drivers/STM32F0xx_HAL_Driver/Src/stm32f0xx_hal_spi.o
 .text.SPI_EndRxTxTransaction
                0x0000000008006578       0x8c ./Drivers/STM32F0xx_HAL_Driver/Src/stm32f0xx_hal_spi.o
 .text.HAL_UART_Init
                0x0000000008006604       0xa8 ./Drivers/STM32F0xx_HAL_Driver/Src/stm32f0xx_hal_uart.o
                0x0000000008006604                HAL_UART_Init
 .text.HAL_UART_Transmit_IT
                0x00000000080066ac       0xe0 ./Drivers/STM32F0xx_HAL_Driver/Src/stm32f0xx_hal_uart.o
                0x00000000080066ac                HAL_UART_Transmit_IT
 .text.HAL_UART_Receive_IT
                0x000000000800678c       0xae ./Drivers/STM32F0xx_HAL_Driver/Src/stm32f0xx_hal_uart.o
                0x000000000800678c                HAL_UART_Receive_IT
 *fill*         0x000000000800683a        0x2 
 .text.HAL_UART_AbortReceive_IT
                0x000000000800683c      0x190 ./Drivers/STM32F0xx_HAL_Driver/Src/stm32f0xx_hal_uart.o
                0x000000000800683c                HAL_UART_AbortReceive_IT
 .text.HAL_UART_IRQHandler
                0x00000000080069cc      0x5c0 ./Drivers/STM32F0xx_HAL_Driver/Src/stm32f0xx_hal_uart.o
                0x00000000080069cc                HAL_UART_IRQHandler
 .text.HAL_UART_ErrorCallback
                0x0000000008006f8c       0x10 ./Drivers/STM32F0xx_HAL_Driver/Src/stm32f0xx_hal_uart.o
                0x0000000008006f8c                HAL_UART_ErrorCallback
 .text.HAL_UART_AbortReceiveCpltCallback
                0x0000000008006f9c       0x10 ./Drivers/STM32F0xx_HAL_Driver/Src/stm32f0xx_hal_uart.o
                0x0000000008006f9c                HAL_UART_AbortReceiveCpltCallback
 .text.HAL_UARTEx_RxEventCallback
                0x0000000008006fac       0x16 ./Drivers/STM32F0xx_HAL_Driver/Src/stm32f0xx_hal_uart.o
                0x0000000008006fac                HAL_UARTEx_RxEventCallback
 .text.HAL_HalfDuplex_EnableTransmitter
                0x0000000008006fc2       0xa0 ./Drivers/STM32F0xx_HAL_Driver/Src/stm32f0xx_hal_uart.o
                0x0000000008006fc2                HAL_HalfDuplex_EnableTransmitter
 .text.HAL_HalfDuplex_EnableReceiver
                0x0000000008007062       0xa0 ./Drivers/STM32F0xx_HAL_Driver/Src/stm32f0xx_hal_uart.o
                0x0000000008007062                HAL_HalfDuplex_EnableReceiver
 .text.HAL_UART_GetState
                0x0000000008007102       0x24 ./Drivers/STM32F0xx_HAL_Driver/Src/stm32f0xx_hal_uart.o
                0x0000000008007102                HAL_UART_GetState
 *fill*         0x0000000008007126        0x2 
 .text.UART_SetConfig
                0x0000000008007128      0x310 ./Drivers/STM32F0xx_HAL_Driver/Src/stm32f0xx_hal_uart.o
                0x0000000008007128                UART_SetConfig
 .text.UART_AdvFeatureConfig
                0x0000000008007438      0x168 ./Drivers/STM32F0xx_HAL_Driver/Src/stm32f0xx_hal_uart.o
                0x0000000008007438                UART_AdvFeatureConfig
 .text.UART_CheckIdleState
                0x00000000080075a0      0x150 ./Drivers/STM32F0xx_HAL_Driver/Src/stm32f0xx_hal_uart.o
                0x00000000080075a0                UART_CheckIdleState
 .text.UART_WaitOnFlagUntilTimeout
                0x00000000080076f0       0xd2 ./Drivers/STM32F0xx_HAL_Driver/Src/stm32f0xx_hal_uart.o
                0x00000000080076f0                UART_WaitOnFlagUntilTimeout
 *fill*         0x00000000080077c2        0x2 
 .text.UART_Start_Receive_IT
                0x00000000080077c4      0x194 ./Drivers/STM32F0xx_HAL_Driver/Src/stm32f0xx_hal_uart.o
                0x00000000080077c4                UART_Start_Receive_IT
 .text.UART_EndRxTransfer
                0x0000000008007958       0xc8 ./Drivers/STM32F0xx_HAL_Driver/Src/stm32f0xx_hal_uart.o
 .text.UART_DMAAbortOnError
                0x0000000008007a20       0x2e ./Drivers/STM32F0xx_HAL_Driver/Src/stm32f0xx_hal_uart.o
 .text.UART_DMARxOnlyAbortCallback
                0x0000000008007a4e       0x4c ./Drivers/STM32F0xx_HAL_Driver/Src/stm32f0xx_hal_uart.o
 .text.UART_TxISR_8BIT
                0x0000000008007a9a       0xb4 ./Drivers/STM32F0xx_HAL_Driver/Src/stm32f0xx_hal_uart.o
 .text.UART_TxISR_16BIT
                0x0000000008007b4e       0xbc ./Drivers/STM32F0xx_HAL_Driver/Src/stm32f0xx_hal_uart.o
 .text.UART_EndTransmit_IT
                0x0000000008007c0a       0x56 ./Drivers/STM32F0xx_HAL_Driver/Src/stm32f0xx_hal_uart.o
 .text.UART_RxISR_8BIT
                0x0000000008007c60      0x1b8 ./Drivers/STM32F0xx_HAL_Driver/Src/stm32f0xx_hal_uart.o
 .text.UART_RxISR_16BIT
                0x0000000008007e18      0x1b8 ./Drivers/STM32F0xx_HAL_Driver/Src/stm32f0xx_hal_uart.o
 .text.HAL_UARTEx_WakeupCallback
                0x0000000008007fd0       0x10 ./Drivers/STM32F0xx_HAL_Driver/Src/stm32f0xx_hal_uart_ex.o
                0x0000000008007fd0                HAL_UARTEx_WakeupCallback
 .text.USB_DisableGlobalInt
                0x0000000008007fe0       0x34 ./Drivers/STM32F0xx_HAL_Driver/Src/stm32f0xx_ll_usb.o
                0x0000000008007fe0                USB_DisableGlobalInt
 .text.USB_DevInit
                0x0000000008008014       0x4e ./Drivers/STM32F0xx_HAL_Driver/Src/stm32f0xx_ll_usb.o
                0x0000000008008014                USB_DevInit
 *fill*         0x0000000008008062        0x2 
 .text.RingAdd  0x0000000008008064       0x98 ./Middlewares/MODBUS-LIB/Src/Modbus.o
                0x0000000008008064                RingAdd
 .text.RingGetAllBytes
                0x00000000080080fc       0x24 ./Middlewares/MODBUS-LIB/Src/Modbus.o
                0x00000000080080fc                RingGetAllBytes
 .text.RingGetNBytes
                0x0000000008008120       0xd0 ./Middlewares/MODBUS-LIB/Src/Modbus.o
                0x0000000008008120                RingGetNBytes
 .text.RingClear
                0x00000000080081f0       0x30 ./Middlewares/MODBUS-LIB/Src/Modbus.o
                0x00000000080081f0                RingClear
 .text.ModbusInit
                0x0000000008008220      0x154 ./Middlewares/MODBUS-LIB/Src/Modbus.o
                0x0000000008008220                ModbusInit
 .text.ModbusStart
                0x0000000008008374      0x114 ./Middlewares/MODBUS-LIB/Src/Modbus.o
                0x0000000008008374                ModbusStart
 .text.vTimerCallbackT35
                0x0000000008008488       0x84 ./Middlewares/MODBUS-LIB/Src/Modbus.o
 .text.vTimerCallbackTimeout
                0x000000000800850c       0x5c ./Middlewares/MODBUS-LIB/Src/Modbus.o
 .text.StartTaskModbusSlave
                0x0000000008008568      0x1e8 ./Middlewares/MODBUS-LIB/Src/Modbus.o
                0x0000000008008568                StartTaskModbusSlave
 .text.SendQuery
                0x0000000008008750      0x44c ./Middlewares/MODBUS-LIB/Src/Modbus.o
 .text.StartTaskModbusMaster
                0x0000000008008b9c      0x1b8 ./Middlewares/MODBUS-LIB/Src/Modbus.o
                0x0000000008008b9c                StartTaskModbusMaster
 .text.get_FC1  0x0000000008008d54       0xdc ./Middlewares/MODBUS-LIB/Src/Modbus.o
 .text.get_FC3  0x0000000008008e30       0x7a ./Middlewares/MODBUS-LIB/Src/Modbus.o
 *fill*         0x0000000008008eaa        0x2 
 .text.validateAnswer
                0x0000000008008eac      0x100 ./Middlewares/MODBUS-LIB/Src/Modbus.o
 .text.getRxBuffer
                0x0000000008008fac       0xa4 ./Middlewares/MODBUS-LIB/Src/Modbus.o
 .text.validateRequest
                0x0000000008009050      0x2e0 ./Middlewares/MODBUS-LIB/Src/Modbus.o
 .text.word     0x0000000008009330       0x30 ./Middlewares/MODBUS-LIB/Src/Modbus.o
 .text.calcCRC  0x0000000008009360       0xb4 ./Middlewares/MODBUS-LIB/Src/Modbus.o
                0x0000000008009360                calcCRC
 .text.buildException
                0x0000000008009414       0x44 ./Middlewares/MODBUS-LIB/Src/Modbus.o
 .text.sendTxBuffer
                0x0000000008009458      0x128 ./Middlewares/MODBUS-LIB/Src/Modbus.o
 .text.process_FC1
                0x0000000008009580      0x1f6 ./Middlewares/MODBUS-LIB/Src/Modbus.o
 .text.process_FC2
                0x0000000008009776      0x1f8 ./Middlewares/MODBUS-LIB/Src/Modbus.o
 .text.process_FC3
                0x000000000800996e      0x12c ./Middlewares/MODBUS-LIB/Src/Modbus.o
 .text.process_FC4
                0x0000000008009a9a      0x12c ./Middlewares/MODBUS-LIB/Src/Modbus.o
 .text.process_FC5
                0x0000000008009bc6       0xfc ./Middlewares/MODBUS-LIB/Src/Modbus.o
 .text.process_FC6
                0x0000000008009cc2       0xde ./Middlewares/MODBUS-LIB/Src/Modbus.o
 .text.process_FC15
                0x0000000008009da0      0x1ac ./Middlewares/MODBUS-LIB/Src/Modbus.o
 .text.process_FC16
                0x0000000008009f4c      0x156 ./Middlewares/MODBUS-LIB/Src/Modbus.o
 *fill*         0x000000000800a0a2        0x2 
 .text.SetLowVoltageCalibration
                0x000000000800a0a4       0x38 ./Middlewares/MODBUS-LIB/Src/Modbus.o
                0x000000000800a0a4                SetLowVoltageCalibration
 .text.SetHighVoltageCalibration
                0x000000000800a0dc       0x38 ./Middlewares/MODBUS-LIB/Src/Modbus.o
                0x000000000800a0dc                SetHighVoltageCalibration
 .text.SetLowCurrentCalibration
                0x000000000800a114       0x44 ./Middlewares/MODBUS-LIB/Src/Modbus.o
                0x000000000800a114                SetLowCurrentCalibration
 .text.SetHighCurrentCalibration
                0x000000000800a158       0x40 ./Middlewares/MODBUS-LIB/Src/Modbus.o
                0x000000000800a158                SetHighCurrentCalibration
 .text.StoreCalibrationData
                0x000000000800a198       0x2c ./Middlewares/MODBUS-LIB/Src/Modbus.o
                0x000000000800a198                StoreCalibrationData
 .text.LoadCalibrationData
                0x000000000800a1c4       0x68 ./Middlewares/MODBUS-LIB/Src/Modbus.o
                0x000000000800a1c4                LoadCalibrationData
 .text.GetCalibrationDataPtr
                0x000000000800a22c       0x10 ./Middlewares/MODBUS-LIB/Src/Modbus.o
                0x000000000800a22c                GetCalibrationDataPtr
 .text.GetVoltageCalibration
                0x000000000800a23c       0xc0 ./Middlewares/MODBUS-LIB/Src/Modbus.o
                0x000000000800a23c                GetVoltageCalibration
 .text.GetCurrentCalibration
                0x000000000800a2fc       0xb4 ./Middlewares/MODBUS-LIB/Src/Modbus.o
                0x000000000800a2fc                GetCurrentCalibration
 .text.CalculateChecksum
                0x000000000800a3b0      0x138 ./Middlewares/MODBUS-LIB/Src/Modbus.o
                0x000000000800a3b0                CalculateChecksum
 .text.HAL_UART_TxCpltCallback
                0x000000000800a4e8       0x74 ./Middlewares/MODBUS-LIB/Src/UARTCallback.o
                0x000000000800a4e8                HAL_UART_TxCpltCallback
 .text.HAL_UART_RxCpltCallback
                0x000000000800a55c       0xcc ./Middlewares/MODBUS-LIB/Src/UARTCallback.o
                0x000000000800a55c                HAL_UART_RxCpltCallback
 .text.osKernelInitialize
                0x000000000800a628       0x58 ./Middlewares/Third_Party/FreeRTOS/Source/CMSIS_RTOS_V2/cmsis_os2.o
                0x000000000800a628                osKernelInitialize
 .text.osKernelStart
                0x000000000800a680       0x5c ./Middlewares/Third_Party/FreeRTOS/Source/CMSIS_RTOS_V2/cmsis_os2.o
                0x000000000800a680                osKernelStart
 .text.osThreadNew
                0x000000000800a6dc      0x150 ./Middlewares/Third_Party/FreeRTOS/Source/CMSIS_RTOS_V2/cmsis_os2.o
                0x000000000800a6dc                osThreadNew
 .text.TimerCallback
                0x000000000800a82c       0x2e ./Middlewares/Third_Party/FreeRTOS/Source/CMSIS_RTOS_V2/cmsis_os2.o
 *fill*         0x000000000800a85a        0x2 
 .text.osTimerNew
                0x000000000800a85c      0x110 ./Middlewares/Third_Party/FreeRTOS/Source/CMSIS_RTOS_V2/cmsis_os2.o
                0x000000000800a85c                osTimerNew
 .text.osTimerStart
                0x000000000800a96c       0x74 ./Middlewares/Third_Party/FreeRTOS/Source/CMSIS_RTOS_V2/cmsis_os2.o
                0x000000000800a96c                osTimerStart
 .text.osSemaphoreNew
                0x000000000800a9e0      0x144 ./Middlewares/Third_Party/FreeRTOS/Source/CMSIS_RTOS_V2/cmsis_os2.o
                0x000000000800a9e0                osSemaphoreNew
 .text.osMessageQueueNew
                0x000000000800ab24      0x10c ./Middlewares/Third_Party/FreeRTOS/Source/CMSIS_RTOS_V2/cmsis_os2.o
                0x000000000800ab24                osMessageQueueNew
 .text.vApplicationGetIdleTaskMemory
                0x000000000800ac30       0x30 ./Middlewares/Third_Party/FreeRTOS/Source/CMSIS_RTOS_V2/cmsis_os2.o
                0x000000000800ac30                vApplicationGetIdleTaskMemory
 .text.vApplicationGetTimerTaskMemory
                0x000000000800ac60       0x30 ./Middlewares/Third_Party/FreeRTOS/Source/CMSIS_RTOS_V2/cmsis_os2.o
                0x000000000800ac60                vApplicationGetTimerTaskMemory
 .text.vListInitialise
                0x000000000800ac90       0x3c ./Middlewares/Third_Party/FreeRTOS/Source/list.o
                0x000000000800ac90                vListInitialise
 .text.vListInitialiseItem
                0x000000000800accc       0x16 ./Middlewares/Third_Party/FreeRTOS/Source/list.o
                0x000000000800accc                vListInitialiseItem
 .text.vListInsertEnd
                0x000000000800ace2       0x44 ./Middlewares/Third_Party/FreeRTOS/Source/list.o
                0x000000000800ace2                vListInsertEnd
 .text.vListInsert
                0x000000000800ad26       0x6c ./Middlewares/Third_Party/FreeRTOS/Source/list.o
                0x000000000800ad26                vListInsert
 .text.uxListRemove
                0x000000000800ad92       0x50 ./Middlewares/Third_Party/FreeRTOS/Source/list.o
                0x000000000800ad92                uxListRemove
 .text.xQueueGenericReset
                0x000000000800ade2       0xa8 ./Middlewares/Third_Party/FreeRTOS/Source/queue.o
                0x000000000800ade2                xQueueGenericReset
 .text.xQueueGenericCreateStatic
                0x000000000800ae8a       0x96 ./Middlewares/Third_Party/FreeRTOS/Source/queue.o
                0x000000000800ae8a                xQueueGenericCreateStatic
 .text.xQueueGenericCreate
                0x000000000800af20       0x6c ./Middlewares/Third_Party/FreeRTOS/Source/queue.o
                0x000000000800af20                xQueueGenericCreate
 .text.prvInitialiseNewQueue
                0x000000000800af8c       0x4e ./Middlewares/Third_Party/FreeRTOS/Source/queue.o
 .text.xQueueCreateCountingSemaphoreStatic
                0x000000000800afda       0x4c ./Middlewares/Third_Party/FreeRTOS/Source/queue.o
                0x000000000800afda                xQueueCreateCountingSemaphoreStatic
 .text.xQueueCreateCountingSemaphore
                0x000000000800b026       0x46 ./Middlewares/Third_Party/FreeRTOS/Source/queue.o
                0x000000000800b026                xQueueCreateCountingSemaphore
 .text.xQueueGenericSend
                0x000000000800b06c      0x188 ./Middlewares/Third_Party/FreeRTOS/Source/queue.o
                0x000000000800b06c                xQueueGenericSend
 .text.xQueueGenericSendFromISR
                0x000000000800b1f4       0xe2 ./Middlewares/Third_Party/FreeRTOS/Source/queue.o
                0x000000000800b1f4                xQueueGenericSendFromISR
 .text.xQueueReceive
                0x000000000800b2d6      0x16a ./Middlewares/Third_Party/FreeRTOS/Source/queue.o
                0x000000000800b2d6                xQueueReceive
 .text.xQueueSemaphoreTake
                0x000000000800b440      0x1b4 ./Middlewares/Third_Party/FreeRTOS/Source/queue.o
                0x000000000800b440                xQueueSemaphoreTake
 .text.vQueueDelete
                0x000000000800b5f4       0x38 ./Middlewares/Third_Party/FreeRTOS/Source/queue.o
                0x000000000800b5f4                vQueueDelete
 .text.prvGetDisinheritPriorityAfterTimeout
                0x000000000800b62c       0x2c ./Middlewares/Third_Party/FreeRTOS/Source/queue.o
 .text.prvCopyDataToQueue
                0x000000000800b658       0xd6 ./Middlewares/Third_Party/FreeRTOS/Source/queue.o
 .text.prvCopyDataFromQueue
                0x000000000800b72e       0x4c ./Middlewares/Third_Party/FreeRTOS/Source/queue.o
 .text.prvUnlockQueue
                0x000000000800b77a       0xbc ./Middlewares/Third_Party/FreeRTOS/Source/queue.o
 .text.prvIsQueueEmpty
                0x000000000800b836       0x2c ./Middlewares/Third_Party/FreeRTOS/Source/queue.o
 .text.prvIsQueueFull
                0x000000000800b862       0x30 ./Middlewares/Third_Party/FreeRTOS/Source/queue.o
 *fill*         0x000000000800b892        0x2 
 .text.vQueueAddToRegistry
                0x000000000800b894       0x50 ./Middlewares/Third_Party/FreeRTOS/Source/queue.o
                0x000000000800b894                vQueueAddToRegistry
 .text.vQueueUnregisterQueue
                0x000000000800b8e4       0x54 ./Middlewares/Third_Party/FreeRTOS/Source/queue.o
                0x000000000800b8e4                vQueueUnregisterQueue
 .text.vQueueWaitForMessageRestricted
                0x000000000800b938       0x66 ./Middlewares/Third_Party/FreeRTOS/Source/queue.o
                0x000000000800b938                vQueueWaitForMessageRestricted
 .text.xTaskCreateStatic
                0x000000000800b99e       0x86 ./Middlewares/Third_Party/FreeRTOS/Source/tasks.o
                0x000000000800b99e                xTaskCreateStatic
 .text.xTaskCreate
                0x000000000800ba24       0x98 ./Middlewares/Third_Party/FreeRTOS/Source/tasks.o
                0x000000000800ba24                xTaskCreate
 .text.prvInitialiseNewTask
                0x000000000800babc      0x130 ./Middlewares/Third_Party/FreeRTOS/Source/tasks.o
 .text.prvAddNewTaskToReadyList
                0x000000000800bbec       0xd0 ./Middlewares/Third_Party/FreeRTOS/Source/tasks.o
 .text.vTaskDelay
                0x000000000800bcbc       0x4c ./Middlewares/Third_Party/FreeRTOS/Source/tasks.o
                0x000000000800bcbc                vTaskDelay
 .text.vTaskStartScheduler
                0x000000000800bd08       0xbc ./Middlewares/Third_Party/FreeRTOS/Source/tasks.o
                0x000000000800bd08                vTaskStartScheduler
 .text.vTaskSuspendAll
                0x000000000800bdc4       0x18 ./Middlewares/Third_Party/FreeRTOS/Source/tasks.o
                0x000000000800bdc4                vTaskSuspendAll
 .text.xTaskResumeAll
                0x000000000800bddc      0x118 ./Middlewares/Third_Party/FreeRTOS/Source/tasks.o
                0x000000000800bddc                xTaskResumeAll
 .text.xTaskGetTickCount
                0x000000000800bef4       0x1c ./Middlewares/Third_Party/FreeRTOS/Source/tasks.o
                0x000000000800bef4                xTaskGetTickCount
 .text.xTaskGetTickCountFromISR
                0x000000000800bf10       0x20 ./Middlewares/Third_Party/FreeRTOS/Source/tasks.o
                0x000000000800bf10                xTaskGetTickCountFromISR
 .text.xTaskIncrementTick
                0x000000000800bf30      0x168 ./Middlewares/Third_Party/FreeRTOS/Source/tasks.o
                0x000000000800bf30                xTaskIncrementTick
 .text.vTaskSwitchContext
                0x000000000800c098       0xb4 ./Middlewares/Third_Party/FreeRTOS/Source/tasks.o
                0x000000000800c098                vTaskSwitchContext
 .text.vTaskPlaceOnEventList
                0x000000000800c14c       0x3c ./Middlewares/Third_Party/FreeRTOS/Source/tasks.o
                0x000000000800c14c                vTaskPlaceOnEventList
 .text.vTaskPlaceOnEventListRestricted
                0x000000000800c188       0x4c ./Middlewares/Third_Party/FreeRTOS/Source/tasks.o
                0x000000000800c188                vTaskPlaceOnEventListRestricted
 .text.xTaskRemoveFromEventList
                0x000000000800c1d4       0xb8 ./Middlewares/Third_Party/FreeRTOS/Source/tasks.o
                0x000000000800c1d4                xTaskRemoveFromEventList
 .text.vTaskInternalSetTimeOutState
                0x000000000800c28c       0x28 ./Middlewares/Third_Party/FreeRTOS/Source/tasks.o
                0x000000000800c28c                vTaskInternalSetTimeOutState
 .text.xTaskCheckForTimeOut
                0x000000000800c2b4       0xa0 ./Middlewares/Third_Party/FreeRTOS/Source/tasks.o
                0x000000000800c2b4                xTaskCheckForTimeOut
 .text.vTaskMissedYield
                0x000000000800c354       0x14 ./Middlewares/Third_Party/FreeRTOS/Source/tasks.o
                0x000000000800c354                vTaskMissedYield
 .text.prvIdleTask
                0x000000000800c368       0x20 ./Middlewares/Third_Party/FreeRTOS/Source/tasks.o
 .text.prvInitialiseTaskLists
                0x000000000800c388       0x88 ./Middlewares/Third_Party/FreeRTOS/Source/tasks.o
 .text.prvCheckTasksWaitingTermination
                0x000000000800c410       0x5c ./Middlewares/Third_Party/FreeRTOS/Source/tasks.o
 .text.prvDeleteTCB
                0x000000000800c46c       0x5a ./Middlewares/Third_Party/FreeRTOS/Source/tasks.o
 *fill*         0x000000000800c4c6        0x2 
 .text.prvResetNextTaskUnblockTime
                0x000000000800c4c8       0x48 ./Middlewares/Third_Party/FreeRTOS/Source/tasks.o
 .text.xTaskGetSchedulerState
                0x000000000800c510       0x38 ./Middlewares/Third_Party/FreeRTOS/Source/tasks.o
                0x000000000800c510                xTaskGetSchedulerState
 .text.xTaskPriorityInherit
                0x000000000800c548       0xdc ./Middlewares/Third_Party/FreeRTOS/Source/tasks.o
                0x000000000800c548                xTaskPriorityInherit
 .text.xTaskPriorityDisinherit
                0x000000000800c624       0xb8 ./Middlewares/Third_Party/FreeRTOS/Source/tasks.o
                0x000000000800c624                xTaskPriorityDisinherit
 .text.vTaskPriorityDisinheritAfterTimeout
                0x000000000800c6dc       0xe8 ./Middlewares/Third_Party/FreeRTOS/Source/tasks.o
                0x000000000800c6dc                vTaskPriorityDisinheritAfterTimeout
 .text.pvTaskIncrementMutexHeldCount
                0x000000000800c7c4       0x24 ./Middlewares/Third_Party/FreeRTOS/Source/tasks.o
                0x000000000800c7c4                pvTaskIncrementMutexHeldCount
 .text.ulTaskNotifyTake
                0x000000000800c7e8       0x8c ./Middlewares/Third_Party/FreeRTOS/Source/tasks.o
                0x000000000800c7e8                ulTaskNotifyTake
 .text.xTaskGenericNotify
                0x000000000800c874      0x124 ./Middlewares/Third_Party/FreeRTOS/Source/tasks.o
                0x000000000800c874                xTaskGenericNotify
 .text.xTaskGenericNotifyFromISR
                0x000000000800c998      0x164 ./Middlewares/Third_Party/FreeRTOS/Source/tasks.o
                0x000000000800c998                xTaskGenericNotifyFromISR
 .text.vTaskNotifyGiveFromISR
                0x000000000800cafc       0xf4 ./Middlewares/Third_Party/FreeRTOS/Source/tasks.o
                0x000000000800cafc                vTaskNotifyGiveFromISR
 .text.prvAddCurrentTaskToDelayedList
                0x000000000800cbf0       0xa8 ./Middlewares/Third_Party/FreeRTOS/Source/tasks.o
 .text.xTimerCreateTimerTask
                0x000000000800cc98       0x7c ./Middlewares/Third_Party/FreeRTOS/Source/timers.o
                0x000000000800cc98                xTimerCreateTimerTask
 .text.xTimerCreate
                0x000000000800cd14       0x46 ./Middlewares/Third_Party/FreeRTOS/Source/timers.o
                0x000000000800cd14                xTimerCreate
 .text.xTimerCreateStatic
                0x000000000800cd5a       0x58 ./Middlewares/Third_Party/FreeRTOS/Source/timers.o
                0x000000000800cd5a                xTimerCreateStatic
 .text.prvInitialiseNewTimer
                0x000000000800cdb2       0x52 ./Middlewares/Third_Party/FreeRTOS/Source/timers.o
 .text.xTimerGenericCommand
                0x000000000800ce04       0x94 ./Middlewares/Third_Party/FreeRTOS/Source/timers.o
                0x000000000800ce04                xTimerGenericCommand
 .text.prvProcessExpiredTimer
                0x000000000800ce98       0x70 ./Middlewares/Third_Party/FreeRTOS/Source/timers.o
 .text.prvTimerTask
                0x000000000800cf08       0x28 ./Middlewares/Third_Party/FreeRTOS/Source/timers.o
 .text.prvProcessTimerOrBlockTask
                0x000000000800cf30       0x8c ./Middlewares/Third_Party/FreeRTOS/Source/timers.o
 .text.prvGetNextExpireTime
                0x000000000800cfbc       0x40 ./Middlewares/Third_Party/FreeRTOS/Source/timers.o
 .text.prvSampleTimeNow
                0x000000000800cffc       0x40 ./Middlewares/Third_Party/FreeRTOS/Source/timers.o
 .text.prvInsertTimerInActiveList
                0x000000000800d03c       0x84 ./Middlewares/Third_Party/FreeRTOS/Source/timers.o
 .text.prvProcessReceivedCommands
                0x000000000800d0c0      0x130 ./Middlewares/Third_Party/FreeRTOS/Source/timers.o
 .text.prvSwitchTimerLists
                0x000000000800d1f0       0xb4 ./Middlewares/Third_Party/FreeRTOS/Source/timers.o
 .text.prvCheckForValidListAndQueue
                0x000000000800d2a4       0x84 ./Middlewares/Third_Party/FreeRTOS/Source/timers.o
 .text.pvTimerGetTimerID
                0x000000000800d328       0x2e ./Middlewares/Third_Party/FreeRTOS/Source/timers.o
                0x000000000800d328                pvTimerGetTimerID
 *fill*         0x000000000800d356        0x2 
 .text.pxPortInitialiseStack
                0x000000000800d358       0x54 ./Middlewares/Third_Party/FreeRTOS/Source/portable/GCC/ARM_CM0/port.o
                0x000000000800d358                pxPortInitialiseStack
 .text.prvTaskExitError
                0x000000000800d3ac       0x30 ./Middlewares/Third_Party/FreeRTOS/Source/portable/GCC/ARM_CM0/port.o
 .text.SVC_Handler
                0x000000000800d3dc        0xa ./Middlewares/Third_Party/FreeRTOS/Source/portable/GCC/ARM_CM0/port.o
                0x000000000800d3dc                SVC_Handler
 *fill*         0x000000000800d3e6        0xa 
 .text.vPortStartFirstTask
                0x000000000800d3f0       0x38 ./Middlewares/Third_Party/FreeRTOS/Source/portable/GCC/ARM_CM0/port.o
 .text.xPortStartScheduler
                0x000000000800d428       0x48 ./Middlewares/Third_Party/FreeRTOS/Source/portable/GCC/ARM_CM0/port.o
                0x000000000800d428                xPortStartScheduler
 .text.vPortYield
                0x000000000800d470       0x20 ./Middlewares/Third_Party/FreeRTOS/Source/portable/GCC/ARM_CM0/port.o
                0x000000000800d470                vPortYield
 .text.vPortEnterCritical
                0x000000000800d490       0x24 ./Middlewares/Third_Party/FreeRTOS/Source/portable/GCC/ARM_CM0/port.o
                0x000000000800d490                vPortEnterCritical
 .text.vPortExitCritical
                0x000000000800d4b4       0x30 ./Middlewares/Third_Party/FreeRTOS/Source/portable/GCC/ARM_CM0/port.o
                0x000000000800d4b4                vPortExitCritical
 .text.ulSetInterruptMaskFromISR
                0x000000000800d4e4        0xc ./Middlewares/Third_Party/FreeRTOS/Source/portable/GCC/ARM_CM0/port.o
                0x000000000800d4e4                ulSetInterruptMaskFromISR
 .text.vClearInterruptMaskFromISR
                0x000000000800d4f0        0x8 ./Middlewares/Third_Party/FreeRTOS/Source/portable/GCC/ARM_CM0/port.o
                0x000000000800d4f0                vClearInterruptMaskFromISR
 *fill*         0x000000000800d4f8        0x8 
 .text.PendSV_Handler
                0x000000000800d500       0x48 ./Middlewares/Third_Party/FreeRTOS/Source/portable/GCC/ARM_CM0/port.o
                0x000000000800d500                PendSV_Handler
 .text.xPortSysTickHandler
                0x000000000800d548       0x34 ./Middlewares/Third_Party/FreeRTOS/Source/portable/GCC/ARM_CM0/port.o
                0x000000000800d548                xPortSysTickHandler
 .text.prvSetupTimerInterrupt
                0x000000000800d57c       0x44 ./Middlewares/Third_Party/FreeRTOS/Source/portable/GCC/ARM_CM0/port.o
 .text.pvPortMalloc
                0x000000000800d5c0      0x14c ./Middlewares/Third_Party/FreeRTOS/Source/portable/MemMang/heap_4.o
                0x000000000800d5c0                pvPortMalloc
 .text.vPortFree
                0x000000000800d70c       0x90 ./Middlewares/Third_Party/FreeRTOS/Source/portable/MemMang/heap_4.o
                0x000000000800d70c                vPortFree
 .text.prvHeapInit
                0x000000000800d79c       0xc0 ./Middlewares/Third_Party/FreeRTOS/Source/portable/MemMang/heap_4.o
 .text.prvInsertBlockIntoFreeList
                0x000000000800d85c       0xb0 ./Middlewares/Third_Party/FreeRTOS/Source/portable/MemMang/heap_4.o
 .text.MCP3462_ADCInit
                0x000000000800d90c       0xc0 ./Middlewares/Third_Party/MCP3462/Src/MCP3462.o
                0x000000000800d90c                MCP3462_ADCInit
 .text.MCP3462_ADCRead
                0x000000000800d9cc       0xb8 ./Middlewares/Third_Party/MCP3462/Src/MCP3462.o
                0x000000000800d9cc                MCP3462_ADCRead
 .text.memset   0x000000000800da84       0x10 /Applications/STM32CubeIDE.app/Contents/Eclipse/plugins/com.st.stm32cube.ide.mcu.externaltools.gnu-tools-for-stm32.11.3.rel1.macos64_1.1.100.202310310803/tools/bin/../lib/gcc/arm-none-eabi/11.3.1/../../../../arm-none-eabi/lib/thumb/v6-m/nofp/libc_nano.a(libc_a-memset.o)
                0x000000000800da84                memset
 .text._reclaim_reent
                0x000000000800da94       0xbc /Applications/STM32CubeIDE.app/Contents/Eclipse/plugins/com.st.stm32cube.ide.mcu.externaltools.gnu-tools-for-stm32.11.3.rel1.macos64_1.1.100.202310310803/tools/bin/../lib/gcc/arm-none-eabi/11.3.1/../../../../arm-none-eabi/lib/thumb/v6-m/nofp/libc_nano.a(libc_a-reent.o)
                0x000000000800da94                _reclaim_reent
 .text.__libc_init_array
                0x000000000800db50       0x48 /Applications/STM32CubeIDE.app/Contents/Eclipse/plugins/com.st.stm32cube.ide.mcu.externaltools.gnu-tools-for-stm32.11.3.rel1.macos64_1.1.100.202310310803/tools/bin/../lib/gcc/arm-none-eabi/11.3.1/../../../../arm-none-eabi/lib/thumb/v6-m/nofp/libc_nano.a(libc_a-init.o)
                0x000000000800db50                __libc_init_array
 .text.__retarget_lock_acquire_recursive
                0x000000000800db98        0x2 /Applications/STM32CubeIDE.app/Contents/Eclipse/plugins/com.st.stm32cube.ide.mcu.externaltools.gnu-tools-for-stm32.11.3.rel1.macos64_1.1.100.202310310803/tools/bin/../lib/gcc/arm-none-eabi/11.3.1/../../../../arm-none-eabi/lib/thumb/v6-m/nofp/libc_nano.a(libc_a-lock.o)
                0x000000000800db98                __retarget_lock_acquire_recursive
 .text.__retarget_lock_release_recursive
                0x000000000800db9a        0x2 /Applications/STM32CubeIDE.app/Contents/Eclipse/plugins/com.st.stm32cube.ide.mcu.externaltools.gnu-tools-for-stm32.11.3.rel1.macos64_1.1.100.202310310803/tools/bin/../lib/gcc/arm-none-eabi/11.3.1/../../../../arm-none-eabi/lib/thumb/v6-m/nofp/libc_nano.a(libc_a-lock.o)
                0x000000000800db9a                __retarget_lock_release_recursive
 .text.memcpy   0x000000000800db9c       0x12 /Applications/STM32CubeIDE.app/Contents/Eclipse/plugins/com.st.stm32cube.ide.mcu.externaltools.gnu-tools-for-stm32.11.3.rel1.macos64_1.1.100.202310310803/tools/bin/../lib/gcc/arm-none-eabi/11.3.1/../../../../arm-none-eabi/lib/thumb/v6-m/nofp/libc_nano.a(libc_a-memcpy-stub.o)
                0x000000000800db9c                memcpy
 *fill*         0x000000000800dbae        0x2 
 .text._free_r  0x000000000800dbb0       0x94 /Applications/STM32CubeIDE.app/Contents/Eclipse/plugins/com.st.stm32cube.ide.mcu.externaltools.gnu-tools-for-stm32.11.3.rel1.macos64_1.1.100.202310310803/tools/bin/../lib/gcc/arm-none-eabi/11.3.1/../../../../arm-none-eabi/lib/thumb/v6-m/nofp/libc_nano.a(libc_a-freer.o)
                0x000000000800dbb0                _free_r
 .text.__malloc_lock
                0x000000000800dc44       0x10 /Applications/STM32CubeIDE.app/Contents/Eclipse/plugins/com.st.stm32cube.ide.mcu.externaltools.gnu-tools-for-stm32.11.3.rel1.macos64_1.1.100.202310310803/tools/bin/../lib/gcc/arm-none-eabi/11.3.1/../../../../arm-none-eabi/lib/thumb/v6-m/nofp/libc_nano.a(libc_a-mlock.o)
                0x000000000800dc44                __malloc_lock
 .text.__malloc_unlock
                0x000000000800dc54       0x10 /Applications/STM32CubeIDE.app/Contents/Eclipse/plugins/com.st.stm32cube.ide.mcu.externaltools.gnu-tools-for-stm32.11.3.rel1.macos64_1.1.100.202310310803/tools/bin/../lib/gcc/arm-none-eabi/11.3.1/../../../../arm-none-eabi/lib/thumb/v6-m/nofp/libc_nano.a(libc_a-mlock.o)
                0x000000000800dc54                __malloc_unlock
 *(.glue_7)
 .glue_7        0x000000000800dc64        0x0 linker stubs
 *(.glue_7t)
 .glue_7t       0x000000000800dc64        0x0 linker stubs
 *(.eh_frame)
 .eh_frame      0x000000000800dc64        0x0 /Applications/STM32CubeIDE.app/Contents/Eclipse/plugins/com.st.stm32cube.ide.mcu.externaltools.gnu-tools-for-stm32.11.3.rel1.macos64_1.1.100.202310310803/tools/bin/../lib/gcc/arm-none-eabi/11.3.1/thumb/v6-m/nofp/crtbegin.o
 *(.init)
 .init          0x000000000800dc64        0x4 /Applications/STM32CubeIDE.app/Contents/Eclipse/plugins/com.st.stm32cube.ide.mcu.externaltools.gnu-tools-for-stm32.11.3.rel1.macos64_1.1.100.202310310803/tools/bin/../lib/gcc/arm-none-eabi/11.3.1/thumb/v6-m/nofp/crti.o
                0x000000000800dc64                _init
 .init          0x000000000800dc68        0x8 /Applications/STM32CubeIDE.app/Contents/Eclipse/plugins/com.st.stm32cube.ide.mcu.externaltools.gnu-tools-for-stm32.11.3.rel1.macos64_1.1.100.202310310803/tools/bin/../lib/gcc/arm-none-eabi/11.3.1/thumb/v6-m/nofp/crtn.o
 *(.fini)
 .fini          0x000000000800dc70        0x4 /Applications/STM32CubeIDE.app/Contents/Eclipse/plugins/com.st.stm32cube.ide.mcu.externaltools.gnu-tools-for-stm32.11.3.rel1.macos64_1.1.100.202310310803/tools/bin/../lib/gcc/arm-none-eabi/11.3.1/thumb/v6-m/nofp/crti.o
                0x000000000800dc70                _fini
 .fini          0x000000000800dc74        0x8 /Applications/STM32CubeIDE.app/Contents/Eclipse/plugins/com.st.stm32cube.ide.mcu.externaltools.gnu-tools-for-stm32.11.3.rel1.macos64_1.1.100.202310310803/tools/bin/../lib/gcc/arm-none-eabi/11.3.1/thumb/v6-m/nofp/crtn.o
                0x000000000800dc7c                . = ALIGN (0x4)
                0x000000000800dc7c                _etext = .

.vfp11_veneer   0x000000000800dc7c        0x0
 .vfp11_veneer  0x000000000800dc7c        0x0 linker stubs

.v4_bx          0x000000000800dc7c        0x0
 .v4_bx         0x000000000800dc7c        0x0 linker stubs

.iplt           0x000000000800dc7c        0x0
 .iplt          0x000000000800dc7c        0x0 /Applications/STM32CubeIDE.app/Contents/Eclipse/plugins/com.st.stm32cube.ide.mcu.externaltools.gnu-tools-for-stm32.11.3.rel1.macos64_1.1.100.202310310803/tools/bin/../lib/gcc/arm-none-eabi/11.3.1/thumb/v6-m/nofp/crtbegin.o

.rodata         0x000000000800dc7c      0x318
                0x000000000800dc7c                . = ALIGN (0x4)
 *(.rodata)
 .rodata        0x000000000800dc7c       0x3d ./Core/Src/freertos.o
 *fill*         0x000000000800dcb9        0x3 
 .rodata        0x000000000800dcbc       0x5d ./Middlewares/MODBUS-LIB/Src/Modbus.o
 *fill*         0x000000000800dd19        0x3 
 .rodata        0x000000000800dd1c        0x5 ./Middlewares/Third_Party/FreeRTOS/Source/tasks.o
 *fill*         0x000000000800dd21        0x3 
 .rodata        0x000000000800dd24        0xd ./Middlewares/Third_Party/FreeRTOS/Source/timers.o
 *fill*         0x000000000800dd31        0x3 
 .rodata        0x000000000800dd34       0x40 /Applications/STM32CubeIDE.app/Contents/Eclipse/plugins/com.st.stm32cube.ide.mcu.externaltools.gnu-tools-for-stm32.11.3.rel1.macos64_1.1.100.202310310803/tools/bin/../lib/gcc/arm-none-eabi/11.3.1/thumb/v6-m/nofp/libgcc.a(divdf3.o)
 *(.rodata*)
 .rodata.ADCTask_attributes
                0x000000000800dd74       0x24 ./Core/Src/freertos.o
                0x000000000800dd74                ADCTask_attributes
 .rodata.GreenLedOffTimer_attributes
                0x000000000800dd98       0x10 ./Core/Src/freertos.o
                0x000000000800dd98                GreenLedOffTimer_attributes
 .rodata.RedLedOffTimer_attributes
                0x000000000800dda8       0x10 ./Core/Src/freertos.o
                0x000000000800dda8                RedLedOffTimer_attributes
 .rodata.sendCANDataTimer_attributes
                0x000000000800ddb8       0x10 ./Core/Src/freertos.o
                0x000000000800ddb8                sendCANDataTimer_attributes
 .rodata.AHBPrescTable
                0x000000000800ddc8       0x10 ./Core/Src/system_stm32f0xx.o
                0x000000000800ddc8                AHBPrescTable
 .rodata.APBPrescTable
                0x000000000800ddd8        0x8 ./Core/Src/system_stm32f0xx.o
                0x000000000800ddd8                APBPrescTable
 .rodata.aPLLMULFactorTable.1
                0x000000000800dde0       0x10 ./Drivers/STM32F0xx_HAL_Driver/Src/stm32f0xx_hal_rcc.o
 .rodata.aPredivFactorTable.0
                0x000000000800ddf0       0x10 ./Drivers/STM32F0xx_HAL_Driver/Src/stm32f0xx_hal_rcc.o
 .rodata.QueueTelegram_attributes
                0x000000000800de00       0x18 ./Middlewares/MODBUS-LIB/Src/Modbus.o
                0x000000000800de00                QueueTelegram_attributes
 .rodata.myTaskModbusA_attributes
                0x000000000800de18       0x24 ./Middlewares/MODBUS-LIB/Src/Modbus.o
                0x000000000800de18                myTaskModbusA_attributes
 .rodata.myTaskModbusB_attributes
                0x000000000800de3c       0x24 ./Middlewares/MODBUS-LIB/Src/Modbus.o
                0x000000000800de3c                myTaskModbusB_attributes
 .rodata.ModBusSphr_attributes
                0x000000000800de60       0x10 ./Middlewares/MODBUS-LIB/Src/Modbus.o
                0x000000000800de60                ModBusSphr_attributes
 .rodata.fctsupported
                0x000000000800de70        0x8 ./Middlewares/MODBUS-LIB/Src/Modbus.o
                0x000000000800de70                fctsupported
 .rodata.StartTaskModbusSlave
                0x000000000800de78       0x44 ./Middlewares/MODBUS-LIB/Src/Modbus.o
 .rodata.SendQuery
                0x000000000800debc       0x44 ./Middlewares/MODBUS-LIB/Src/Modbus.o
 .rodata.validateRequest
                0x000000000800df00       0x44 ./Middlewares/MODBUS-LIB/Src/Modbus.o
 .rodata.xTaskGenericNotify
                0x000000000800df44       0x14 ./Middlewares/Third_Party/FreeRTOS/Source/tasks.o
 .rodata.xTaskGenericNotifyFromISR
                0x000000000800df58       0x14 ./Middlewares/Third_Party/FreeRTOS/Source/tasks.o
 .rodata.prvProcessReceivedCommands
                0x000000000800df6c       0x28 ./Middlewares/Third_Party/FreeRTOS/Source/timers.o
                0x000000000800df94                . = ALIGN (0x4)

.rel.dyn        0x000000000800df94        0x0
 .rel.iplt      0x000000000800df94        0x0 /Applications/STM32CubeIDE.app/Contents/Eclipse/plugins/com.st.stm32cube.ide.mcu.externaltools.gnu-tools-for-stm32.11.3.rel1.macos64_1.1.100.202310310803/tools/bin/../lib/gcc/arm-none-eabi/11.3.1/thumb/v6-m/nofp/crtbegin.o

.ARM.extab      0x000000000800df94        0x0
                0x000000000800df94                . = ALIGN (0x4)
 *(.ARM.extab* .gnu.linkonce.armextab.*)
                0x000000000800df94                . = ALIGN (0x4)

.ARM            0x000000000800df94        0x0
                0x000000000800df94                . = ALIGN (0x4)
                0x000000000800df94                __exidx_start = .
 *(.ARM.exidx*)
                0x000000000800df94                __exidx_end = .
                0x000000000800df94                . = ALIGN (0x4)

.preinit_array  0x000000000800df94        0x0
                0x000000000800df94                . = ALIGN (0x4)
                0x000000000800df94                PROVIDE (__preinit_array_start = .)
 *(.preinit_array*)
                0x000000000800df94                PROVIDE (__preinit_array_end = .)
                0x000000000800df94                . = ALIGN (0x4)

.init_array     0x000000000800df94        0x4
                0x000000000800df94                . = ALIGN (0x4)
                0x000000000800df94                PROVIDE (__init_array_start = .)
 *(SORT_BY_NAME(.init_array.*))
 *(.init_array*)
 .init_array    0x000000000800df94        0x4 /Applications/STM32CubeIDE.app/Contents/Eclipse/plugins/com.st.stm32cube.ide.mcu.externaltools.gnu-tools-for-stm32.11.3.rel1.macos64_1.1.100.202310310803/tools/bin/../lib/gcc/arm-none-eabi/11.3.1/thumb/v6-m/nofp/crtbegin.o
                0x000000000800df98                PROVIDE (__init_array_end = .)
                0x000000000800df98                . = ALIGN (0x4)

.fini_array     0x000000000800df98        0x4
                0x000000000800df98                . = ALIGN (0x4)
                [!provide]                        PROVIDE (__fini_array_start = .)
 *(SORT_BY_NAME(.fini_array.*))
 *(.fini_array*)
 .fini_array    0x000000000800df98        0x4 /Applications/STM32CubeIDE.app/Contents/Eclipse/plugins/com.st.stm32cube.ide.mcu.externaltools.gnu-tools-for-stm32.11.3.rel1.macos64_1.1.100.202310310803/tools/bin/../lib/gcc/arm-none-eabi/11.3.1/thumb/v6-m/nofp/crtbegin.o
                [!provide]                        PROVIDE (__fini_array_end = .)
                0x000000000800df9c                . = ALIGN (0x4)
                0x000000000800df9c                _sidata = LOADADDR (.data)

.data           0x0000000020000000       0x64 load address 0x000000000800df9c
                0x0000000020000000                . = ALIGN (0x4)
                0x0000000020000000                _sdata = .
 *(.data)
 *(.data*)
 .data.CANBaseAddress
                0x0000000020000000        0x2 ./Core/Src/freertos.o
                0x0000000020000000                CANBaseAddress
 *fill*         0x0000000020000002        0x2 
 .data.SystemCoreClock
                0x0000000020000004        0x4 ./Core/Src/system_stm32f0xx.o
                0x0000000020000004                SystemCoreClock
 .data.uwTickPrio
                0x0000000020000008        0x4 ./Drivers/STM32F0xx_HAL_Driver/Src/stm32f0xx_hal.o
                0x0000000020000008                uwTickPrio
 .data.uwTickFreq
                0x000000002000000c        0x1 ./Drivers/STM32F0xx_HAL_Driver/Src/stm32f0xx_hal.o
                0x000000002000000c                uwTickFreq
 *fill*         0x000000002000000d        0x3 
 .data.uxCriticalNesting
                0x0000000020000010        0x4 ./Middlewares/Third_Party/FreeRTOS/Source/portable/GCC/ARM_CM0/port.o
 .data._impure_data
                0x0000000020000014       0x4c /Applications/STM32CubeIDE.app/Contents/Eclipse/plugins/com.st.stm32cube.ide.mcu.externaltools.gnu-tools-for-stm32.11.3.rel1.macos64_1.1.100.202310310803/tools/bin/../lib/gcc/arm-none-eabi/11.3.1/../../../../arm-none-eabi/lib/thumb/v6-m/nofp/libc_nano.a(libc_a-impure.o)
                0x0000000020000014                _impure_data
 .data._impure_ptr
                0x0000000020000060        0x4 /Applications/STM32CubeIDE.app/Contents/Eclipse/plugins/com.st.stm32cube.ide.mcu.externaltools.gnu-tools-for-stm32.11.3.rel1.macos64_1.1.100.202310310803/tools/bin/../lib/gcc/arm-none-eabi/11.3.1/../../../../arm-none-eabi/lib/thumb/v6-m/nofp/libc_nano.a(libc_a-impure.o)
                0x0000000020000060                _impure_ptr
 *(.RamFunc)
 *(.RamFunc*)
                0x0000000020000064                . = ALIGN (0x4)
                0x0000000020000064                _edata = .

.igot.plt       0x0000000020000064        0x0 load address 0x000000000800e000
 .igot.plt      0x0000000020000064        0x0 /Applications/STM32CubeIDE.app/Contents/Eclipse/plugins/com.st.stm32cube.ide.mcu.externaltools.gnu-tools-for-stm32.11.3.rel1.macos64_1.1.100.202310310803/tools/bin/../lib/gcc/arm-none-eabi/11.3.1/thumb/v6-m/nofp/crtbegin.o
                0x0000000020000064                . = ALIGN (0x4)

.bss            0x0000000020000068     0x24b0 load address 0x000000000800e000
                0x0000000020000068                _sbss = .
                0x0000000020000068                __bss_start__ = _sbss
 *(.bss)
 .bss           0x0000000020000068       0x1c /Applications/STM32CubeIDE.app/Contents/Eclipse/plugins/com.st.stm32cube.ide.mcu.externaltools.gnu-tools-for-stm32.11.3.rel1.macos64_1.1.100.202310310803/tools/bin/../lib/gcc/arm-none-eabi/11.3.1/thumb/v6-m/nofp/crtbegin.o
 *(.bss*)
 .bss.EraseInitStruct.0
                0x0000000020000084        0xc ./Core/Src/FLASH_PAGE_F1.o
 .bss.hcan      0x0000000020000090       0x28 ./Core/Src/can.o
                0x0000000020000090                hcan
 .bss.RxHeader  0x00000000200000b8       0x1c ./Core/Src/can.o
                0x00000000200000b8                RxHeader
 .bss.RxData    0x00000000200000d4        0x8 ./Core/Src/can.o
                0x00000000200000d4                RxData
 .bss.lastCurrent
                0x00000000200000dc        0x4 ./Core/Src/freertos.o
                0x00000000200000dc                lastCurrent
 .bss.newCurrent
                0x00000000200000e0        0x1 ./Core/Src/freertos.o
                0x00000000200000e0                newCurrent
 *fill*         0x00000000200000e1        0x3 
 .bss.ADCTaskHandle
                0x00000000200000e4        0x4 ./Core/Src/freertos.o
                0x00000000200000e4                ADCTaskHandle
 .bss.GreenLedOffTimerHandle
                0x00000000200000e8        0x4 ./Core/Src/freertos.o
                0x00000000200000e8                GreenLedOffTimerHandle
 .bss.RedLedOffTimerHandle
                0x00000000200000ec        0x4 ./Core/Src/freertos.o
                0x00000000200000ec                RedLedOffTimerHandle
 .bss.sendCANDataTimerHandle
                0x00000000200000f0        0x4 ./Core/Src/freertos.o
                0x00000000200000f0                sendCANDataTimerHandle
 .bss.adcBuffer
                0x00000000200000f4      0x328 ./Core/Src/freertos.o
                0x00000000200000f4                adcBuffer
 .bss.msg       0x000000002000041c       0x18 ./Core/Src/freertos.o
                0x000000002000041c                msg
 .bss.hiwdg     0x0000000020000434       0x10 ./Core/Src/iwdg.o
                0x0000000020000434                hiwdg
 .bss.ModbusH   0x0000000020000444      0x144 ./Core/Src/main.o
                0x0000000020000444                ModbusH
 .bss.ModbusDATA
                0x0000000020000588       0x4c ./Core/Src/main.o
                0x0000000020000588                ModbusDATA
 .bss.hspi1     0x00000000200005d4       0x64 ./Core/Src/spi.o
                0x00000000200005d4                hspi1
 .bss.huart1    0x0000000020000638       0x88 ./Core/Src/usart.o
                0x0000000020000638                huart1
 .bss.hpcd_USB_FS
                0x00000000200006c0      0x2f4 ./Core/Src/usb.o
                0x00000000200006c0                hpcd_USB_FS
 .bss.uwTick    0x00000000200009b4        0x4 ./Drivers/STM32F0xx_HAL_Driver/Src/stm32f0xx_hal.o
                0x00000000200009b4                uwTick
 .bss.pFlash    0x00000000200009b8       0x20 ./Drivers/STM32F0xx_HAL_Driver/Src/stm32f0xx_hal_flash.o
                0x00000000200009b8                pFlash
 .bss.mHandlers
                0x00000000200009d8        0x8 ./Middlewares/MODBUS-LIB/Src/Modbus.o
                0x00000000200009d8                mHandlers
 .bss.numberHandlers
                0x00000000200009e0        0x1 ./Middlewares/MODBUS-LIB/Src/Modbus.o
                0x00000000200009e0                numberHandlers
 *fill*         0x00000000200009e1        0x3 
 .bss.calibrationData
                0x00000000200009e4       0x1c ./Middlewares/MODBUS-LIB/Src/Modbus.o
                0x00000000200009e4                calibrationData
 .bss.KernelState
                0x0000000020000a00        0x4 ./Middlewares/Third_Party/FreeRTOS/Source/CMSIS_RTOS_V2/cmsis_os2.o
 .bss.Idle_TCB  0x0000000020000a04       0xa8 ./Middlewares/Third_Party/FreeRTOS/Source/CMSIS_RTOS_V2/cmsis_os2.o
 .bss.Idle_Stack
                0x0000000020000aac      0x200 ./Middlewares/Third_Party/FreeRTOS/Source/CMSIS_RTOS_V2/cmsis_os2.o
 .bss.Timer_TCB
                0x0000000020000cac       0xa8 ./Middlewares/Third_Party/FreeRTOS/Source/CMSIS_RTOS_V2/cmsis_os2.o
 .bss.Timer_Stack
                0x0000000020000d54      0x400 ./Middlewares/Third_Party/FreeRTOS/Source/CMSIS_RTOS_V2/cmsis_os2.o
 .bss.xQueueRegistry
                0x0000000020001154       0x40 ./Middlewares/Third_Party/FreeRTOS/Source/queue.o
                0x0000000020001154                xQueueRegistry
 .bss.pxCurrentTCB
                0x0000000020001194        0x4 ./Middlewares/Third_Party/FreeRTOS/Source/tasks.o
                0x0000000020001194                pxCurrentTCB
 .bss.pxReadyTasksLists
                0x0000000020001198      0x460 ./Middlewares/Third_Party/FreeRTOS/Source/tasks.o
 .bss.xDelayedTaskList1
                0x00000000200015f8       0x14 ./Middlewares/Third_Party/FreeRTOS/Source/tasks.o
 .bss.xDelayedTaskList2
                0x000000002000160c       0x14 ./Middlewares/Third_Party/FreeRTOS/Source/tasks.o
 .bss.pxDelayedTaskList
                0x0000000020001620        0x4 ./Middlewares/Third_Party/FreeRTOS/Source/tasks.o
 .bss.pxOverflowDelayedTaskList
                0x0000000020001624        0x4 ./Middlewares/Third_Party/FreeRTOS/Source/tasks.o
 .bss.xPendingReadyList
                0x0000000020001628       0x14 ./Middlewares/Third_Party/FreeRTOS/Source/tasks.o
 .bss.xTasksWaitingTermination
                0x000000002000163c       0x14 ./Middlewares/Third_Party/FreeRTOS/Source/tasks.o
 .bss.uxDeletedTasksWaitingCleanUp
                0x0000000020001650        0x4 ./Middlewares/Third_Party/FreeRTOS/Source/tasks.o
 .bss.xSuspendedTaskList
                0x0000000020001654       0x14 ./Middlewares/Third_Party/FreeRTOS/Source/tasks.o
 .bss.uxCurrentNumberOfTasks
                0x0000000020001668        0x4 ./Middlewares/Third_Party/FreeRTOS/Source/tasks.o
 .bss.xTickCount
                0x000000002000166c        0x4 ./Middlewares/Third_Party/FreeRTOS/Source/tasks.o
 .bss.uxTopReadyPriority
                0x0000000020001670        0x4 ./Middlewares/Third_Party/FreeRTOS/Source/tasks.o
 .bss.xSchedulerRunning
                0x0000000020001674        0x4 ./Middlewares/Third_Party/FreeRTOS/Source/tasks.o
 .bss.uxPendedTicks
                0x0000000020001678        0x4 ./Middlewares/Third_Party/FreeRTOS/Source/tasks.o
 .bss.xYieldPending
                0x000000002000167c        0x4 ./Middlewares/Third_Party/FreeRTOS/Source/tasks.o
 .bss.xNumOfOverflows
                0x0000000020001680        0x4 ./Middlewares/Third_Party/FreeRTOS/Source/tasks.o
 .bss.uxTaskNumber
                0x0000000020001684        0x4 ./Middlewares/Third_Party/FreeRTOS/Source/tasks.o
 .bss.xNextTaskUnblockTime
                0x0000000020001688        0x4 ./Middlewares/Third_Party/FreeRTOS/Source/tasks.o
 .bss.xIdleTaskHandle
                0x000000002000168c        0x4 ./Middlewares/Third_Party/FreeRTOS/Source/tasks.o
 .bss.uxSchedulerSuspended
                0x0000000020001690        0x4 ./Middlewares/Third_Party/FreeRTOS/Source/tasks.o
 .bss.xActiveTimerList1
                0x0000000020001694       0x14 ./Middlewares/Third_Party/FreeRTOS/Source/timers.o
 .bss.xActiveTimerList2
                0x00000000200016a8       0x14 ./Middlewares/Third_Party/FreeRTOS/Source/timers.o
 .bss.pxCurrentTimerList
                0x00000000200016bc        0x4 ./Middlewares/Third_Party/FreeRTOS/Source/timers.o
 .bss.pxOverflowTimerList
                0x00000000200016c0        0x4 ./Middlewares/Third_Party/FreeRTOS/Source/timers.o
 .bss.xTimerQueue
                0x00000000200016c4        0x4 ./Middlewares/Third_Party/FreeRTOS/Source/timers.o
 .bss.xTimerTaskHandle
                0x00000000200016c8        0x4 ./Middlewares/Third_Party/FreeRTOS/Source/timers.o
 .bss.xLastTime.2
                0x00000000200016cc        0x4 ./Middlewares/Third_Party/FreeRTOS/Source/timers.o
 .bss.ucStaticTimerQueueStorage.1
                0x00000000200016d0       0xa0 ./Middlewares/Third_Party/FreeRTOS/Source/timers.o
 .bss.xStaticTimerQueue.0
                0x0000000020001770       0x50 ./Middlewares/Third_Party/FreeRTOS/Source/timers.o
 .bss.ucHeap    0x00000000200017c0      0xc00 ./Middlewares/Third_Party/FreeRTOS/Source/portable/MemMang/heap_4.o
 .bss.xStart    0x00000000200023c0        0x8 ./Middlewares/Third_Party/FreeRTOS/Source/portable/MemMang/heap_4.o
 .bss.pxEnd     0x00000000200023c8        0x4 ./Middlewares/Third_Party/FreeRTOS/Source/portable/MemMang/heap_4.o
 .bss.xFreeBytesRemaining
                0x00000000200023cc        0x4 ./Middlewares/Third_Party/FreeRTOS/Source/portable/MemMang/heap_4.o
 .bss.xMinimumEverFreeBytesRemaining
                0x00000000200023d0        0x4 ./Middlewares/Third_Party/FreeRTOS/Source/portable/MemMang/heap_4.o
 .bss.xBlockAllocatedBit
                0x00000000200023d4        0x4 ./Middlewares/Third_Party/FreeRTOS/Source/portable/MemMang/heap_4.o
 .bss.__sf      0x00000000200023d8      0x138 /Applications/STM32CubeIDE.app/Contents/Eclipse/plugins/com.st.stm32cube.ide.mcu.externaltools.gnu-tools-for-stm32.11.3.rel1.macos64_1.1.100.202310310803/tools/bin/../lib/gcc/arm-none-eabi/11.3.1/../../../../arm-none-eabi/lib/thumb/v6-m/nofp/libc_nano.a(libc_a-findfp.o)
                0x00000000200023d8                __sf
 .bss.__lock___malloc_recursive_mutex
                0x0000000020002510        0x1 /Applications/STM32CubeIDE.app/Contents/Eclipse/plugins/com.st.stm32cube.ide.mcu.externaltools.gnu-tools-for-stm32.11.3.rel1.macos64_1.1.100.202310310803/tools/bin/../lib/gcc/arm-none-eabi/11.3.1/../../../../arm-none-eabi/lib/thumb/v6-m/nofp/libc_nano.a(libc_a-lock.o)
                0x0000000020002510                __lock___malloc_recursive_mutex
 *fill*         0x0000000020002511        0x3 
 .bss.__malloc_free_list
                0x0000000020002514        0x4 /Applications/STM32CubeIDE.app/Contents/Eclipse/plugins/com.st.stm32cube.ide.mcu.externaltools.gnu-tools-for-stm32.11.3.rel1.macos64_1.1.100.202310310803/tools/bin/../lib/gcc/arm-none-eabi/11.3.1/../../../../arm-none-eabi/lib/thumb/v6-m/nofp/libc_nano.a(libc_a-mallocr.o)
                0x0000000020002514                __malloc_free_list
 *(COMMON)
                0x0000000020002518                . = ALIGN (0x4)
                0x0000000020002518                _ebss = .
                0x0000000020002518                __bss_end__ = _ebss

._user_heap_stack
                0x0000000020002518      0x600 load address 0x000000000800e000
                0x0000000020002518                . = ALIGN (0x8)
                [!provide]                        PROVIDE (end = .)
                0x0000000020002518                PROVIDE (_end = .)
                0x0000000020002718                . = (. + _Min_Heap_Size)
 *fill*         0x0000000020002518      0x200 
                0x0000000020002b18                . = (. + _Min_Stack_Size)
 *fill*         0x0000000020002718      0x400 
                0x0000000020002b18                . = ALIGN (0x8)

/DISCARD/
 libc.a(*)
 libm.a(*)
 libgcc.a(*)

.ARM.attributes
                0x0000000000000000       0x28
 *(.ARM.attributes)
 .ARM.attributes
                0x0000000000000000       0x1e /Applications/STM32CubeIDE.app/Contents/Eclipse/plugins/com.st.stm32cube.ide.mcu.externaltools.gnu-tools-for-stm32.11.3.rel1.macos64_1.1.100.202310310803/tools/bin/../lib/gcc/arm-none-eabi/11.3.1/thumb/v6-m/nofp/crti.o
 .ARM.attributes
                0x000000000000001e       0x2c /Applications/STM32CubeIDE.app/Contents/Eclipse/plugins/com.st.stm32cube.ide.mcu.externaltools.gnu-tools-for-stm32.11.3.rel1.macos64_1.1.100.202310310803/tools/bin/../lib/gcc/arm-none-eabi/11.3.1/thumb/v6-m/nofp/crtbegin.o
 .ARM.attributes
                0x000000000000004a       0x2c ./Core/Src/FLASH_PAGE_F1.o
 .ARM.attributes
                0x0000000000000076       0x2c ./Core/Src/InterruptHandlers.o
 .ARM.attributes
                0x00000000000000a2       0x2c ./Core/Src/can.o
 .ARM.attributes
                0x00000000000000ce       0x2c ./Core/Src/freertos.o
 .ARM.attributes
                0x00000000000000fa       0x2c ./Core/Src/gpio.o
 .ARM.attributes
                0x0000000000000126       0x2c ./Core/Src/iwdg.o
 .ARM.attributes
                0x0000000000000152       0x2c ./Core/Src/main.o
 .ARM.attributes
                0x000000000000017e       0x2c ./Core/Src/spi.o
 .ARM.attributes
                0x00000000000001aa       0x2c ./Core/Src/stm32f0xx_hal_msp.o
 .ARM.attributes
                0x00000000000001d6       0x2c ./Core/Src/stm32f0xx_it.o
 .ARM.attributes
                0x0000000000000202       0x2c ./Core/Src/system_stm32f0xx.o
 .ARM.attributes
                0x000000000000022e       0x2c ./Core/Src/usart.o
 .ARM.attributes
                0x000000000000025a       0x2c ./Core/Src/usb.o
 .ARM.attributes
                0x0000000000000286       0x21 ./Core/Startup/startup_stm32f072c8tx.o
 .ARM.attributes
                0x00000000000002a7       0x2c ./Drivers/STM32F0xx_HAL_Driver/Src/stm32f0xx_hal.o
 .ARM.attributes
                0x00000000000002d3       0x2c ./Drivers/STM32F0xx_HAL_Driver/Src/stm32f0xx_hal_can.o
 .ARM.attributes
                0x00000000000002ff       0x2c ./Drivers/STM32F0xx_HAL_Driver/Src/stm32f0xx_hal_cortex.o
 .ARM.attributes
                0x000000000000032b       0x2c ./Drivers/STM32F0xx_HAL_Driver/Src/stm32f0xx_hal_dma.o
 .ARM.attributes
                0x0000000000000357       0x2c ./Drivers/STM32F0xx_HAL_Driver/Src/stm32f0xx_hal_flash.o
 .ARM.attributes
                0x0000000000000383       0x2c ./Drivers/STM32F0xx_HAL_Driver/Src/stm32f0xx_hal_flash_ex.o
 .ARM.attributes
                0x00000000000003af       0x2c ./Drivers/STM32F0xx_HAL_Driver/Src/stm32f0xx_hal_gpio.o
 .ARM.attributes
                0x00000000000003db       0x2c ./Drivers/STM32F0xx_HAL_Driver/Src/stm32f0xx_hal_iwdg.o
 .ARM.attributes
                0x0000000000000407       0x2c ./Drivers/STM32F0xx_HAL_Driver/Src/stm32f0xx_hal_pcd.o
 .ARM.attributes
                0x0000000000000433       0x2c ./Drivers/STM32F0xx_HAL_Driver/Src/stm32f0xx_hal_pcd_ex.o
 .ARM.attributes
                0x000000000000045f       0x2c ./Drivers/STM32F0xx_HAL_Driver/Src/stm32f0xx_hal_rcc.o
 .ARM.attributes
                0x000000000000048b       0x2c ./Drivers/STM32F0xx_HAL_Driver/Src/stm32f0xx_hal_rcc_ex.o
 .ARM.attributes
                0x00000000000004b7       0x2c ./Drivers/STM32F0xx_HAL_Driver/Src/stm32f0xx_hal_spi.o
 .ARM.attributes
                0x00000000000004e3       0x2c ./Drivers/STM32F0xx_HAL_Driver/Src/stm32f0xx_hal_uart.o
 .ARM.attributes
                0x000000000000050f       0x2c ./Drivers/STM32F0xx_HAL_Driver/Src/stm32f0xx_hal_uart_ex.o
 .ARM.attributes
                0x000000000000053b       0x2c ./Drivers/STM32F0xx_HAL_Driver/Src/stm32f0xx_ll_usb.o
 .ARM.attributes
                0x0000000000000567       0x2c ./Middlewares/MODBUS-LIB/Src/Modbus.o
 .ARM.attributes
                0x0000000000000593       0x2c ./Middlewares/MODBUS-LIB/Src/UARTCallback.o
 .ARM.attributes
                0x00000000000005bf       0x2c ./Middlewares/Third_Party/FreeRTOS/Source/CMSIS_RTOS_V2/cmsis_os2.o
 .ARM.attributes
                0x00000000000005eb       0x2c ./Middlewares/Third_Party/FreeRTOS/Source/list.o
 .ARM.attributes
                0x0000000000000617       0x2c ./Middlewares/Third_Party/FreeRTOS/Source/queue.o
 .ARM.attributes
                0x0000000000000643       0x2c ./Middlewares/Third_Party/FreeRTOS/Source/tasks.o
 .ARM.attributes
                0x000000000000066f       0x2c ./Middlewares/Third_Party/FreeRTOS/Source/timers.o
 .ARM.attributes
                0x000000000000069b       0x2c ./Middlewares/Third_Party/FreeRTOS/Source/portable/GCC/ARM_CM0/port.o
 .ARM.attributes
                0x00000000000006c7       0x2c ./Middlewares/Third_Party/FreeRTOS/Source/portable/MemMang/heap_4.o
 .ARM.attributes