../Middlewares/MODBUS-LIB/Src/Modbus.c:124:6:RingAdd	16	static
../Middlewares/MODBUS-LIB/Src/Modbus.c:143:9:RingGetAllBytes	16	static
../Middlewares/MODBUS-LIB/Src/Modbus.c:149:9:RingGetNBytes	40	static
../Middlewares/MODBUS-LIB/Src/Modbus.c:167:9:RingCountBytes	16	static
../Middlewares/MODBUS-LIB/Src/Modbus.c:172:6:RingClear	16	static
../Middlewares/MODBUS-LIB/Src/Modbus.c:205:6:ModbusInit	24	static
../Middlewares/MODBUS-LIB/Src/Modbus.c:323:6:ModbusStart	16	static
../Middlewares/MODBUS-LIB/Src/Modbus.c:449:6:vTimerCallbackT35	32	static
../Middlewares/MODBUS-LIB/Src/Modbus.c:468:6:vTimerCallbackTimeout	24	static
../Middlewares/MODBUS-LIB/Src/Modbus.c:630:6:StartTaskModbusSlave	40	static
../Middlewares/MODBUS-LIB/Src/Modbus.c:775:6:ModbusQuery	24	static
../Middlewares/MODBUS-LIB/Src/Modbus.c:788:6:ModbusQueryInject	24	static
../Middlewares/MODBUS-LIB/Src/Modbus.c:836:8:SendQuery	32	static
../Middlewares/MODBUS-LIB/Src/Modbus.c:1046:6:StartTaskModbusMaster	64	static
../Middlewares/MODBUS-LIB/Src/Modbus.c:1194:6:get_FC1	32	static
../Middlewares/MODBUS-LIB/Src/Modbus.c:1219:6:get_FC3	40	static
../Middlewares/MODBUS-LIB/Src/Modbus.c:1240:9:validateAnswer	32	static
../Middlewares/MODBUS-LIB/Src/Modbus.c:1295:9:getRxBuffer	24	static
../Middlewares/MODBUS-LIB/Src/Modbus.c:1336:9:validateRequest	40	static
../Middlewares/MODBUS-LIB/Src/Modbus.c:1441:10:word	24	static
../Middlewares/MODBUS-LIB/Src/Modbus.c:1459:10:calcCRC	32	static
../Middlewares/MODBUS-LIB/Src/Modbus.c:1492:6:buildException	24	static
../Middlewares/MODBUS-LIB/Src/Modbus.c:1518:13:sendTxBuffer	40	static
../Middlewares/MODBUS-LIB/Src/Modbus.c:1678:8:process_FC1	40	static
../Middlewares/MODBUS-LIB/Src/Modbus.c:1736:8:process_FC2	40	static
../Middlewares/MODBUS-LIB/Src/Modbus.c:1795:8:process_FC3	32	static
../Middlewares/MODBUS-LIB/Src/Modbus.c:1831:8:process_FC4	32	static
../Middlewares/MODBUS-LIB/Src/Modbus.c:1866:8:process_FC5	32	static
../Middlewares/MODBUS-LIB/Src/Modbus.c:1902:8:process_FC6	40	static
../Middlewares/MODBUS-LIB/Src/Modbus.c:1939:8:process_FC15	40	static
../Middlewares/MODBUS-LIB/Src/Modbus.c:1998:8:process_FC16	48	static
../Middlewares/MODBUS-LIB/Src/Modbus.c:2044:6:SetLowVoltageCalibration	16	static
../Middlewares/MODBUS-LIB/Src/Modbus.c:2052:6:SetHighVoltageCalibration	16	static
../Middlewares/MODBUS-LIB/Src/Modbus.c:2060:6:SetLowCurrentCalibration	24	static
../Middlewares/MODBUS-LIB/Src/Modbus.c:2069:6:SetHighCurrentCalibration	16	static
../Middlewares/MODBUS-LIB/Src/Modbus.c:2077:6:StoreCalibrationData	8	static
../Middlewares/MODBUS-LIB/Src/Modbus.c:2084:6:LoadCalibrationData	16	static
../Middlewares/MODBUS-LIB/Src/Modbus.c:2098:16:GetCalibrationDataPtr	8	static
../Middlewares/MODBUS-LIB/Src/Modbus.c:2104:6:GetVoltageCalibration	32	static
../Middlewares/MODBUS-LIB/Src/Modbus.c:2114:6:GetCurrentCalibration	32	static
../Middlewares/MODBUS-LIB/Src/Modbus.c:2123:10:CalculateChecksum	40	static
